../Drivers/STM32F4xx_HAL_Driver/Src/DCM_program.c:24:6:DCM_voidInit	16	static
../Drivers/STM32F4xx_HAL_Driver/Src/DCM_program.c:36:4:DCM_u8DetectDirection_ENCA	16	static
../Drivers/STM32F4xx_HAL_Driver/Src/DCM_program.c:58:6:DCM_voidENCAISR	8	static
../Drivers/STM32F4xx_HAL_Driver/Src/DCM_program.c:65:4:DCM_u8DetectDirection_ENCB	16	static
../Drivers/STM32F4xx_HAL_Driver/Src/DCM_program.c:86:6:DCM_voidENCBISR	8	static
../Drivers/STM32F4xx_HAL_Driver/Src/DCM_program.c:93:6:DCM_voidRotateCW	16	static
../Drivers/STM32F4xx_HAL_Driver/Src/DCM_program.c:101:6:DCM_voidRotateCCW	16	static
../Drivers/STM32F4xx_HAL_Driver/Src/DCM_program.c:110:6:DCM_voidSTOP	16	static
