Archive member included to satisfy reference by file (symbol)

c:/st/stm32cubeide_1.10.1/stm32cubeide/plugins/com.st.stm32cube.ide.mcu.externaltools.gnu-tools-for-stm32.10.3-2021.10.win32_1.0.100.202210260954/tools/bin/../lib/gcc/arm-none-eabi/10.3.1/../../../../arm-none-eabi/lib/thumb/v7e-m+fp/hard\libc_nano.a(lib_a-errno.o)
                              ./Src/syscalls.o (__errno)
c:/st/stm32cubeide_1.10.1/stm32cubeide/plugins/com.st.stm32cube.ide.mcu.externaltools.gnu-tools-for-stm32.10.3-2021.10.win32_1.0.100.202210260954/tools/bin/../lib/gcc/arm-none-eabi/10.3.1/../../../../arm-none-eabi/lib/thumb/v7e-m+fp/hard\libc_nano.a(lib_a-exit.o)
                              c:/st/stm32cubeide_1.10.1/stm32cubeide/plugins/com.st.stm32cube.ide.mcu.externaltools.gnu-tools-for-stm32.10.3-2021.10.win32_1.0.100.202210260954/tools/bin/../lib/gcc/arm-none-eabi/10.3.1/../../../../arm-none-eabi/lib/thumb/v7e-m+fp/hard/crt0.o (exit)
c:/st/stm32cubeide_1.10.1/stm32cubeide/plugins/com.st.stm32cube.ide.mcu.externaltools.gnu-tools-for-stm32.10.3-2021.10.win32_1.0.100.202210260954/tools/bin/../lib/gcc/arm-none-eabi/10.3.1/../../../../arm-none-eabi/lib/thumb/v7e-m+fp/hard\libc_nano.a(lib_a-impure.o)
                              c:/st/stm32cubeide_1.10.1/stm32cubeide/plugins/com.st.stm32cube.ide.mcu.externaltools.gnu-tools-for-stm32.10.3-2021.10.win32_1.0.100.202210260954/tools/bin/../lib/gcc/arm-none-eabi/10.3.1/../../../../arm-none-eabi/lib/thumb/v7e-m+fp/hard\libc_nano.a(lib_a-exit.o) (_global_impure_ptr)
c:/st/stm32cubeide_1.10.1/stm32cubeide/plugins/com.st.stm32cube.ide.mcu.externaltools.gnu-tools-for-stm32.10.3-2021.10.win32_1.0.100.202210260954/tools/bin/../lib/gcc/arm-none-eabi/10.3.1/../../../../arm-none-eabi/lib/thumb/v7e-m+fp/hard\libc_nano.a(lib_a-init.o)
                              c:/st/stm32cubeide_1.10.1/stm32cubeide/plugins/com.st.stm32cube.ide.mcu.externaltools.gnu-tools-for-stm32.10.3-2021.10.win32_1.0.100.202210260954/tools/bin/../lib/gcc/arm-none-eabi/10.3.1/../../../../arm-none-eabi/lib/thumb/v7e-m+fp/hard/crt0.o (__libc_init_array)
c:/st/stm32cubeide_1.10.1/stm32cubeide/plugins/com.st.stm32cube.ide.mcu.externaltools.gnu-tools-for-stm32.10.3-2021.10.win32_1.0.100.202210260954/tools/bin/../lib/gcc/arm-none-eabi/10.3.1/../../../../arm-none-eabi/lib/thumb/v7e-m+fp/hard\libc_nano.a(lib_a-memset.o)
                              c:/st/stm32cubeide_1.10.1/stm32cubeide/plugins/com.st.stm32cube.ide.mcu.externaltools.gnu-tools-for-stm32.10.3-2021.10.win32_1.0.100.202210260954/tools/bin/../lib/gcc/arm-none-eabi/10.3.1/../../../../arm-none-eabi/lib/thumb/v7e-m+fp/hard/crt0.o (memset)
c:/st/stm32cubeide_1.10.1/stm32cubeide/plugins/com.st.stm32cube.ide.mcu.externaltools.gnu-tools-for-stm32.10.3-2021.10.win32_1.0.100.202210260954/tools/bin/../lib/gcc/arm-none-eabi/10.3.1/thumb/v7e-m+fp/hard\libgcc.a(_arm_muldf3.o)
                              ./Src/02-HAL/00-ENCODER/ENCODER_program.o (__aeabi_dmul)
c:/st/stm32cubeide_1.10.1/stm32cubeide/plugins/com.st.stm32cube.ide.mcu.externaltools.gnu-tools-for-stm32.10.3-2021.10.win32_1.0.100.202210260954/tools/bin/../lib/gcc/arm-none-eabi/10.3.1/thumb/v7e-m+fp/hard\libgcc.a(_arm_addsubdf3.o)
                              ./Src/01-MCAL/05-SYSTICK/STK_program.o (__aeabi_ui2d)
c:/st/stm32cubeide_1.10.1/stm32cubeide/plugins/com.st.stm32cube.ide.mcu.externaltools.gnu-tools-for-stm32.10.3-2021.10.win32_1.0.100.202210260954/tools/bin/../lib/gcc/arm-none-eabi/10.3.1/thumb/v7e-m+fp/hard\libgcc.a(_arm_muldivdf3.o)
                              ./Src/01-MCAL/05-SYSTICK/STK_program.o (__aeabi_ddiv)
c:/st/stm32cubeide_1.10.1/stm32cubeide/plugins/com.st.stm32cube.ide.mcu.externaltools.gnu-tools-for-stm32.10.3-2021.10.win32_1.0.100.202210260954/tools/bin/../lib/gcc/arm-none-eabi/10.3.1/thumb/v7e-m+fp/hard\libgcc.a(_arm_fixdfsi.o)
                              ./Src/02-HAL/00-ENCODER/ENCODER_program.o (__aeabi_d2iz)
c:/st/stm32cubeide_1.10.1/stm32cubeide/plugins/com.st.stm32cube.ide.mcu.externaltools.gnu-tools-for-stm32.10.3-2021.10.win32_1.0.100.202210260954/tools/bin/../lib/gcc/arm-none-eabi/10.3.1/thumb/v7e-m+fp/hard\libgcc.a(_arm_fixunsdfsi.o)
                              ./Src/01-MCAL/05-SYSTICK/STK_program.o (__aeabi_d2uiz)
c:/st/stm32cubeide_1.10.1/stm32cubeide/plugins/com.st.stm32cube.ide.mcu.externaltools.gnu-tools-for-stm32.10.3-2021.10.win32_1.0.100.202210260954/tools/bin/../lib/gcc/arm-none-eabi/10.3.1/thumb/v7e-m+fp/hard\libgcc.a(_arm_truncdfsf2.o)
                              ./Src/02-HAL/00-ENCODER/ENCODER_program.o (__aeabi_d2f)

Discarded input sections

 .text          0x0000000000000000        0x0 c:/st/stm32cubeide_1.10.1/stm32cubeide/plugins/com.st.stm32cube.ide.mcu.externaltools.gnu-tools-for-stm32.10.3-2021.10.win32_1.0.100.202210260954/tools/bin/../lib/gcc/arm-none-eabi/10.3.1/thumb/v7e-m+fp/hard/crti.o
[...]
Memory Configuration

Name             Origin             Length             Attributes
RAM              0x0000000020000000 0x0000000000010000 xrw
FLASH            0x0000000008000000 0x0000000000040000 xr
*default*        0x0000000000000000 0xffffffffffffffff

Linker script and memory map

LOAD c:/st/stm32cubeide_1.10.1/stm32cubeide/plugins/com.st.stm32cube.ide.mcu.externaltools.gnu-tools-for-stm32.10.3-2021.10.win32_1.0.100.202210260954/tools/bin/../lib/gcc/arm-none-eabi/10.3.1/thumb/v7e-m+fp/hard/crti.o
LOAD c:/st/stm32cubeide_1.10.1/stm32cubeide/plugins/com.st.stm32cube.ide.mcu.externaltools.gnu-tools-for-stm32.10.3-2021.10.win32_1.0.100.202210260954/tools/bin/../lib/gcc/arm-none-eabi/10.3.1/thumb/v7e-m+fp/hard/crtbegin.o
LOAD c:/st/stm32cubeide_1.10.1/stm32cubeide/plugins/com.st.stm32cube.ide.mcu.externaltools.gnu-tools-for-stm32.10.3-2021.10.win32_1.0.100.202210260954/tools/bin/../lib/gcc/arm-none-eabi/10.3.1/../../../../arm-none-eabi/lib/thumb/v7e-m+fp/hard/crt0.o
LOAD ./Src/00-LIB/Software_Delay.o
LOAD ./Src/01-MCAL/00-RCC/RCC_program.o
LOAD ./Src/01-MCAL/01-PORT/PORT_program.o
LOAD ./Src/01-MCAL/02-GPIO/GPIO_program.o
LOAD ./Src/01-MCAL/03-EXTI/EXTI_program.o
LOAD ./Src/01-MCAL/04-NVIC/NVIC_program.o
LOAD ./Src/01-MCAL/05-SYSTICK/STK_program.o
LOAD ./Src/01-MCAL/06-USART/USART_program.o
LOAD ./Src/01-MCAL/07-PWM/PWM_program.o
LOAD ./Src/01-MCAL/09-SPI/SPI_program.o
LOAD ./Src/02-HAL/00-ENCODER/ENCODER_program.o
LOAD ./Src/02-HAL/00-ENCODER/LED_program.o
LOAD ./Src/02-HAL/03-MCP/MCP2515_Program.o
LOAD ./Src/main.o
LOAD ./Src/syscalls.o
LOAD ./Src/sysmem.o
LOAD ./Startup/startup_stm32f401ccux.o
START GROUP
LOAD c:/st/stm32cubeide_1.10.1/stm32cubeide/plugins/com.st.stm32cube.ide.mcu.externaltools.gnu-tools-for-stm32.10.3-2021.10.win32_1.0.100.202210260954/tools/bin/../lib/gcc/arm-none-eabi/10.3.1/../../../../arm-none-eabi/lib/thumb/v7e-m+fp/hard\libc_nano.a
LOAD c:/st/stm32cubeide_1.10.1/stm32cubeide/plugins/com.st.stm32cube.ide.mcu.externaltools.gnu-tools-for-stm32.10.3-2021.10.win32_1.0.100.202210260954/tools/bin/../lib/gcc/arm-none-eabi/10.3.1/../../../../arm-none-eabi/lib/thumb/v7e-m+fp/hard\libm.a
END GROUP
START GROUP
LOAD c:/st/stm32cubeide_1.10.1/stm32cubeide/plugins/com.st.stm32cube.ide.mcu.externaltools.gnu-tools-for-stm32.10.3-2021.10.win32_1.0.100.202210260954/tools/bin/../lib/gcc/arm-none-eabi/10.3.1/thumb/v7e-m+fp/hard\libgcc.a
LOAD c:/st/stm32cubeide_1.10.1/stm32cubeide/plugins/com.st.stm32cube.ide.mcu.externaltools.gnu-tools-for-stm32.10.3-2021.10.win32_1.0.100.202210260954/tools/bin/../lib/gcc/arm-none-eabi/10.3.1/../../../../arm-none-eabi/lib/thumb/v7e-m+fp/hard\libc_nano.a
END GROUP
START GROUP
LOAD c:/st/stm32cubeide_1.10.1/stm32cubeide/plugins/com.st.stm32cube.ide.mcu.externaltools.gnu-tools-for-stm32.10.3-2021.10.win32_1.0.100.202210260954/tools/bin/../lib/gcc/arm-none-eabi/10.3.1/thumb/v7e-m+fp/hard\libgcc.a
LOAD c:/st/stm32cubeide_1.10.1/stm32cubeide/plugins/com.st.stm32cube.ide.mcu.externaltools.gnu-tools-for-stm32.10.3-2021.10.win32_1.0.100.202210260954/tools/bin/../lib/gcc/arm-none-eabi/10.3.1/../../../../arm-none-eabi/lib/thumb/v7e-m+fp/hard\libc_nano.a
LOAD c:/st/stm32cubeide_1.10.1/stm32cubeide/plugins/com.st.stm32cube.ide.mcu.externaltools.gnu-tools-for-stm32.10.3-2021.10.win32_1.0.100.202210260954/tools/bin/../lib/gcc/arm-none-eabi/10.3.1/../../../../arm-none-eabi/lib/thumb/v7e-m+fp/hard\libnosys.a
END GROUP
START GROUP
LOAD c:/st/stm32cubeide_1.10.1/stm32cubeide/plugins/com.st.stm32cube.ide.mcu.externaltools.gnu-tools-for-stm32.10.3-2021.10.win32_1.0.100.202210260954/tools/bin/../lib/gcc/arm-none-eabi/10.3.1/thumb/v7e-m+fp/hard\libgcc.a
LOAD c:/st/stm32cubeide_1.10.1/stm32cubeide/plugins/com.st.stm32cube.ide.mcu.externaltools.gnu-tools-for-stm32.10.3-2021.10.win32_1.0.100.202210260954/tools/bin/../lib/gcc/arm-none-eabi/10.3.1/../../../../arm-none-eabi/lib/thumb/v7e-m+fp/hard\libc_nano.a
LOAD c:/st/stm32cubeide_1.10.1/stm32cubeide/plugins/com.st.stm32cube.ide.mcu.externaltools.gnu-tools-for-stm32.10.3-2021.10.win32_1.0.100.202210260954/tools/bin/../lib/gcc/arm-none-eabi/10.3.1/../../../../arm-none-eabi/lib/thumb/v7e-m+fp/hard\libnosys.a
END GROUP
LOAD c:/st/stm32cubeide_1.10.1/stm32cubeide/plugins/com.st.stm32cube.ide.mcu.externaltools.gnu-tools-for-stm32.10.3-2021.10.win32_1.0.100.202210260954/tools/bin/../lib/gcc/arm-none-eabi/10.3.1/thumb/v7e-m+fp/hard/crtend.o
LOAD c:/st/stm32cubeide_1.10.1/stm32cubeide/plugins/com.st.stm32cube.ide.mcu.externaltools.gnu-tools-for-stm32.10.3-2021.10.win32_1.0.100.202210260954/tools/bin/../lib/gcc/arm-none-eabi/10.3.1/thumb/v7e-m+fp/hard/crtn.o
                0x0000000020010000                _estack = (ORIGIN (RAM) + LENGTH (RAM))
                0x0000000000000200                _Min_Heap_Size = 0x200
                0x0000000000000400                _Min_Stack_Size = 0x400

.isr_vector     0x0000000008000000      0x194
                0x0000000008000000                . = ALIGN (0x4)
 *(.isr_vector)
 .isr_vector    0x0000000008000000      0x194 ./Startup/startup_stm32f401ccux.o
                0x0000000008000000                g_pfnVectors
                0x0000000008000194                . = ALIGN (0x4)

.text           0x0000000008000194      0xdc8
                0x0000000008000194                . = ALIGN (0x4)
 *(.text)
 .text          0x0000000008000194       0x40 c:/st/stm32cubeide_1.10.1/stm32cubeide/plugins/com.st.stm32cube.ide.mcu.externaltools.gnu-tools-for-stm32.10.3-2021.10.win32_1.0.100.202210260954/tools/bin/../lib/gcc/arm-none-eabi/10.3.1/thumb/v7e-m+fp/hard/crtbegin.o
 *(.text*)
 .text.RCC_voidSystemClockInit
                0x00000000080001d4       0x9c ./Src/01-MCAL/00-RCC/RCC_program.o
                0x00000000080001d4                RCC_voidSystemClockInit
 .text.RCC_voidPeripheralClockEnable
                0x0000000008000270       0xac ./Src/01-MCAL/00-RCC/RCC_program.o
                0x0000000008000270                RCC_voidPeripheralClockEnable
 .text.PORT_voidInit
                0x000000000800031c      0x110 ./Src/01-MCAL/01-PORT/PORT_program.o
                0x000000000800031c                PORT_voidInit
 .text.GPIO_GetPinValue
                0x000000000800042c       0xa8 ./Src/01-MCAL/02-GPIO/GPIO_program.o
                0x000000000800042c                GPIO_GetPinValue
 .text.EXTI0_IRQHandler
                0x00000000080004d4       0x24 ./Src/01-MCAL/03-EXTI/EXTI_program.o
                0x00000000080004d4                EXTI0_IRQHandler
 .text.EXTI1_IRQHandler
                0x00000000080004f8       0x24 ./Src/01-MCAL/03-EXTI/EXTI_program.o
                0x00000000080004f8                EXTI1_IRQHandler
 .text.EXTI2_IRQHandler
                0x000000000800051c       0x24 ./Src/01-MCAL/03-EXTI/EXTI_program.o
                0x000000000800051c                EXTI2_IRQHandler
 .text.EXTI3_IRQHandler
                0x0000000008000540       0x24 ./Src/01-MCAL/03-EXTI/EXTI_program.o
                0x0000000008000540                EXTI3_IRQHandler
 .text.EXTI4_IRQHandler
                0x0000000008000564       0x24 ./Src/01-MCAL/03-EXTI/EXTI_program.o
                0x0000000008000564                EXTI4_IRQHandler
 .text.SysTick_Handler
                0x0000000008000588       0x5c ./Src/01-MCAL/05-SYSTICK/STK_program.o
                0x0000000008000588                SysTick_Handler
 .text.USART_voidInit
                0x00000000080005e4       0xc0 ./Src/01-MCAL/06-USART/USART_program.o
                0x00000000080005e4                USART_voidInit
 .text.USART_voidSendByte
                0x00000000080006a4       0x46 ./Src/01-MCAL/06-USART/USART_program.o
                0x00000000080006a4                USART_voidSendByte
 *fill*         0x00000000080006ea        0x2 
 .text.USART1_IRQHandler
                0x00000000080006ec       0x1c ./Src/01-MCAL/06-USART/USART_program.o
                0x00000000080006ec                USART1_IRQHandler
 .text.USART2_IRQHandler
                0x0000000008000708       0x1c ./Src/01-MCAL/06-USART/USART_program.o
                0x0000000008000708                USART2_IRQHandler
 .text.USART6_IRQHandler
                0x0000000008000724       0x1c ./Src/01-MCAL/06-USART/USART_program.o
                0x0000000008000724                USART6_IRQHandler
 .text.SPI_Init
                0x0000000008000740      0x1b0 ./Src/01-MCAL/09-SPI/SPI_program.o
                0x0000000008000740                SPI_Init
 .text.SPI_SynchTransceiveByte
                0x00000000080008f0       0x70 ./Src/01-MCAL/09-SPI/SPI_program.o
                0x00000000080008f0                SPI_SynchTransceiveByte
 .text.SPI_State
                0x0000000008000960       0x78 ./Src/01-MCAL/09-SPI/SPI_program.o
                0x0000000008000960                SPI_State
 .text.MCP2515_VidWriteRegister
                0x00000000080009d8       0x52 ./Src/02-HAL/03-MCP/MCP2515_Program.o
                0x00000000080009d8                MCP2515_VidWriteRegister
 .text.MCP2515_VidSetBitTiming
                0x0000000008000a2a       0x38 ./Src/02-HAL/03-MCP/MCP2515_Program.o
                0x0000000008000a2a                MCP2515_VidSetBitTiming
 .text.MCP2515_VidReset
                0x0000000008000a62       0x2a ./Src/02-HAL/03-MCP/MCP2515_Program.o
                0x0000000008000a62                MCP2515_VidReset
 .text.MCP2515_VidChangeBits
                0x0000000008000a8c       0x62 ./Src/02-HAL/03-MCP/MCP2515_Program.o
                0x0000000008000a8c                MCP2515_VidChangeBits
 .text.MCP2515_VidSetMode
                0x0000000008000aee       0x22 ./Src/02-HAL/03-MCP/MCP2515_Program.o
                0x0000000008000aee                MCP2515_VidSetMode
 .text.MCP2515_VidSetRollover
                0x0000000008000b10       0x22 ./Src/02-HAL/03-MCP/MCP2515_Program.o
                0x0000000008000b10                MCP2515_VidSetRollover
 .text.MCP2515_VidSetMask
                0x0000000008000b32       0xcc ./Src/02-HAL/03-MCP/MCP2515_Program.o
                0x0000000008000b32                MCP2515_VidSetMask
 .text.MCP2515_VidSetFilter
                0x0000000008000bfe       0xcc ./Src/02-HAL/03-MCP/MCP2515_Program.o
                0x0000000008000bfe                MCP2515_VidSetFilter
 .text.MCP2515_VidReceiveInit
                0x0000000008000cca       0x88 ./Src/02-HAL/03-MCP/MCP2515_Program.o
                0x0000000008000cca                MCP2515_VidReceiveInit
 *fill*         0x0000000008000d52        0x2 
 .text.MCP2515_VidReceiveCANmsg
                0x0000000008000d54       0x64 ./Src/02-HAL/03-MCP/MCP2515_Program.o
                0x0000000008000d54                MCP2515_VidReceiveCANmsg
 .text.main     0x0000000008000db8       0x6c ./Src/main.o
                0x0000000008000db8                main
 .text.RCC_Init
                0x0000000008000e24       0x4c ./Src/main.o
                0x0000000008000e24                RCC_Init
 .text.USART_Init
                0x0000000008000e70       0x38 ./Src/main.o
                0x0000000008000e70                USART_Init
 .text.Reset_Handler
                0x0000000008000ea8       0x50 ./Startup/startup_stm32f401ccux.o
                0x0000000008000ea8                Reset_Handler
 .text.Default_Handler
                0x0000000008000ef8        0x2 ./Startup/startup_stm32f401ccux.o
                0x0000000008000ef8                DebugMon_Handler
                0x0000000008000ef8                SPI4_IRQHandler
                0x0000000008000ef8                TIM1_CC_IRQHandler
                0x0000000008000ef8                DMA2_Stream5_IRQHandler
                0x0000000008000ef8                HardFault_Handler
                0x0000000008000ef8                DMA1_Stream5_IRQHandler
                0x0000000008000ef8                SDIO_IRQHandler
                0x0000000008000ef8                TAMP_STAMP_IRQHandler
                0x0000000008000ef8                PendSV_Handler
                0x0000000008000ef8                NMI_Handler
                0x0000000008000ef8                TIM1_UP_TIM10_IRQHandler
                0x0000000008000ef8                I2C3_ER_IRQHandler
                0x0000000008000ef8                EXTI18_OTG_FS_WKUP_IRQHandler
                0x0000000008000ef8                I2C2_EV_IRQHandler
                0x0000000008000ef8                DMA1_Stream2_IRQHandler
                0x0000000008000ef8                UsageFault_Handler
                0x0000000008000ef8                DMA2_Stream2_IRQHandler
                0x0000000008000ef8                SPI1_IRQHandler
                0x0000000008000ef8                TIM1_BRK_TIM9_IRQHandler
                0x0000000008000ef8                DMA2_Stream3_IRQHandler
                0x0000000008000ef8                DMA2_Stream0_IRQHandler
                0x0000000008000ef8                TIM4_IRQHandler
                0x0000000008000ef8                I2C1_EV_IRQHandler
                0x0000000008000ef8                DMA1_Stream6_IRQHandler
                0x0000000008000ef8                DMA1_Stream1_IRQHandler
                0x0000000008000ef8                TIM3_IRQHandler
                0x0000000008000ef8                RCC_IRQHandler
                0x0000000008000ef8                Default_Handler
                0x0000000008000ef8                EXTI15_10_IRQHandler
                0x0000000008000ef8                ADC_IRQHandler
                0x0000000008000ef8                DMA1_Stream7_IRQHandler
                0x0000000008000ef8                TIM5_IRQHandler
                0x0000000008000ef8                DMA2_Stream7_IRQHandler
                0x0000000008000ef8                I2C3_EV_IRQHandler
                0x0000000008000ef8                EXTI9_5_IRQHandler
                0x0000000008000ef8                SPI2_IRQHandler
                0x0000000008000ef8                MemManage_Handler
                0x0000000008000ef8                DMA1_Stream0_IRQHandler
                0x0000000008000ef8                SVC_Handler
                0x0000000008000ef8                EXTI22_RTC_WKUP_IRQHandler
                0x0000000008000ef8                TIM2_IRQHandler
                0x0000000008000ef8                EXTI16_PVD_IRQHandler
                0x0000000008000ef8                TIM1_TRG_COM_TIM11_IRQHandler
                0x0000000008000ef8                EXTI17_RTC_Alarm_IRQHandler
                0x0000000008000ef8                I2C2_ER_IRQHandler
                0x0000000008000ef8                DMA2_Stream1_IRQHandler
                0x0000000008000ef8                FLASH_IRQHandler
                0x0000000008000ef8                DMA2_Stream4_IRQHandler
                0x0000000008000ef8                BusFault_Handler
                0x0000000008000ef8                OTG_FS_IRQHandler
                0x0000000008000ef8                SPI3_IRQHandler
                0x0000000008000ef8                DMA1_Stream4_IRQHandler
                0x0000000008000ef8                I2C1_ER_IRQHandler
                0x0000000008000ef8                DMA2_Stream6_IRQHandler
                0x0000000008000ef8                DMA1_Stream3_IRQHandler
 *fill*         0x0000000008000efa        0x2 
 .text.__libc_init_array
                0x0000000008000efc       0x48 c:/st/stm32cubeide_1.10.1/stm32cubeide/plugins/com.st.stm32cube.ide.mcu.externaltools.gnu-tools-for-stm32.10.3-2021.10.win32_1.0.100.202210260954/tools/bin/../lib/gcc/arm-none-eabi/10.3.1/../../../../arm-none-eabi/lib/thumb/v7e-m+fp/hard\libc_nano.a(lib_a-init.o)
                0x0000000008000efc                __libc_init_array
 *(.glue_7)
 .glue_7        0x0000000008000f44        0x0 linker stubs
 *(.glue_7t)
 .glue_7t       0x0000000008000f44        0x0 linker stubs
 *(.eh_frame)
 .eh_frame      0x0000000008000f44        0x0 c:/st/stm32cubeide_1.10.1/stm32cubeide/plugins/com.st.stm32cube.ide.mcu.externaltools.gnu-tools-for-stm32.10.3-2021.10.win32_1.0.100.202210260954/tools/bin/../lib/gcc/arm-none-eabi/10.3.1/thumb/v7e-m+fp/hard/crtbegin.o
 *(.init)
 .init          0x0000000008000f44        0x4 c:/st/stm32cubeide_1.10.1/stm32cubeide/plugins/com.st.stm32cube.ide.mcu.externaltools.gnu-tools-for-stm32.10.3-2021.10.win32_1.0.100.202210260954/tools/bin/../lib/gcc/arm-none-eabi/10.3.1/thumb/v7e-m+fp/hard/crti.o
                0x0000000008000f44                _init
 .init          0x0000000008000f48        0x8 c:/st/stm32cubeide_1.10.1/stm32cubeide/plugins/com.st.stm32cube.ide.mcu.externaltools.gnu-tools-for-stm32.10.3-2021.10.win32_1.0.100.202210260954/tools/bin/../lib/gcc/arm-none-eabi/10.3.1/thumb/v7e-m+fp/hard/crtn.o
 *(.fini)
 .fini          0x0000000008000f50        0x4 c:/st/stm32cubeide_1.10.1/stm32cubeide/plugins/com.st.stm32cube.ide.mcu.externaltools.gnu-tools-for-stm32.10.3-2021.10.win32_1.0.100.202210260954/tools/bin/../lib/gcc/arm-none-eabi/10.3.1/thumb/v7e-m+fp/hard/crti.o
                0x0000000008000f50                _fini
 .fini          0x0000000008000f54        0x8 c:/st/stm32cubeide_1.10.1/stm32cubeide/plugins/com.st.stm32cube.ide.mcu.externaltools.gnu-tools-for-stm32.10.3-2021.10.win32_1.0.100.202210260954/tools/bin/../lib/gcc/arm-none-eabi/10.3.1/thumb/v7e-m+fp/hard/crtn.o
                0x0000000008000f5c                . = ALIGN (0x4)
                0x0000000008000f5c                _etext = .

.vfp11_veneer   0x0000000008000f5c        0x0
 .vfp11_veneer  0x0000000008000f5c        0x0 linker stubs

.v4_bx          0x0000000008000f5c        0x0
 .v4_bx         0x0000000008000f5c        0x0 linker stubs

.iplt           0x0000000008000f5c        0x0
 .iplt          0x0000000008000f5c        0x0 c:/st/stm32cubeide_1.10.1/stm32cubeide/plugins/com.st.stm32cube.ide.mcu.externaltools.gnu-tools-for-stm32.10.3-2021.10.win32_1.0.100.202210260954/tools/bin/../lib/gcc/arm-none-eabi/10.3.1/thumb/v7e-m+fp/hard/crtbegin.o

.rodata         0x0000000008000f5c       0x14
                0x0000000008000f5c                . = ALIGN (0x4)
 *(.rodata)
 .rodata        0x0000000008000f5c        0xc ./Src/main.o
 *(.rodata*)
 .rodata.SPI    0x0000000008000f68        0x8 ./Src/01-MCAL/09-SPI/SPI_program.o
                0x0000000008000f70                . = ALIGN (0x4)

.rel.dyn        0x0000000008000f70        0x0
 .rel.iplt      0x0000000008000f70        0x0 c:/st/stm32cubeide_1.10.1/stm32cubeide/plugins/com.st.stm32cube.ide.mcu.externaltools.gnu-tools-for-stm32.10.3-2021.10.win32_1.0.100.202210260954/tools/bin/../lib/gcc/arm-none-eabi/10.3.1/thumb/v7e-m+fp/hard/crtbegin.o

.ARM.extab      0x0000000008000f70        0x0
                0x0000000008000f70                . = ALIGN (0x4)
 *(.ARM.extab* .gnu.linkonce.armextab.*)
                0x0000000008000f70                . = ALIGN (0x4)

.ARM            0x0000000008000f70        0x0
                0x0000000008000f70                . = ALIGN (0x4)
                0x0000000008000f70                __exidx_start = .
 *(.ARM.exidx*)
                0x0000000008000f70                __exidx_end = .
                0x0000000008000f70                . = ALIGN (0x4)

.preinit_array  0x0000000008000f70        0x0
                0x0000000008000f70                . = ALIGN (0x4)
                0x0000000008000f70                PROVIDE (__preinit_array_start = .)
 *(.preinit_array*)
                0x0000000008000f70                PROVIDE (__preinit_array_end = .)
                0x0000000008000f70                . = ALIGN (0x4)

.init_array     0x0000000008000f70        0x4
                0x0000000008000f70                . = ALIGN (0x4)
                0x0000000008000f70                PROVIDE (__init_array_start = .)
 *(SORT_BY_NAME(.init_array.*))
 *(.init_array*)
 .init_array    0x0000000008000f70        0x4 c:/st/stm32cubeide_1.10.1/stm32cubeide/plugins/com.st.stm32cube.ide.mcu.externaltools.gnu-tools-for-stm32.10.3-2021.10.win32_1.0.100.202210260954/tools/bin/../lib/gcc/arm-none-eabi/10.3.1/thumb/v7e-m+fp/hard/crtbegin.o
                0x0000000008000f74                PROVIDE (__init_array_end = .)
                0x0000000008000f74                . = ALIGN (0x4)

.fini_array     0x0000000008000f74        0x4
                0x0000000008000f74                . = ALIGN (0x4)
                [!provide]                        PROVIDE (__fini_array_start = .)
 *(SORT_BY_NAME(.fini_array.*))
 *(.fini_array*)
 .fini_array    0x0000000008000f74        0x4 c:/st/stm32cubeide_1.10.1/stm32cubeide/plugins/com.st.stm32cube.ide.mcu.externaltools.gnu-tools-for-stm32.10.3-2021.10.win32_1.0.100.202210260954/tools/bin/../lib/gcc/arm-none-eabi/10.3.1/thumb/v7e-m+fp/hard/crtbegin.o
                [!provide]                        PROVIDE (__fini_array_end = .)
                0x0000000008000f78                . = ALIGN (0x4)
                0x0000000008000f78                _sidata = LOADADDR (.data)

.data           0x0000000020000000        0x0 load address 0x0000000008000f78
                0x0000000020000000                . = ALIGN (0x4)
                0x0000000020000000                _sdata = .
 *(.data)
 *(.data*)
 *(.RamFunc)
 *(.RamFunc*)
                0x0000000020000000                . = ALIGN (0x4)
                0x0000000020000000                _edata = .

.igot.plt       0x0000000020000000        0x0 load address 0x0000000008000f78
 .igot.plt      0x0000000020000000        0x0 c:/st/stm32cubeide_1.10.1/stm32cubeide/plugins/com.st.stm32cube.ide.mcu.externaltools.gnu-tools-for-stm32.10.3-2021.10.win32_1.0.100.202210260954/tools/bin/../lib/gcc/arm-none-eabi/10.3.1/thumb/v7e-m+fp/hard/crtbegin.o
                0x0000000020000000                . = ALIGN (0x4)

.bss            0x0000000020000000       0x80 load address 0x0000000008000f78
                0x0000000020000000                _sbss = .
                0x0000000020000000                __bss_start__ = _sbss
 *(.bss)
 .bss           0x0000000020000000       0x1c c:/st/stm32cubeide_1.10.1/stm32cubeide/plugins/com.st.stm32cube.ide.mcu.externaltools.gnu-tools-for-stm32.10.3-2021.10.win32_1.0.100.202210260954/tools/bin/../lib/gcc/arm-none-eabi/10.3.1/thumb/v7e-m+fp/hard/crtbegin.o
 *(.bss*)
 .bss.EXTI_CallBack
                0x000000002000001c       0x40 ./Src/01-MCAL/03-EXTI/EXTI_program.o
 .bss.STK_CallBack
                0x000000002000005c        0x4 ./Src/01-MCAL/05-SYSTICK/STK_program.o
 .bss.STK_u8ModeOFInterval
                0x0000000020000060        0x1 ./Src/01-MCAL/05-SYSTICK/STK_program.o
 *fill*         0x0000000020000061        0x3 
 .bss.USART1_CallBack
                0x0000000020000064        0x4 ./Src/01-MCAL/06-USART/USART_program.o
                0x0000000020000064                USART1_CallBack
 .bss.USART2_CallBack
                0x0000000020000068        0x4 ./Src/01-MCAL/06-USART/USART_program.o
                0x0000000020000068                USART2_CallBack
 .bss.USART6_CallBack
                0x000000002000006c        0x4 ./Src/01-MCAL/06-USART/USART_program.o
                0x000000002000006c                USART6_CallBack
 .bss.readBuffer
                0x0000000020000070        0xe ./Src/02-HAL/03-MCP/MCP2515_Program.o
                0x0000000020000070                readBuffer
 *(COMMON)
                0x0000000020000080                . = ALIGN (0x4)
 *fill*         0x000000002000007e        0x2 
                0x0000000020000080                _ebss = .
                0x0000000020000080                __bss_end__ = _ebss

._user_heap_stack
                0x0000000020000080      0x600 load address 0x0000000008000f78
                0x0000000020000080                . = ALIGN (0x8)
                [!provide]                        PROVIDE (end = .)
                0x0000000020000080                PROVIDE (_end = .)
                0x0000000020000280                . = (. + _Min_Heap_Size)
 *fill*         0x0000000020000080      0x200 
                0x0000000020000680                . = (. + _Min_Stack_Size)
 *fill*         0x0000000020000280      0x400 
                0x0000000020000680                . = ALIGN (0x8)

/DISCARD/
 libc.a(*)
 libm.a(*)
 libgcc.a(*)

.ARM.attributes
                0x0000000000000000       0x30
 *(.ARM.attributes)
 .ARM.attributes
                0x0000000000000000       0x1e c:/st/stm32cubeide_1.10.1/stm32cubeide/plugins/com.st.stm32cube.ide.mcu.externaltools.gnu-tools-for-stm32.10.3-2021.10.win32_1.0.100.202210260954/tools/bin/../lib/gcc/arm-none-eabi/10.3.1/thumb/v7e-m+fp/hard/crti.o
 .ARM.attributes
                0x000000000000001e       0x34 c:/st/stm32cubeide_1.10.1/stm32cubeide/plugins/com.st.stm32cube.ide.mcu.externaltools.gnu-tools-for-stm32.10.3-2021.10.win32_1.0.100.202210260954/tools/bin/../lib/gcc/arm-none-eabi/10.3.1/thumb/v7e-m+fp/hard/crtbegin.o
 .ARM.attributes
                0x0000000000000052       0x34 ./Src/01-MCAL/00-RCC/RCC_program.o
 .ARM.attributes
                0x0000000000000086       0x34 ./Src/01-MCAL/01-PORT/PORT_program.o
 .ARM.attributes
                0x00000000000000ba       0x34 ./Src/01-MCAL/02-GPIO/GPIO_program.o
 .ARM.attributes
                0x00000000000000ee       0x34 ./Src/01-MCAL/03-EXTI/EXTI_program.o
 .ARM.attributes
                0x0000000000000122       0x34 ./Src/01-MCAL/05-SYSTICK/STK_program.o
 .ARM.attributes
                0x0000000000000156       0x34 ./Src/01-MCAL/06-USART/USART_program.o
 .ARM.attributes
                0x000000000000018a       0x34 ./Src/01-MCAL/09-SPI/SPI_program.o
 .ARM.attributes
                0x00000000000001be       0x34 ./Src/02-HAL/03-MCP/MCP2515_Program.o
 .ARM.attributes
                0x00000000000001f2       0x34 ./Src/main.o
 .ARM.attributes
                0x0000000000000226       0x21 ./Startup/startup_stm32f401ccux.o
 .ARM.attributes
                0x0000000000000247       0x34 c:/st/stm32cubeide_1.10.1/stm32cubeide/plugins/com.st.stm32cube.ide.mcu.externaltools.gnu-tools-for-stm32.10.3-2021.10.win32_1.0.100.202210260954/tools/bin/../lib/gcc/arm-none-eabi/10.3.1/../../../../arm-none-eabi/lib/thumb/v7e-m+fp/hard\libc_nano.a(lib_a-init.o)
 .ARM.attributes
                0x000000000000027b       0x1e c:/st/stm32cubeide_1.10.1/stm32cubeide/plugins/com.st.stm32cube.ide.mcu.externaltools.gnu-tools-for-stm32.10.3-2021.10.win32_1.0.100.202210260954/tools/bin/../lib/gcc/arm-none-eabi/10.3.1/thumb/v7e-m+fp/hard/crtn.o
OUTPUT(ENCODER.elf elf32-littlearm)
LOAD linker stubs
LOAD c:/st/stm32cubeide_1.10.1/stm32cubeide/plugins/com.st.stm32cube.ide.mcu.externaltools.gnu-tools-for-stm32.10.3-2021.10.win32_1.0.100.202210260954/tools/bin/../lib/gcc/arm-none-eabi/10.3.1/../../../../arm-none-eabi/lib/thumb/v7e-m+fp/hard\libc.a
LOAD c:/st/stm32cubeide_1.10.1/stm32cubeide/plugins/com.st.stm32cube.ide.mcu.externaltools.gnu-tools-for-stm32.10.3-2021.10.win32_1.0.100.202210260954/tools/bin/../lib/gcc/arm-none-eabi/10.3.1/../../../../arm-none-eabi/lib/thumb/v7e-m+fp/hard\libm.a
LOAD c:/st/stm32cubeide_1.10.1/stm32cubeide/plugins/com.st.stm32cube.ide.mcu.externaltools.gnu-tools-for-stm32.10.3-2021.10.win32_1.0.100.202210260954/tools/bin/../lib/gcc/arm-none-eabi/10.3.1/thumb/v7e-m+fp/hard\libgcc.a

.debug_info     0x0000000000000000     0x26c5
 .debug_info    0x0000000000000000      0x309 ./Src/01-MCAL/00-RCC/RCC_program.o
 .debug_info    0x0000000000000309       0x8e ./Src/01-MCAL/01-PORT/PORT_program.o
 .debug_info    0x0000000000000397      0x388 ./Src/01-MCAL/02-GPIO/GPIO_program.o
 .debug_info    0x000000000000071f      0x361 ./Src/01-MCAL/03-EXTI/EXTI_program.o
 .debug_info    0x0000000000000a80      0x28b ./Src/01-MCAL/05-SYSTICK/STK_program.o
 .debug_info    0x0000000000000d0b      0x541 ./Src/01-MCAL/06-USART/USART_program.o
 .debug_info    0x000000000000124c      0x5a4 ./Src/01-MCAL/09-SPI/SPI_program.o
 .debug_info    0x00000000000017f0      0x62f ./Src/02-HAL/03-MCP/MCP2515_Program.o
 .debug_info    0x0000000000001e1f      0x884 ./Src/main.o
 .debug_info    0x00000000000026a3       0x22 ./Startup/startup_stm32f401ccux.o

.debug_abbrev   0x0000000000000000      0xa97
 .debug_abbrev  0x0000000000000000       0xe7 ./Src/01-MCAL/00-RCC/RCC_program.o
 .debug_abbrev  0x00000000000000e7       0x4b ./Src/01-MCAL/01-PORT/PORT_program.o
 .debug_abbrev  0x0000000000000132      0x115 ./Src/01-MCAL/02-GPIO/GPIO_program.o
 .debug_abbrev  0x0000000000000247      0x128 ./Src/01-MCAL/03-EXTI/EXTI_program.o
 .debug_abbrev  0x000000000000036f      0x152 ./Src/01-MCAL/05-SYSTICK/STK_program.o
 .debug_abbrev  0x00000000000004c1      0x15a ./Src/01-MCAL/06-USART/USART_program.o
 .debug_abbrev  0x000000000000061b      0x107 ./Src/01-MCAL/09-SPI/SPI_program.o
 .debug_abbrev  0x0000000000000722      0x178 ./Src/02-HAL/03-MCP/MCP2515_Program.o
 .debug_abbrev  0x000000000000089a      0x1eb ./Src/main.o
 .debug_abbrev  0x0000000000000a85       0x12 ./Startup/startup_stm32f401ccux.o

.debug_aranges  0x0000000000000000      0x338
 .debug_aranges
                0x0000000000000000       0x30 ./Src/01-MCAL/00-RCC/RCC_program.o
 .debug_aranges
                0x0000000000000030       0x20 ./Src/01-MCAL/01-PORT/PORT_program.o
 .debug_aranges
                0x0000000000000050       0x48 ./Src/01-MCAL/02-GPIO/GPIO_program.o
 .debug_aranges
                0x0000000000000098       0x78 ./Src/01-MCAL/03-EXTI/EXTI_program.o
 .debug_aranges
                0x0000000000000110       0x60 ./Src/01-MCAL/05-SYSTICK/STK_program.o
 .debug_aranges
                0x0000000000000170       0x78 ./Src/01-MCAL/06-USART/USART_program.o
 .debug_aranges
                0x00000000000001e8       0x38 ./Src/01-MCAL/09-SPI/SPI_program.o
 .debug_aranges
                0x0000000000000220       0x80 ./Src/02-HAL/03-MCP/MCP2515_Program.o
 .debug_aranges
                0x00000000000002a0       0x70 ./Src/main.o
 .debug_aranges
                0x0000000000000310       0x28 ./Startup/startup_stm32f401ccux.o

.debug_ranges   0x0000000000000000      0x2a0
 .debug_ranges  0x0000000000000000       0x20 ./Src/01-MCAL/00-RCC/RCC_program.o
 .debug_ranges  0x0000000000000020       0x10 ./Src/01-MCAL/01-PORT/PORT_program.o
 .debug_ranges  0x0000000000000030       0x38 ./Src/01-MCAL/02-GPIO/GPIO_program.o
 .debug_ranges  0x0000000000000068       0x68 ./Src/01-MCAL/03-EXTI/EXTI_program.o
 .debug_ranges  0x00000000000000d0       0x50 ./Src/01-MCAL/05-SYSTICK/STK_program.o
 .debug_ranges  0x0000000000000120       0x68 ./Src/01-MCAL/06-USART/USART_program.o
 .debug_ranges  0x0000000000000188       0x28 ./Src/01-MCAL/09-SPI/SPI_program.o
 .debug_ranges  0x00000000000001b0       0x70 ./Src/02-HAL/03-MCP/MCP2515_Program.o
 .debug_ranges  0x0000000000000220       0x60 ./Src/main.o
 .debug_ranges  0x0000000000000280       0x20 ./Startup/startup_stm32f401ccux.o

.debug_macro    0x0000000000000000     0x17cd
 .debug_macro   0x0000000000000000       0x3e ./Src/01-MCAL/00-RCC/RCC_program.o
 .debug_macro   0x000000000000003e       0x28 ./Src/01-MCAL/00-RCC/RCC_program.o
 .debug_macro   0x0000000000000066       0x76 ./Src/01-MCAL/00-RCC/RCC_program.o
 .debug_macro   0x00000000000000dc      0x2c2 ./Src/01-MCAL/00-RCC/RCC_program.o
 .debug_macro   0x000000000000039e       0x88 ./Src/01-MCAL/00-RCC/RCC_program.o
 .debug_macro   0x0000000000000426       0x22 ./Src/01-MCAL/00-RCC/RCC_program.o
 .debug_macro   0x0000000000000448       0x48 ./Src/01-MCAL/01-PORT/PORT_program.o
 .debug_macro   0x0000000000000490      0x30a ./Src/01-MCAL/01-PORT/PORT_program.o
 .debug_macro   0x000000000000079a      0x162 ./Src/01-MCAL/01-PORT/PORT_program.o
 .debug_macro   0x00000000000008fc      0x4fa ./Src/01-MCAL/01-PORT/PORT_program.o
 .debug_macro   0x0000000000000df6       0x35 ./Src/01-MCAL/02-GPIO/GPIO_program.o
 .debug_macro   0x0000000000000e2b       0x34 ./Src/01-MCAL/02-GPIO/GPIO_program.o
 .debug_macro   0x0000000000000e5f       0x28 ./Src/01-MCAL/02-GPIO/GPIO_program.o
 .debug_macro   0x0000000000000e87       0x3f ./Src/01-MCAL/03-EXTI/EXTI_program.o
 .debug_macro   0x0000000000000ec6       0x1c ./Src/01-MCAL/03-EXTI/EXTI_program.o
 .debug_macro   0x0000000000000ee2       0x16 ./Src/01-MCAL/03-EXTI/EXTI_program.o
 .debug_macro   0x0000000000000ef8       0x3f ./Src/01-MCAL/05-SYSTICK/STK_program.o
 .debug_macro   0x0000000000000f37       0x10 ./Src/01-MCAL/05-SYSTICK/STK_program.o
 .debug_macro   0x0000000000000f47       0x46 ./Src/01-MCAL/05-SYSTICK/STK_program.o
 .debug_macro   0x0000000000000f8d       0x3f ./Src/01-MCAL/06-USART/USART_program.o
 .debug_macro   0x0000000000000fcc       0xbe ./Src/01-MCAL/06-USART/USART_program.o
 .debug_macro   0x000000000000108a       0x10 ./Src/01-MCAL/06-USART/USART_program.o
 .debug_macro   0x000000000000109a       0x40 ./Src/01-MCAL/09-SPI/SPI_program.o
 .debug_macro   0x00000000000010da       0x28 ./Src/01-MCAL/09-SPI/SPI_program.o
 .debug_macro   0x0000000000001102       0x88 ./Src/02-HAL/03-MCP/MCP2515_Program.o
 .debug_macro   0x000000000000118a       0x28 ./Src/02-HAL/03-MCP/MCP2515_Program.o
 .debug_macro   0x00000000000011b2       0xbe ./Src/02-HAL/03-MCP/MCP2515_Program.o
 .debug_macro   0x0000000000001270       0xe8 ./Src/main.o
 .debug_macro   0x0000000000001358       0x22 ./Src/main.o
 .debug_macro   0x000000000000137a       0x8e ./Src/main.o
 .debug_macro   0x0000000000001408       0x51 ./Src/main.o
 .debug_macro   0x0000000000001459      0x103 ./Src/main.o
 .debug_macro   0x000000000000155c       0x6a ./Src/main.o
 .debug_macro   0x00000000000015c6      0x1df ./Src/main.o
 .debug_macro   0x00000000000017a5       0x28 ./Src/main.o

.debug_line     0x0000000000000000     0x1b2a
 .debug_line    0x0000000000000000      0x17a ./Src/01-MCAL/00-RCC/RCC_program.o
 .debug_line    0x000000000000017a      0x143 ./Src/01-MCAL/01-PORT/PORT_program.o
 .debug_line    0x00000000000002bd      0x234 ./Src/01-MCAL/02-GPIO/GPIO_program.o
 .debug_line    0x00000000000004f1      0x25d ./Src/01-MCAL/03-EXTI/EXTI_program.o
 .debug_line    0x000000000000074e      0x235 ./Src/01-MCAL/05-SYSTICK/STK_program.o
 .debug_line    0x0000000000000983      0x2ef ./Src/01-MCAL/06-USART/USART_program.o
 .debug_line    0x0000000000000c72      0x263 ./Src/01-MCAL/09-SPI/SPI_program.o
 .debug_line    0x0000000000000ed5      0x4a3 ./Src/02-HAL/03-MCP/MCP2515_Program.o
 .debug_line    0x0000000000001378      0x72e ./Src/main.o
 .debug_line    0x0000000000001aa6       0x84 ./Startup/startup_stm32f401ccux.o

.debug_str      0x0000000000000000     0xa5b8
 .debug_str     0x0000000000000000     0x4056 ./Src/01-MCAL/00-RCC/RCC_program.o
                                       0x40d2 (size before relaxing)
 .debug_str     0x0000000000004056     0x3770 ./Src/01-MCAL/01-PORT/PORT_program.o
                                       0x6849 (size before relaxing)
 .debug_str     0x00000000000077c6      0x340 ./Src/01-MCAL/02-GPIO/GPIO_program.o
                                       0x341e (size before relaxing)
 .debug_str     0x0000000000007b06      0x341 ./Src/01-MCAL/03-EXTI/EXTI_program.o
                                       0x3427 (size before relaxing)
 .debug_str     0x0000000000007e47      0x2d9 ./Src/01-MCAL/05-SYSTICK/STK_program.o
                                       0x33b2 (size before relaxing)
 .debug_str     0x0000000000008120      0x8ca ./Src/01-MCAL/06-USART/USART_program.o
                                       0x39a3 (size before relaxing)
 .debug_str     0x00000000000089ea      0x6bf ./Src/01-MCAL/09-SPI/SPI_program.o
                                       0x37af (size before relaxing)
 .debug_str     0x00000000000090a9      0x492 ./Src/02-HAL/03-MCP/MCP2515_Program.o
                                       0x39f0 (size before relaxing)
 .debug_str     0x000000000000953b     0x104c ./Src/main.o
                                       0x4bfa (size before relaxing)
 .debug_str     0x000000000000a587       0x31 ./Startup/startup_stm32f401ccux.o
                                         0x73 (size before relaxing)

.comment        0x0000000000000000       0x50
 .comment       0x0000000000000000       0x50 ./Src/01-MCAL/00-RCC/RCC_program.o
                                         0x51 (size before relaxing)
 .comment       0x0000000000000050       0x51 ./Src/01-MCAL/01-PORT/PORT_program.o
 .comment       0x0000000000000050       0x51 ./Src/01-MCAL/02-GPIO/GPIO_program.o
 .comment       0x0000000000000050       0x51 ./Src/01-MCAL/03-EXTI/EXTI_program.o
 .comment       0x0000000000000050       0x51 ./Src/01-MCAL/05-SYSTICK/STK_program.o
 .comment       0x0000000000000050       0x51 ./Src/01-MCAL/06-USART/USART_program.o
 .comment       0x0000000000000050       0x51 ./Src/01-MCAL/09-SPI/SPI_program.o
 .comment       0x0000000000000050       0x51 ./Src/02-HAL/03-MCP/MCP2515_Program.o
 .comment       0x0000000000000050       0x51 ./Src/main.o

.debug_frame    0x0000000000000000      0xab0
 .debug_frame   0x0000000000000000       0x80 ./Src/01-MCAL/00-RCC/RCC_program.o
 .debug_frame   0x0000000000000080       0x30 ./Src/01-MCAL/01-PORT/PORT_program.o
 .debug_frame   0x00000000000000b0      0x104 ./Src/01-MCAL/02-GPIO/GPIO_program.o
 .debug_frame   0x00000000000001b4      0x1b4 ./Src/01-MCAL/03-EXTI/EXTI_program.o
 .debug_frame   0x0000000000000368      0x150 ./Src/01-MCAL/05-SYSTICK/STK_program.o
 .debug_frame   0x00000000000004b8      0x1c8 ./Src/01-MCAL/06-USART/USART_program.o
 .debug_frame   0x0000000000000680       0xb0 ./Src/01-MCAL/09-SPI/SPI_program.o
 .debug_frame   0x0000000000000730      0x1e4 ./Src/02-HAL/03-MCP/MCP2515_Program.o
 .debug_frame   0x0000000000000914      0x170 ./Src/main.o
 .debug_frame   0x0000000000000a84       0x2c c:/st/stm32cubeide_1.10.1/stm32cubeide/plugins/com.st.stm32cube.ide.mcu.externaltools.gnu-tools-for-stm32.10.3-2021.10.win32_1.0.100.202210260954/tools/bin/../lib/gcc/arm-none-eabi/10.3.1/../../../../arm-none-eabi/lib/thumb/v7e-m+fp/hard\libc_nano.a(lib_a-init.o)
