../Src/USART_program.c:21:6:USART_voidInit	24	static
../Src/USART_program.c:51:6:USART_voidSendByte	16	static
../Src/USART_program.c:70:6:USART_voidSendString	24	static
../Src/USART_program.c:85:6:USART_u8ReadDataRegister	16	static
../Src/USART_program.c:91:6:USART_voidReceiveByteSynchBlocking	16	static
../Src/USART_program.c:111:6:USART_voidSynchReceiveDataNonBlocking	24	static
../Src/USART_program.c:142:6:USART1_voidSetCallBack	16	static
../Src/USART_program.c:147:6:USART2_voidSetCallBack	16	static
../Src/USART_program.c:152:6:USART6_voidSetCallBack	16	static
../Src/USART_program.c:157:6:USART1_IRQHandler	8	static
../Src/USART_program.c:163:6:USART2_IRQHandler	8	static
../Src/USART_program.c:169:6:USART6_IRQHandler	8	static
