Archive member included to satisfy reference by file (symbol)

c:/program files (x86)/atmel/studio/7.0/toolchain/avr8/avr8-gnu-toolchain/bin/../lib/gcc/avr/5.4.0/avr5\libgcc.a(_exit.o)
                              C:/Program Files (x86)/Atmel/Studio/7.0/Packs/atmel/ATmega_DFP/1.6.364/gcc/dev/atmega32/avr5/crtatmega32.o (exit)
c:/program files (x86)/atmel/studio/7.0/toolchain/avr8/avr8-gnu-toolchain/bin/../lib/gcc/avr/5.4.0/avr5\libgcc.a(_clear_bss.o)
                              main.o (__do_clear_bss)

Allocating common symbols
Common symbol       size              file

readBuffer          0xe               MCP2515_Program.o

Discarded input sections

 .data          0x00000000        0x0 C:/Program Files (x86)/Atmel/Studio/7.0/Packs/atmel/ATmega_DFP/1.6.364/gcc/dev/atmega32/avr5/crtatmega32.o
 .bss           0x00000000        0x0 C:/Program Files (x86)/Atmel/Studio/7.0/Packs/atmel/ATmega_DFP/1.6.364/gcc/dev/atmega32/avr5/crtatmega32.o
 .text          0x00000000        0x0 DIO_program.o
 .data          0x00000000        0x0 DIO_program.o
 .bss           0x00000000        0x0 DIO_program.o
 .text.DIO_VidInit
                0x00000000        0x2 DIO_program.o
 .text.DIO_VidSetPortDirection
                0x00000000       0x20 DIO_program.o
 .text.DIO_VidSetPortValue
                0x00000000       0x20 DIO_program.o
 .text.DIO_VidTogglePin
                0x00000000       0x68 DIO_program.o
 .text.DIO_U8GetPortValue
                0x00000000       0x22 DIO_program.o
 .text          0x00000000        0x0 GIE_program.o
 .data          0x00000000        0x0 GIE_program.o
 .bss           0x00000000        0x0 GIE_program.o
 .text.GIE_voidDisable
                0x00000000        0x8 GIE_program.o
 .text          0x00000000        0x0 main.o
 .data          0x00000000        0x0 main.o
 .bss           0x00000000        0x0 main.o
 .text          0x00000000        0x0 MCP2515_Program.o
 .data          0x00000000        0x0 MCP2515_Program.o
 .bss           0x00000000        0x0 MCP2515_Program.o
 .text.MCP2515_U8ReadRegister
                0x00000000       0x2a MCP2515_Program.o
 .text          0x00000000        0x0 PORT_program.o
 .data          0x00000000        0x0 PORT_program.o
 .bss           0x00000000        0x0 PORT_program.o
 .text          0x00000000        0x0 SPI_Program.o
 .data          0x00000000        0x0 SPI_Program.o
 .bss           0x00000000        0x0 SPI_Program.o
 .text.SPI_VidSlaveInit
                0x00000000       0x20 SPI_Program.o
 .text          0x00000000        0x0 USART_program.o
 .data          0x00000000        0x0 USART_program.o
 .bss           0x00000000        0x0 USART_program.o
 .text.USART_u8SendCharAsynch
                0x00000000       0x40 USART_program.o
 .text.USART_u8SendStringSynch
                0x00000000       0x2e USART_program.o
 .text.USART_u8SendStringAsynch
                0x00000000       0x46 USART_program.o
 .text.USART_u8RecieveCharSynch
                0x00000000       0x30 USART_program.o
 .text.USART_u8RecieveCharAsynch
                0x00000000       0x46 USART_program.o
 .text.USART_u8RecieveBufferSynch
                0x00000000       0x40 USART_program.o
 .text.USART_u8RecieveBufferAsynch
                0x00000000       0x4a USART_program.o
 .text          0x00000000        0x0 c:/program files (x86)/atmel/studio/7.0/toolchain/avr8/avr8-gnu-toolchain/bin/../lib/gcc/avr/5.4.0/avr5\libgcc.a(_exit.o)
 .data          0x00000000        0x0 c:/program files (x86)/atmel/studio/7.0/toolchain/avr8/avr8-gnu-toolchain/bin/../lib/gcc/avr/5.4.0/avr5\libgcc.a(_exit.o)
 .bss           0x00000000        0x0 c:/program files (x86)/atmel/studio/7.0/toolchain/avr8/avr8-gnu-toolchain/bin/../lib/gcc/avr/5.4.0/avr5\libgcc.a(_exit.o)
 .text.libgcc.mul
                0x00000000        0x0 c:/program files (x86)/atmel/studio/7.0/toolchain/avr8/avr8-gnu-toolchain/bin/../lib/gcc/avr/5.4.0/avr5\libgcc.a(_exit.o)
 .text.libgcc.div
                0x00000000        0x0 c:/program files (x86)/atmel/studio/7.0/toolchain/avr8/avr8-gnu-toolchain/bin/../lib/gcc/avr/5.4.0/avr5\libgcc.a(_exit.o)
 .text.libgcc   0x00000000        0x0 c:/program files (x86)/atmel/studio/7.0/toolchain/avr8/avr8-gnu-toolchain/bin/../lib/gcc/avr/5.4.0/avr5\libgcc.a(_exit.o)
 .text.libgcc.prologue
                0x00000000        0x0 c:/program files (x86)/atmel/studio/7.0/toolchain/avr8/avr8-gnu-toolchain/bin/../lib/gcc/avr/5.4.0/avr5\libgcc.a(_exit.o)
 .text.libgcc.builtins
                0x00000000        0x0 c:/program files (x86)/atmel/studio/7.0/toolchain/avr8/avr8-gnu-toolchain/bin/../lib/gcc/avr/5.4.0/avr5\libgcc.a(_exit.o)
 .text.libgcc.fmul
                0x00000000        0x0 c:/program files (x86)/atmel/studio/7.0/toolchain/avr8/avr8-gnu-toolchain/bin/../lib/gcc/avr/5.4.0/avr5\libgcc.a(_exit.o)
 .text.libgcc.fixed
                0x00000000        0x0 c:/program files (x86)/atmel/studio/7.0/toolchain/avr8/avr8-gnu-toolchain/bin/../lib/gcc/avr/5.4.0/avr5\libgcc.a(_exit.o)
 .text          0x00000000        0x0 c:/program files (x86)/atmel/studio/7.0/toolchain/avr8/avr8-gnu-toolchain/bin/../lib/gcc/avr/5.4.0/avr5\libgcc.a(_clear_bss.o)
 .data          0x00000000        0x0 c:/program files (x86)/atmel/studio/7.0/toolchain/avr8/avr8-gnu-toolchain/bin/../lib/gcc/avr/5.4.0/avr5\libgcc.a(_clear_bss.o)
 .bss           0x00000000        0x0 c:/program files (x86)/atmel/studio/7.0/toolchain/avr8/avr8-gnu-toolchain/bin/../lib/gcc/avr/5.4.0/avr5\libgcc.a(_clear_bss.o)
 .text.libgcc.mul
                0x00000000        0x0 c:/program files (x86)/atmel/studio/7.0/toolchain/avr8/avr8-gnu-toolchain/bin/../lib/gcc/avr/5.4.0/avr5\libgcc.a(_clear_bss.o)
 .text.libgcc.div
                0x00000000        0x0 c:/program files (x86)/atmel/studio/7.0/toolchain/avr8/avr8-gnu-toolchain/bin/../lib/gcc/avr/5.4.0/avr5\libgcc.a(_clear_bss.o)
 .text.libgcc   0x00000000        0x0 c:/program files (x86)/atmel/studio/7.0/toolchain/avr8/avr8-gnu-toolchain/bin/../lib/gcc/avr/5.4.0/avr5\libgcc.a(_clear_bss.o)
 .text.libgcc.prologue
                0x00000000        0x0 c:/program files (x86)/atmel/studio/7.0/toolchain/avr8/avr8-gnu-toolchain/bin/../lib/gcc/avr/5.4.0/avr5\libgcc.a(_clear_bss.o)
 .text.libgcc.builtins
                0x00000000        0x0 c:/program files (x86)/atmel/studio/7.0/toolchain/avr8/avr8-gnu-toolchain/bin/../lib/gcc/avr/5.4.0/avr5\libgcc.a(_clear_bss.o)
 .text.libgcc.fmul
                0x00000000        0x0 c:/program files (x86)/atmel/studio/7.0/toolchain/avr8/avr8-gnu-toolchain/bin/../lib/gcc/avr/5.4.0/avr5\libgcc.a(_clear_bss.o)
 .text.libgcc.fixed
                0x00000000        0x0 c:/program files (x86)/atmel/studio/7.0/toolchain/avr8/avr8-gnu-toolchain/bin/../lib/gcc/avr/5.4.0/avr5\libgcc.a(_clear_bss.o)

Memory Configuration

Name             Origin             Length             Attributes
text             0x00000000         0x00008000         xr
data             0x00800060         0x00000800         rw !x
eeprom           0x00810000         0x00000400         rw !x
fuse             0x00820000         0x00000002         rw !x
lock             0x00830000         0x00000400         rw !x
signature        0x00840000         0x00000400         rw !x
user_signatures  0x00850000         0x00000400         rw !x
*default*        0x00000000         0xffffffff

Linker script and memory map

LOAD C:/Program Files (x86)/Atmel/Studio/7.0/Packs/atmel/ATmega_DFP/1.6.364/gcc/dev/atmega32/avr5/crtatmega32.o
LOAD DIO_program.o
LOAD GIE_program.o
LOAD main.o
LOAD MCP2515_Program.o
LOAD PORT_program.o
LOAD SPI_Program.o
LOAD USART_program.o
START GROUP
LOAD c:/program files (x86)/atmel/studio/7.0/toolchain/avr8/avr8-gnu-toolchain/bin/../lib/gcc/avr/5.4.0/../../../../avr/lib/avr5\libm.a
END GROUP
START GROUP
LOAD c:/program files (x86)/atmel/studio/7.0/toolchain/avr8/avr8-gnu-toolchain/bin/../lib/gcc/avr/5.4.0/avr5\libgcc.a
LOAD c:/program files (x86)/atmel/studio/7.0/toolchain/avr8/avr8-gnu-toolchain/bin/../lib/gcc/avr/5.4.0/../../../../avr/lib/avr5\libm.a
LOAD c:/program files (x86)/atmel/studio/7.0/toolchain/avr8/avr8-gnu-toolchain/bin/../lib/gcc/avr/5.4.0/../../../../avr/lib/avr5\libc.a
LOAD C:/Program Files (x86)/Atmel/Studio/7.0/Packs/atmel/ATmega_DFP/1.6.364/gcc/dev/atmega32/avr5\libatmega32.a
END GROUP
                0x00000000                __TEXT_REGION_ORIGIN__ = DEFINED (__TEXT_REGION_ORIGIN__)?__TEXT_REGION_ORIGIN__:0x0
                [0x00800060]                __DATA_REGION_ORIGIN__ = DEFINED (__DATA_REGION_ORIGIN__)?__DATA_REGION_ORIGIN__:0x800060
                [0x00008000]                __TEXT_REGION_LENGTH__ = DEFINED (__TEXT_REGION_LENGTH__)?__TEXT_REGION_LENGTH__:0x20000
                [0x00000800]                __DATA_REGION_LENGTH__ = DEFINED (__DATA_REGION_LENGTH__)?__DATA_REGION_LENGTH__:0xffa0
                [0x00000400]                __EEPROM_REGION_LENGTH__ = DEFINED (__EEPROM_REGION_LENGTH__)?__EEPROM_REGION_LENGTH__:0x10000
                [0x00000002]                __FUSE_REGION_LENGTH__ = DEFINED (__FUSE_REGION_LENGTH__)?__FUSE_REGION_LENGTH__:0x400
                0x00000400                __LOCK_REGION_LENGTH__ = DEFINED (__LOCK_REGION_LENGTH__)?__LOCK_REGION_LENGTH__:0x400
                0x00000400                __SIGNATURE_REGION_LENGTH__ = DEFINED (__SIGNATURE_REGION_LENGTH__)?__SIGNATURE_REGION_LENGTH__:0x400
                0x00000400                __USER_SIGNATURE_REGION_LENGTH__ = DEFINED (__USER_SIGNATURE_REGION_LENGTH__)?__USER_SIGNATURE_REGION_LENGTH__:0x400

.hash
 *(.hash)

.dynsym
 *(.dynsym)

.dynstr
 *(.dynstr)

.gnu.version
 *(.gnu.version)

.gnu.version_d
 *(.gnu.version_d)

.gnu.version_r
 *(.gnu.version_r)

.rel.init
 *(.rel.init)

.rela.init
 *(.rela.init)

.rel.text
 *(.rel.text)
 *(.rel.text.*)
 *(.rel.gnu.linkonce.t*)

.rela.text
 *(.rela.text)
 *(.rela.text.*)
 *(.rela.gnu.linkonce.t*)

.rel.fini
 *(.rel.fini)

.rela.fini
 *(.rela.fini)

.rel.rodata
 *(.rel.rodata)
 *(.rel.rodata.*)
 *(.rel.gnu.linkonce.r*)

.rela.rodata
 *(.rela.rodata)
 *(.rela.rodata.*)
 *(.rela.gnu.linkonce.r*)

.rel.data
 *(.rel.data)
 *(.rel.data.*)
 *(.rel.gnu.linkonce.d*)

.rela.data
 *(.rela.data)
 *(.rela.data.*)
 *(.rela.gnu.linkonce.d*)

.rel.ctors
 *(.rel.ctors)

.rela.ctors
 *(.rela.ctors)

.rel.dtors
 *(.rel.dtors)

.rela.dtors
 *(.rela.dtors)

.rel.got
 *(.rel.got)

.rela.got
 *(.rela.got)

.rel.bss
 *(.rel.bss)

.rela.bss
 *(.rela.bss)

.rel.plt
 *(.rel.plt)

.rela.plt
 *(.rela.plt)

.text           0x00000000      0x770
 *(.vectors)
 .vectors       0x00000000       0x54 C:/Program Files (x86)/Atmel/Studio/7.0/Packs/atmel/ATmega_DFP/1.6.364/gcc/dev/atmega32/avr5/crtatmega32.o
                0x00000000                __vector_default
                0x00000000                __vectors
 *(.vectors)
 *(.progmem.gcc*)
                0x00000054                . = ALIGN (0x2)
                0x00000054                __trampolines_start = .
 *(.trampolines)
 .trampolines   0x00000054        0x0 linker stubs
 *(.trampolines*)
                0x00000054                __trampolines_end = .
 *libprintf_flt.a:*(.progmem.data)
 *libc.a:*(.progmem.data)
 *(.progmem*)
                0x00000054                . = ALIGN (0x2)
 *(.jumptables)
 *(.jumptables*)
 *(.lowtext)
 *(.lowtext*)
                0x00000054                __ctors_start = .
 *(.ctors)
                0x00000054                __ctors_end = .
                0x00000054                __dtors_start = .
 *(.dtors)
                0x00000054                __dtors_end = .
 SORT(*)(.ctors)
 SORT(*)(.dtors)
 *(.init0)
 .init0         0x00000054        0x0 C:/Program Files (x86)/Atmel/Studio/7.0/Packs/atmel/ATmega_DFP/1.6.364/gcc/dev/atmega32/avr5/crtatmega32.o
                0x00000054                __init
 *(.init0)
 *(.init1)
 *(.init1)
 *(.init2)
 .init2         0x00000054        0xc C:/Program Files (x86)/Atmel/Studio/7.0/Packs/atmel/ATmega_DFP/1.6.364/gcc/dev/atmega32/avr5/crtatmega32.o
 *(.init2)
 *(.init3)
 *(.init3)
 *(.init4)
 .init4         0x00000060       0x10 c:/program files (x86)/atmel/studio/7.0/toolchain/avr8/avr8-gnu-toolchain/bin/../lib/gcc/avr/5.4.0/avr5\libgcc.a(_clear_bss.o)
                0x00000060                __do_clear_bss
 *(.init4)
 *(.init5)
 *(.init5)
 *(.init6)
 *(.init6)
 *(.init7)
 *(.init7)
 *(.init8)
 *(.init8)
 *(.init9)
 .init9         0x00000070        0x8 C:/Program Files (x86)/Atmel/Studio/7.0/Packs/atmel/ATmega_DFP/1.6.364/gcc/dev/atmega32/avr5/crtatmega32.o
 *(.init9)
 *(.text)
 .text          0x00000078        0x4 C:/Program Files (x86)/Atmel/Studio/7.0/Packs/atmel/ATmega_DFP/1.6.364/gcc/dev/atmega32/avr5/crtatmega32.o
                0x00000078                __vector_1
                0x00000078                __vector_12
                0x00000078                __bad_interrupt
                0x00000078                __vector_6
                0x00000078                __vector_3
                0x00000078                __vector_11
                0x00000078                __vector_17
                0x00000078                __vector_19
                0x00000078                __vector_7
                0x00000078                __vector_5
                0x00000078                __vector_4
                0x00000078                __vector_9
                0x00000078                __vector_2
                0x00000078                __vector_15
                0x00000078                __vector_8
                0x00000078                __vector_10
                0x00000078                __vector_16
                0x00000078                __vector_18
                0x00000078                __vector_20
                0x0000007c                . = ALIGN (0x2)
 *(.text.*)
 .text.DIO_VidSetPinDirection
                0x0000007c       0xe0 DIO_program.o
                0x0000007c                DIO_VidSetPinDirection
 .text.DIO_VidSetPinValue
                0x0000015c       0xe0 DIO_program.o
                0x0000015c                DIO_VidSetPinValue
 .text.DIO_U8GetPinValue
                0x0000023c       0x62 DIO_program.o
                0x0000023c                DIO_U8GetPinValue
 .text.GIE_voidEnable
                0x0000029e        0x8 GIE_program.o
                0x0000029e                GIE_voidEnable
 .text.main     0x000002a6       0x54 main.o
                0x000002a6                main
 .text.MCP2515_VidWriteRegister
                0x000002fa       0x2c MCP2515_Program.o
                0x000002fa                MCP2515_VidWriteRegister
 .text.MCP2515_VidSetBitTiming
                0x00000326       0x26 MCP2515_Program.o
                0x00000326                MCP2515_VidSetBitTiming
 .text.MCP2515_VidReset
                0x0000034c       0x14 MCP2515_Program.o
                0x0000034c                MCP2515_VidReset
 .text.MCP2515_VidChangeBits
                0x00000360       0x38 MCP2515_Program.o
                0x00000360                MCP2515_VidChangeBits
 .text.MCP2515_VidSetMode
                0x00000398       0x12 MCP2515_Program.o
                0x00000398                MCP2515_VidSetMode
 .text.MCP2515_VidSetRollover
                0x000003aa       0x10 MCP2515_Program.o
                0x000003aa                MCP2515_VidSetRollover
 .text.MCP2515_VidSetMask
                0x000003ba       0xd6 MCP2515_Program.o
                0x000003ba                MCP2515_VidSetMask
 .text.MCP2515_VidReceiveInit
                0x00000490       0x4c MCP2515_Program.o
                0x00000490                MCP2515_VidReceiveInit
 .text.MCP2515_VidReceiveCANmsg
                0x000004dc       0x4a MCP2515_Program.o
                0x000004dc                MCP2515_VidReceiveCANmsg
 .text.PORT_voidInit
                0x00000526       0x1a PORT_program.o
                0x00000526                PORT_voidInit
 .text.SPI_VidMasterInit
                0x00000540       0x48 SPI_Program.o
                0x00000540                SPI_VidMasterInit
 .text.SPI_VidChipSelect
                0x00000588       0x1a SPI_Program.o
                0x00000588                SPI_VidChipSelect
 .text.SPI_U8MasterTransmit
                0x000005a2        0xa SPI_Program.o
                0x000005a2                SPI_U8MasterTransmit
 .text.USART_voidInit
                0x000005ac       0x1c USART_program.o
                0x000005ac                USART_voidInit
 .text.USART_u8SendCharSynch
                0x000005c8       0x4a USART_program.o
                0x000005c8                USART_u8SendCharSynch
 .text.__vector_14
                0x00000612       0xae USART_program.o
                0x00000612                __vector_14
 .text.__vector_13
                0x000006c0       0xac USART_program.o
                0x000006c0                __vector_13
                0x0000076c                . = ALIGN (0x2)
 *(.fini9)
 .fini9         0x0000076c        0x0 c:/program files (x86)/atmel/studio/7.0/toolchain/avr8/avr8-gnu-toolchain/bin/../lib/gcc/avr/5.4.0/avr5\libgcc.a(_exit.o)
                0x0000076c                _exit
                0x0000076c                exit
 *(.fini9)
 *(.fini8)
 *(.fini8)
 *(.fini7)
 *(.fini7)
 *(.fini6)
 *(.fini6)
 *(.fini5)
 *(.fini5)
 *(.fini4)
 *(.fini4)
 *(.fini3)
 *(.fini3)
 *(.fini2)
 *(.fini2)
 *(.fini1)
 *(.fini1)
 *(.fini0)
 .fini0         0x0000076c        0x4 c:/program files (x86)/atmel/studio/7.0/toolchain/avr8/avr8-gnu-toolchain/bin/../lib/gcc/avr/5.4.0/avr5\libgcc.a(_exit.o)
 *(.fini0)
                0x00000770                _etext = .

.data           0x00800060        0x0 load address 0x00000770
                [!provide]                PROVIDE (__data_start, .)
 *(.data)
 *(.data*)
 *(.gnu.linkonce.d*)
 *(.rodata)
 *(.rodata*)
 *(.gnu.linkonce.r*)
                0x00800060                . = ALIGN (0x2)
                0x00800060                _edata = .
                [!provide]                PROVIDE (__data_end, .)

.bss            0x00800060       0x24
                0x00800060                PROVIDE (__bss_start, .)
 *(.bss)
 *(.bss*)
 .bss.dataR     0x00800060        0x1 main.o
                0x00800060                dataR
 .bss.USART_u8RecieverISRSource
                0x00800061        0x1 USART_program.o
                0x00800061                USART_u8RecieverISRSource
 .bss.USART_u8TransmitterISRSource
                0x00800062        0x1 USART_program.o
                0x00800062                USART_u8TransmitterISRSource
 .bss.USART_u8RecieverBusyState
                0x00800063        0x1 USART_program.o
                0x00800063                USART_u8RecieverBusyState
 .bss.USART_u8TransmitterBusyState
                0x00800064        0x1 USART_program.o
                0x00800064                USART_u8TransmitterBusyState
 .bss.Global_u8BufferSize
                0x00800065        0x1 USART_program.o
 .bss.GLobal_u8BufferCounter
                0x00800066        0x1 USART_program.o
 .bss.GLobal_u8StringCounter
                0x00800067        0x1 USART_program.o
 .bss.USART_pu8BufferRecieved
                0x00800068        0x2 USART_program.o
 .bss.USART_pStringTransmitted
                0x0080006a        0x2 USART_program.o
 .bss.USART_pu8RecievedData
                0x0080006c        0x2 USART_program.o
 .bss.USART_pvBufferNotificationFunction
                0x0080006e        0x2 USART_program.o
 .bss.USART_pvStringTransmittedNotifiFunc
                0x00800070        0x2 USART_program.o
 .bss.USART_pvRecieverNotificationFunction
                0x00800072        0x2 USART_program.o
 .bss.USART_pvTransmitterNotificationFunction
                0x00800074        0x2 USART_program.o
 *(COMMON)
 COMMON         0x00800076        0xe MCP2515_Program.o
                0x00800076                readBuffer
                0x00800084                PROVIDE (__bss_end, .)
                0x00000770                __data_load_start = LOADADDR (.data)
                0x00000770                __data_load_end = (__data_load_start + SIZEOF (.data))

.noinit         0x00800084        0x0
                [!provide]                PROVIDE (__noinit_start, .)
 *(.noinit*)
                [!provide]                PROVIDE (__noinit_end, .)
                0x00800084                _end = .
                [!provide]                PROVIDE (__heap_start, .)

.eeprom         0x00810000        0x0
 *(.eeprom*)
                0x00810000                __eeprom_end = .

.fuse
 *(.fuse)
 *(.lfuse)
 *(.hfuse)
 *(.efuse)

.lock
 *(.lock*)

.signature
 *(.signature*)

.user_signatures
 *(.user_signatures*)

.stab
 *(.stab)

.stabstr
 *(.stabstr)

.stab.excl
 *(.stab.excl)

.stab.exclstr
 *(.stab.exclstr)

.stab.index
 *(.stab.index)

.stab.indexstr
 *(.stab.indexstr)

.comment        0x00000000       0x30
 *(.comment)
 .comment       0x00000000       0x30 DIO_program.o
                                 0x31 (size before relaxing)
 .comment       0x00000030       0x31 GIE_program.o
 .comment       0x00000030       0x31 main.o
 .comment       0x00000030       0x31 MCP2515_Program.o
 .comment       0x00000030       0x31 PORT_program.o
 .comment       0x00000030       0x31 SPI_Program.o
 .comment       0x00000030       0x31 USART_program.o

.note.gnu.avr.deviceinfo
                0x00000000       0x3c
 .note.gnu.avr.deviceinfo
                0x00000000       0x3c C:/Program Files (x86)/Atmel/Studio/7.0/Packs/atmel/ATmega_DFP/1.6.364/gcc/dev/atmega32/avr5/crtatmega32.o

.note.gnu.build-id
 *(.note.gnu.build-id)

.debug
 *(.debug)

.line
 *(.line)

.debug_srcinfo
 *(.debug_srcinfo)

.debug_sfnames
 *(.debug_sfnames)

.debug_aranges  0x00000000      0x1d0
 *(.debug_aranges)
 .debug_aranges
                0x00000000       0x58 DIO_program.o
 .debug_aranges
                0x00000058       0x28 GIE_program.o
 .debug_aranges
                0x00000080       0x20 main.o
 .debug_aranges
                0x000000a0       0x68 MCP2515_Program.o
 .debug_aranges
                0x00000108       0x20 PORT_program.o
 .debug_aranges
                0x00000128       0x38 SPI_Program.o
 .debug_aranges
                0x00000160       0x70 USART_program.o

.debug_pubnames
 *(.debug_pubnames)

.debug_info     0x00000000     0x17ae
 *(.debug_info .gnu.linkonce.wi.*)
 .debug_info    0x00000000      0x4e6 C:/Program Files (x86)/Atmel/Studio/7.0/Packs/atmel/ATmega_DFP/1.6.364/gcc/dev/atmega32/avr5/crtatmega32.o
 .debug_info    0x000004e6      0x22e DIO_program.o
 .debug_info    0x00000714       0x98 GIE_program.o
 .debug_info    0x000007ac      0x1e2 main.o
 .debug_info    0x0000098e      0x6ba MCP2515_Program.o
 .debug_info    0x00001048       0x82 PORT_program.o
 .debug_info    0x000010ca      0x259 SPI_Program.o
 .debug_info    0x00001323      0x48b USART_program.o

.debug_abbrev   0x00000000      0xa47
 *(.debug_abbrev)
 .debug_abbrev  0x00000000      0x4a3 C:/Program Files (x86)/Atmel/Studio/7.0/Packs/atmel/ATmega_DFP/1.6.364/gcc/dev/atmega32/avr5/crtatmega32.o
 .debug_abbrev  0x000004a3       0xc3 DIO_program.o
 .debug_abbrev  0x00000566       0x46 GIE_program.o
 .debug_abbrev  0x000005ac       0xe3 main.o
 .debug_abbrev  0x0000068f      0x132 MCP2515_Program.o
 .debug_abbrev  0x000007c1       0x46 PORT_program.o
 .debug_abbrev  0x00000807       0xb8 SPI_Program.o
 .debug_abbrev  0x000008bf      0x188 USART_program.o

.debug_line     0x00000000      0xc64
 *(.debug_line .debug_line.* .debug_line_end)
 .debug_line    0x00000000      0x116 C:/Program Files (x86)/Atmel/Studio/7.0/Packs/atmel/ATmega_DFP/1.6.364/gcc/dev/atmega32/avr5/crtatmega32.o
 .debug_line    0x00000116      0x1f2 DIO_program.o
 .debug_line    0x00000308       0x6b GIE_program.o
 .debug_line    0x00000373      0x114 main.o
 .debug_line    0x00000487      0x26a MCP2515_Program.o
 .debug_line    0x000006f1       0x80 PORT_program.o
 .debug_line    0x00000771      0x108 SPI_Program.o
 .debug_line    0x00000879      0x3eb USART_program.o

.debug_frame    0x00000000      0x3fc
 *(.debug_frame)
 .debug_frame   0x00000000       0x94 DIO_program.o
 .debug_frame   0x00000094       0x34 GIE_program.o
 .debug_frame   0x000000c8       0x24 main.o
 .debug_frame   0x000000ec      0x114 MCP2515_Program.o
 .debug_frame   0x00000200       0x24 PORT_program.o
 .debug_frame   0x00000224       0x54 SPI_Program.o
 .debug_frame   0x00000278      0x184 USART_program.o

.debug_str      0x00000000      0xa69
 *(.debug_str)
 .debug_str     0x00000000      0x196 C:/Program Files (x86)/Atmel/Studio/7.0/Packs/atmel/ATmega_DFP/1.6.364/gcc/dev/atmega32/avr5/crtatmega32.o
 .debug_str     0x00000196      0x20a DIO_program.o
                                0x231 (size before relaxing)
 .debug_str     0x000003a0       0x32 GIE_program.o
                                0x175 (size before relaxing)
 .debug_str     0x000003d2      0x11c main.o
                                0x26b (size before relaxing)
 .debug_str     0x000004ee      0x1de MCP2515_Program.o
                                0x32e (size before relaxing)
 .debug_str     0x000006cc       0x14 PORT_program.o
                                0x165 (size before relaxing)
 .debug_str     0x000006e0       0x4a SPI_Program.o
                                0x1f0 (size before relaxing)
 .debug_str     0x0000072a      0x33f USART_program.o
                                0x4ac (size before relaxing)

.debug_loc      0x00000000      0xe48
 *(.debug_loc)
 .debug_loc     0x00000000      0x301 DIO_program.o
 .debug_loc     0x00000301       0x1f main.o
 .debug_loc     0x00000320      0x40b MCP2515_Program.o
 .debug_loc     0x0000072b       0xd5 SPI_Program.o
 .debug_loc     0x00000800      0x648 USART_program.o

.debug_macinfo
 *(.debug_macinfo)

.debug_weaknames
 *(.debug_weaknames)

.debug_funcnames
 *(.debug_funcnames)

.debug_typenames
 *(.debug_typenames)

.debug_varnames
 *(.debug_varnames)

.debug_pubtypes
 *(.debug_pubtypes)

.debug_ranges   0x00000000      0x160
 *(.debug_ranges)
 .debug_ranges  0x00000000       0x48 DIO_program.o
 .debug_ranges  0x00000048       0x18 GIE_program.o
 .debug_ranges  0x00000060       0x10 main.o
 .debug_ranges  0x00000070       0x58 MCP2515_Program.o
 .debug_ranges  0x000000c8       0x10 PORT_program.o
 .debug_ranges  0x000000d8       0x28 SPI_Program.o
 .debug_ranges  0x00000100       0x60 USART_program.o

.debug_macro
 *(.debug_macro)
OUTPUT(MCP_SlaveTest.elf elf32-avr)
LOAD linker stubs
