Archive member included to satisfy reference by file (symbol)

c:/st/stm32cubeide_1.10.1/stm32cubeide/plugins/com.st.stm32cube.ide.mcu.externaltools.gnu-tools-for-stm32.10.3-2021.10.win32_1.0.100.202210260954/tools/bin/../lib/gcc/arm-none-eabi/10.3.1/../../../../arm-none-eabi/lib/thumb/v7e-m+fp/hard\libc_nano.a(lib_a-errno.o)
                              ./Src/syscalls.o (__errno)
c:/st/stm32cubeide_1.10.1/stm32cubeide/plugins/com.st.stm32cube.ide.mcu.externaltools.gnu-tools-for-stm32.10.3-2021.10.win32_1.0.100.202210260954/tools/bin/../lib/gcc/arm-none-eabi/10.3.1/../../../../arm-none-eabi/lib/thumb/v7e-m+fp/hard\libc_nano.a(lib_a-exit.o)
                              c:/st/stm32cubeide_1.10.1/stm32cubeide/plugins/com.st.stm32cube.ide.mcu.externaltools.gnu-tools-for-stm32.10.3-2021.10.win32_1.0.100.202210260954/tools/bin/../lib/gcc/arm-none-eabi/10.3.1/../../../../arm-none-eabi/lib/thumb/v7e-m+fp/hard/crt0.o (exit)
c:/st/stm32cubeide_1.10.1/stm32cubeide/plugins/com.st.stm32cube.ide.mcu.externaltools.gnu-tools-for-stm32.10.3-2021.10.win32_1.0.100.202210260954/tools/bin/../lib/gcc/arm-none-eabi/10.3.1/../../../../arm-none-eabi/lib/thumb/v7e-m+fp/hard\libc_nano.a(lib_a-impure.o)
                              c:/st/stm32cubeide_1.10.1/stm32cubeide/plugins/com.st.stm32cube.ide.mcu.externaltools.gnu-tools-for-stm32.10.3-2021.10.win32_1.0.100.202210260954/tools/bin/../lib/gcc/arm-none-eabi/10.3.1/../../../../arm-none-eabi/lib/thumb/v7e-m+fp/hard\libc_nano.a(lib_a-exit.o) (_global_impure_ptr)
c:/st/stm32cubeide_1.10.1/stm32cubeide/plugins/com.st.stm32cube.ide.mcu.externaltools.gnu-tools-for-stm32.10.3-2021.10.win32_1.0.100.202210260954/tools/bin/../lib/gcc/arm-none-eabi/10.3.1/../../../../arm-none-eabi/lib/thumb/v7e-m+fp/hard\libc_nano.a(lib_a-init.o)
                              c:/st/stm32cubeide_1.10.1/stm32cubeide/plugins/com.st.stm32cube.ide.mcu.externaltools.gnu-tools-for-stm32.10.3-2021.10.win32_1.0.100.202210260954/tools/bin/../lib/gcc/arm-none-eabi/10.3.1/../../../../arm-none-eabi/lib/thumb/v7e-m+fp/hard/crt0.o (__libc_init_array)
c:/st/stm32cubeide_1.10.1/stm32cubeide/plugins/com.st.stm32cube.ide.mcu.externaltools.gnu-tools-for-stm32.10.3-2021.10.win32_1.0.100.202210260954/tools/bin/../lib/gcc/arm-none-eabi/10.3.1/../../../../arm-none-eabi/lib/thumb/v7e-m+fp/hard\libc_nano.a(lib_a-memset.o)
                              c:/st/stm32cubeide_1.10.1/stm32cubeide/plugins/com.st.stm32cube.ide.mcu.externaltools.gnu-tools-for-stm32.10.3-2021.10.win32_1.0.100.202210260954/tools/bin/../lib/gcc/arm-none-eabi/10.3.1/../../../../arm-none-eabi/lib/thumb/v7e-m+fp/hard/crt0.o (memset)
c:/st/stm32cubeide_1.10.1/stm32cubeide/plugins/com.st.stm32cube.ide.mcu.externaltools.gnu-tools-for-stm32.10.3-2021.10.win32_1.0.100.202210260954/tools/bin/../lib/gcc/arm-none-eabi/10.3.1/thumb/v7e-m+fp/hard\libgcc.a(_arm_muldf3.o)
                              ./Src/02-HAL/ULTRA_SONIC_program.o (__aeabi_dmul)
c:/st/stm32cubeide_1.10.1/stm32cubeide/plugins/com.st.stm32cube.ide.mcu.externaltools.gnu-tools-for-stm32.10.3-2021.10.win32_1.0.100.202210260954/tools/bin/../lib/gcc/arm-none-eabi/10.3.1/thumb/v7e-m+fp/hard\libgcc.a(_arm_addsubdf3.o)
                              ./Src/01-MCAL/05-SYSTICK/STK_program.o (__aeabi_ui2d)
c:/st/stm32cubeide_1.10.1/stm32cubeide/plugins/com.st.stm32cube.ide.mcu.externaltools.gnu-tools-for-stm32.10.3-2021.10.win32_1.0.100.202210260954/tools/bin/../lib/gcc/arm-none-eabi/10.3.1/thumb/v7e-m+fp/hard\libgcc.a(_arm_muldivdf3.o)
                              ./Src/01-MCAL/05-SYSTICK/STK_program.o (__aeabi_ddiv)
c:/st/stm32cubeide_1.10.1/stm32cubeide/plugins/com.st.stm32cube.ide.mcu.externaltools.gnu-tools-for-stm32.10.3-2021.10.win32_1.0.100.202210260954/tools/bin/../lib/gcc/arm-none-eabi/10.3.1/thumb/v7e-m+fp/hard\libgcc.a(_arm_fixunsdfsi.o)
                              ./Src/01-MCAL/05-SYSTICK/STK_program.o (__aeabi_d2uiz)

Discarded input sections

 .text          0x0000000000000000        0x0 c:/st/stm32cubeide_1.10.1/stm32cubeide/plugins/com.st.stm32cube.ide.mcu.externaltools.gnu-tools-for-stm32.10.3-2021.10.win32_1.0.100.202210260954/tools/bin/../lib/gcc/arm-none-eabi/10.3.1/thumb/v7e-m+fp/hard/crti.o
 .data          0x0000000000000000        0x0 c:/st/stm32cubeide_1.10.1/stm32cubeide/plugins/com.st.stm32cube.ide.mcu.externaltools.gnu-tools-for-stm32.10.3-2021.10.win32_1.0.100.202210260954/tools/bin/../lib/gcc/arm-none-eabi/10.3.1/thumb/v7e-m+fp/hard/crti.o
 .bss           0x0000000000000000        0x0 c:/st/stm32cubeide_1.10.1/stm32cubeide/plugins/com.st.stm32cube.ide.mcu.externaltools.gnu-tools-for-stm32.10.3-2021.10.win32_1.0.100.202210260954/tools/bin/../lib/gcc/arm-none-eabi/10.3.1/thumb/v7e-m+fp/hard/crti.o
 .data          0x0000000000000000        0x4 c:/st/stm32cubeide_1.10.1/stm32cubeide/plugins/com.st.stm32cube.ide.mcu.externaltools.gnu-tools-for-stm32.10.3-2021.10.win32_1.0.100.202210260954/tools/bin/../lib/gcc/arm-none-eabi/10.3.1/thumb/v7e-m+fp/hard/crtbegin.o
 .rodata        0x0000000000000000       0x24 c:/st/stm32cubeide_1.10.1/stm32cubeide/plugins/com.st.stm32cube.ide.mcu.externaltools.gnu-tools-for-stm32.10.3-2021.10.win32_1.0.100.202210260954/tools/bin/../lib/gcc/arm-none-eabi/10.3.1/thumb/v7e-m+fp/hard/crtbegin.o
 .text          0x0000000000000000       0x7c c:/st/stm32cubeide_1.10.1/stm32cubeide/plugins/com.st.stm32cube.ide.mcu.externaltools.gnu-tools-for-stm32.10.3-2021.10.win32_1.0.100.202210260954/tools/bin/../lib/gcc/arm-none-eabi/10.3.1/../../../../arm-none-eabi/lib/thumb/v7e-m+fp/hard/crt0.o
 .data          0x0000000000000000        0x0 c:/st/stm32cubeide_1.10.1/stm32cubeide/plugins/com.st.stm32cube.ide.mcu.externaltools.gnu-tools-for-stm32.10.3-2021.10.win32_1.0.100.202210260954/tools/bin/../lib/gcc/arm-none-eabi/10.3.1/../../../../arm-none-eabi/lib/thumb/v7e-m+fp/hard/crt0.o
 .bss           0x0000000000000000        0x0 c:/st/stm32cubeide_1.10.1/stm32cubeide/plugins/com.st.stm32cube.ide.mcu.externaltools.gnu-tools-for-stm32.10.3-2021.10.win32_1.0.100.202210260954/tools/bin/../lib/gcc/arm-none-eabi/10.3.1/../../../../arm-none-eabi/lib/thumb/v7e-m+fp/hard/crt0.o
 .ARM.extab     0x0000000000000000        0x0 c:/st/stm32cubeide_1.10.1/stm32cubeide/plugins/com.st.stm32cube.ide.mcu.externaltools.gnu-tools-for-stm32.10.3-2021.10.win32_1.0.100.202210260954/tools/bin/../lib/gcc/arm-none-eabi/10.3.1/../../../../arm-none-eabi/lib/thumb/v7e-m+fp/hard/crt0.o
 .ARM.exidx     0x0000000000000000       0x10 c:/st/stm32cubeide_1.10.1/stm32cubeide/plugins/com.st.stm32cube.ide.mcu.externaltools.gnu-tools-for-stm32.10.3-2021.10.win32_1.0.100.202210260954/tools/bin/../lib/gcc/arm-none-eabi/10.3.1/../../../../arm-none-eabi/lib/thumb/v7e-m+fp/hard/crt0.o
 .ARM.attributes
                0x0000000000000000       0x1c c:/st/stm32cubeide_1.10.1/stm32cubeide/plugins/com.st.stm32cube.ide.mcu.externaltools.gnu-tools-for-stm32.10.3-2021.10.win32_1.0.100.202210260954/tools/bin/../lib/gcc/arm-none-eabi/10.3.1/../../../../arm-none-eabi/lib/thumb/v7e-m+fp/hard/crt0.o
 .group         0x0000000000000000        0xc ./Src/00-LIB/Software_Delay.o
 .group         0x0000000000000000        0xc ./Src/00-LIB/Software_Delay.o
 .text          0x0000000000000000        0x0 ./Src/00-LIB/Software_Delay.o
 .data          0x0000000000000000        0x0 ./Src/00-LIB/Software_Delay.o
 .bss           0x0000000000000000        0x0 ./Src/00-LIB/Software_Delay.o
 .text._delay_ms
                0x0000000000000000       0x34 ./Src/00-LIB/Software_Delay.o
 .debug_info    0x0000000000000000       0xc0 ./Src/00-LIB/Software_Delay.o
 .debug_abbrev  0x0000000000000000       0x83 ./Src/00-LIB/Software_Delay.o
 .debug_aranges
                0x0000000000000000       0x20 ./Src/00-LIB/Software_Delay.o
 .debug_ranges  0x0000000000000000       0x10 ./Src/00-LIB/Software_Delay.o
 .debug_macro   0x0000000000000000       0x24 ./Src/00-LIB/Software_Delay.o
 .debug_macro   0x0000000000000000      0xa7e ./Src/00-LIB/Software_Delay.o
 .debug_macro   0x0000000000000000       0x28 ./Src/00-LIB/Software_Delay.o
 .debug_line    0x0000000000000000       0x9d ./Src/00-LIB/Software_Delay.o
 .debug_str     0x0000000000000000     0x2dc6 ./Src/00-LIB/Software_Delay.o
 .comment       0x0000000000000000       0x51 ./Src/00-LIB/Software_Delay.o
 .debug_frame   0x0000000000000000       0x38 ./Src/00-LIB/Software_Delay.o
 .ARM.attributes
                0x0000000000000000       0x34 ./Src/00-LIB/Software_Delay.o
 .group         0x0000000000000000        0xc ./Src/01-MCAL/00-RCC/RCC_program.o
 .group         0x0000000000000000        0xc ./Src/01-MCAL/00-RCC/RCC_program.o
 .group         0x0000000000000000        0xc ./Src/01-MCAL/00-RCC/RCC_program.o
 .group         0x0000000000000000        0xc ./Src/01-MCAL/00-RCC/RCC_program.o
 .group         0x0000000000000000        0xc ./Src/01-MCAL/00-RCC/RCC_program.o
 .group         0x0000000000000000        0xc ./Src/01-MCAL/00-RCC/RCC_program.o
 .text          0x0000000000000000        0x0 ./Src/01-MCAL/00-RCC/RCC_program.o
 .data          0x0000000000000000        0x0 ./Src/01-MCAL/00-RCC/RCC_program.o
 .bss           0x0000000000000000        0x0 ./Src/01-MCAL/00-RCC/RCC_program.o
 .text.RCC_voidPeripheralClockDisable
                0x0000000000000000       0xb4 ./Src/01-MCAL/00-RCC/RCC_program.o
 .debug_macro   0x0000000000000000      0xa7e ./Src/01-MCAL/00-RCC/RCC_program.o
 .group         0x0000000000000000        0xc ./Src/01-MCAL/01-PORT/PORT_program.o
 .group         0x0000000000000000        0xc ./Src/01-MCAL/01-PORT/PORT_program.o
 .group         0x0000000000000000        0xc ./Src/01-MCAL/01-PORT/PORT_program.o
 .group         0x0000000000000000        0xc ./Src/01-MCAL/01-PORT/PORT_program.o
 .group         0x0000000000000000        0xc ./Src/01-MCAL/01-PORT/PORT_program.o
 .group         0x0000000000000000        0xc ./Src/01-MCAL/01-PORT/PORT_program.o
 .text          0x0000000000000000        0x0 ./Src/01-MCAL/01-PORT/PORT_program.o
 .data          0x0000000000000000        0x0 ./Src/01-MCAL/01-PORT/PORT_program.o
 .bss           0x0000000000000000        0x0 ./Src/01-MCAL/01-PORT/PORT_program.o
 .text.PORT_voidInit
                0x0000000000000000      0x110 ./Src/01-MCAL/01-PORT/PORT_program.o
 .debug_info    0x0000000000000000       0x8e ./Src/01-MCAL/01-PORT/PORT_program.o
 .debug_abbrev  0x0000000000000000       0x4b ./Src/01-MCAL/01-PORT/PORT_program.o
 .debug_aranges
                0x0000000000000000       0x20 ./Src/01-MCAL/01-PORT/PORT_program.o
 .debug_ranges  0x0000000000000000       0x10 ./Src/01-MCAL/01-PORT/PORT_program.o
 .debug_macro   0x0000000000000000       0x48 ./Src/01-MCAL/01-PORT/PORT_program.o
 .debug_macro   0x0000000000000000      0xa7e ./Src/01-MCAL/01-PORT/PORT_program.o
 .debug_macro   0x0000000000000000       0x28 ./Src/01-MCAL/01-PORT/PORT_program.o
 .debug_macro   0x0000000000000000       0x76 ./Src/01-MCAL/01-PORT/PORT_program.o
 .debug_macro   0x0000000000000000      0x30a ./Src/01-MCAL/01-PORT/PORT_program.o
 .debug_macro   0x0000000000000000      0x162 ./Src/01-MCAL/01-PORT/PORT_program.o
 .debug_macro   0x0000000000000000      0x4fa ./Src/01-MCAL/01-PORT/PORT_program.o
 .debug_line    0x0000000000000000      0x143 ./Src/01-MCAL/01-PORT/PORT_program.o
 .debug_str     0x0000000000000000     0x6846 ./Src/01-MCAL/01-PORT/PORT_program.o
 .comment       0x0000000000000000       0x51 ./Src/01-MCAL/01-PORT/PORT_program.o
 .debug_frame   0x0000000000000000       0x30 ./Src/01-MCAL/01-PORT/PORT_program.o
 .ARM.attributes
                0x0000000000000000       0x34 ./Src/01-MCAL/01-PORT/PORT_program.o
 .group         0x0000000000000000        0xc ./Src/01-MCAL/02-GPIO/GPIO_program.o
 .group         0x0000000000000000        0xc ./Src/01-MCAL/02-GPIO/GPIO_program.o
 .group         0x0000000000000000        0xc ./Src/01-MCAL/02-GPIO/GPIO_program.o
 .group         0x0000000000000000        0xc ./Src/01-MCAL/02-GPIO/GPIO_program.o
 .group         0x0000000000000000        0xc ./Src/01-MCAL/02-GPIO/GPIO_program.o
 .text          0x0000000000000000        0x0 ./Src/01-MCAL/02-GPIO/GPIO_program.o
 .data          0x0000000000000000        0x0 ./Src/01-MCAL/02-GPIO/GPIO_program.o
 .bss           0x0000000000000000        0x0 ./Src/01-MCAL/02-GPIO/GPIO_program.o
 .text.GPIO_SetPortValue
                0x0000000000000000       0x64 ./Src/01-MCAL/02-GPIO/GPIO_program.o
 .text.GPIO_GetPinValue
                0x0000000000000000       0xa8 ./Src/01-MCAL/02-GPIO/GPIO_program.o
 .text.GPIO_GetPortValue
                0x0000000000000000       0x74 ./Src/01-MCAL/02-GPIO/GPIO_program.o
 .text.GPIO_voidSetGroupChannel
                0x0000000000000000       0xec ./Src/01-MCAL/02-GPIO/GPIO_program.o
 .text.GPIO_SetPinValue_BSRR
                0x0000000000000000       0xb4 ./Src/01-MCAL/02-GPIO/GPIO_program.o
 .debug_macro   0x0000000000000000      0xa7e ./Src/01-MCAL/02-GPIO/GPIO_program.o
 .debug_macro   0x0000000000000000       0x28 ./Src/01-MCAL/02-GPIO/GPIO_program.o
 .debug_macro   0x0000000000000000       0x76 ./Src/01-MCAL/02-GPIO/GPIO_program.o
 .group         0x0000000000000000        0xc ./Src/01-MCAL/03-EXTI/EXTI_program.o
 .group         0x0000000000000000        0xc ./Src/01-MCAL/03-EXTI/EXTI_program.o
 .group         0x0000000000000000        0xc ./Src/01-MCAL/03-EXTI/EXTI_program.o
 .group         0x0000000000000000        0xc ./Src/01-MCAL/03-EXTI/EXTI_program.o
 .group         0x0000000000000000        0xc ./Src/01-MCAL/03-EXTI/EXTI_program.o
 .text          0x0000000000000000        0x0 ./Src/01-MCAL/03-EXTI/EXTI_program.o
 .data          0x0000000000000000        0x0 ./Src/01-MCAL/03-EXTI/EXTI_program.o
 .bss           0x0000000000000000        0x0 ./Src/01-MCAL/03-EXTI/EXTI_program.o
 .text.EXTI_voidInit
                0x0000000000000000       0x70 ./Src/01-MCAL/03-EXTI/EXTI_program.o
 .text.EXTI_voidTriggerSelection
                0x0000000000000000       0x88 ./Src/01-MCAL/03-EXTI/EXTI_program.o
 .text.EXTI_voidEnableEXTI
                0x0000000000000000       0x30 ./Src/01-MCAL/03-EXTI/EXTI_program.o
 .text.EXTI_voidDisableEXTI
                0x0000000000000000       0x30 ./Src/01-MCAL/03-EXTI/EXTI_program.o
 .text.EXTI_voidClearPendingFlag
                0x0000000000000000       0x30 ./Src/01-MCAL/03-EXTI/EXTI_program.o
 .text.EXTI_voidSoftwareTrigger
                0x0000000000000000       0x30 ./Src/01-MCAL/03-EXTI/EXTI_program.o
 .text.EXTI_voidSetCallBack
                0x0000000000000000       0x28 ./Src/01-MCAL/03-EXTI/EXTI_program.o
 .debug_macro   0x0000000000000000      0xa7e ./Src/01-MCAL/03-EXTI/EXTI_program.o
 .debug_macro   0x0000000000000000       0x28 ./Src/01-MCAL/03-EXTI/EXTI_program.o
 .debug_macro   0x0000000000000000       0x76 ./Src/01-MCAL/03-EXTI/EXTI_program.o
 .group         0x0000000000000000        0xc ./Src/01-MCAL/04-NVIC/NVIC_program.o
 .group         0x0000000000000000        0xc ./Src/01-MCAL/04-NVIC/NVIC_program.o
 .group         0x0000000000000000        0xc ./Src/01-MCAL/04-NVIC/NVIC_program.o
 .group         0x0000000000000000        0xc ./Src/01-MCAL/04-NVIC/NVIC_program.o
 .group         0x0000000000000000        0xc ./Src/01-MCAL/04-NVIC/NVIC_program.o
 .text          0x0000000000000000        0x0 ./Src/01-MCAL/04-NVIC/NVIC_program.o
 .data          0x0000000000000000        0x0 ./Src/01-MCAL/04-NVIC/NVIC_program.o
 .bss           0x0000000000000000        0x0 ./Src/01-MCAL/04-NVIC/NVIC_program.o
 .bss.GlobalStatic_32GroupConfig
                0x0000000000000000        0x4 ./Src/01-MCAL/04-NVIC/NVIC_program.o
 .text.NVIC_voidDisableInterrupt
                0x0000000000000000       0x3c ./Src/01-MCAL/04-NVIC/NVIC_program.o
 .text.NVIC_voidSetPendingFlag
                0x0000000000000000       0x3c ./Src/01-MCAL/04-NVIC/NVIC_program.o
 .text.NVIC_voidClearPendingFlag
                0x0000000000000000       0x3c ./Src/01-MCAL/04-NVIC/NVIC_program.o
 .text.NVIC_u8GetActiveFlag
                0x0000000000000000       0x4c ./Src/01-MCAL/04-NVIC/NVIC_program.o
 .text.NVIC_voidSetPriorityConfig
                0x0000000000000000       0x28 ./Src/01-MCAL/04-NVIC/NVIC_program.o
 .text.NVIC_voidSetPriority
                0x0000000000000000       0xbc ./Src/01-MCAL/04-NVIC/NVIC_program.o
 .debug_macro   0x0000000000000000      0xa7e ./Src/01-MCAL/04-NVIC/NVIC_program.o
 .debug_macro   0x0000000000000000       0x28 ./Src/01-MCAL/04-NVIC/NVIC_program.o
 .debug_macro   0x0000000000000000       0x76 ./Src/01-MCAL/04-NVIC/NVIC_program.o
 .group         0x0000000000000000        0xc ./Src/01-MCAL/05-SYSTICK/STK_program.o
 .group         0x0000000000000000        0xc ./Src/01-MCAL/05-SYSTICK/STK_program.o
 .group         0x0000000000000000        0xc ./Src/01-MCAL/05-SYSTICK/STK_program.o
 .group         0x0000000000000000        0xc ./Src/01-MCAL/05-SYSTICK/STK_program.o
 .group         0x0000000000000000        0xc ./Src/01-MCAL/05-SYSTICK/STK_program.o
 .text          0x0000000000000000        0x0 ./Src/01-MCAL/05-SYSTICK/STK_program.o
 .data          0x0000000000000000        0x0 ./Src/01-MCAL/05-SYSTICK/STK_program.o
 .bss           0x0000000000000000        0x0 ./Src/01-MCAL/05-SYSTICK/STK_program.o
 .text.STK_voidInit
                0x0000000000000000       0x38 ./Src/01-MCAL/05-SYSTICK/STK_program.o
 .text.STK_voidStopTimer
                0x0000000000000000       0x38 ./Src/01-MCAL/05-SYSTICK/STK_program.o
 .text.STK_voidSetBusyWait
                0x0000000000000000       0x54 ./Src/01-MCAL/05-SYSTICK/STK_program.o
 .text.STK_voidSetSingleInterval
                0x0000000000000000       0x50 ./Src/01-MCAL/05-SYSTICK/STK_program.o
 .text.STK_voidSetPeriodicInterval
                0x0000000000000000       0x54 ./Src/01-MCAL/05-SYSTICK/STK_program.o
 .text.STK_u32GetElapsedTime
                0x0000000000000000       0x1c ./Src/01-MCAL/05-SYSTICK/STK_program.o
 .text.STK_u32GetRemainingTime
                0x0000000000000000       0x18 ./Src/01-MCAL/05-SYSTICK/STK_program.o
 .text.STK_u64Millis
                0x0000000000000000       0x78 ./Src/01-MCAL/05-SYSTICK/STK_program.o
 .bss.Finished_Millis.2
                0x0000000000000000        0x4 ./Src/01-MCAL/05-SYSTICK/STK_program.o
 .bss.Last_Time_Millis.1
                0x0000000000000000        0x4 ./Src/01-MCAL/05-SYSTICK/STK_program.o
 .bss.Elapsed_Time_Millis.0
                0x0000000000000000        0x8 ./Src/01-MCAL/05-SYSTICK/STK_program.o
 .debug_macro   0x0000000000000000      0xa7e ./Src/01-MCAL/05-SYSTICK/STK_program.o
 .debug_macro   0x0000000000000000       0x28 ./Src/01-MCAL/05-SYSTICK/STK_program.o
 .debug_macro   0x0000000000000000       0x76 ./Src/01-MCAL/05-SYSTICK/STK_program.o
 .group         0x0000000000000000        0xc ./Src/01-MCAL/06-USART/USART_program.o
 .group         0x0000000000000000        0xc ./Src/01-MCAL/06-USART/USART_program.o
 .group         0x0000000000000000        0xc ./Src/01-MCAL/06-USART/USART_program.o
 .group         0x0000000000000000        0xc ./Src/01-MCAL/06-USART/USART_program.o
 .group         0x0000000000000000        0xc ./Src/01-MCAL/06-USART/USART_program.o
 .text          0x0000000000000000        0x0 ./Src/01-MCAL/06-USART/USART_program.o
 .data          0x0000000000000000        0x0 ./Src/01-MCAL/06-USART/USART_program.o
 .bss           0x0000000000000000        0x0 ./Src/01-MCAL/06-USART/USART_program.o
 .text.USART_u8ReadDataRegister
                0x0000000000000000       0x1a ./Src/01-MCAL/06-USART/USART_program.o
 .text.USART_voidReceiveByteSynchBlocking
                0x0000000000000000       0x34 ./Src/01-MCAL/06-USART/USART_program.o
 .text.USART_voidSynchReceiveDataNonBlocking
                0x0000000000000000       0x60 ./Src/01-MCAL/06-USART/USART_program.o
 .text.USART1_voidSetCallBack
                0x0000000000000000       0x20 ./Src/01-MCAL/06-USART/USART_program.o
 .text.USART2_voidSetCallBack
                0x0000000000000000       0x20 ./Src/01-MCAL/06-USART/USART_program.o
 .text.USART6_voidSetCallBack
                0x0000000000000000       0x20 ./Src/01-MCAL/06-USART/USART_program.o
 .debug_macro   0x0000000000000000      0xa7e ./Src/01-MCAL/06-USART/USART_program.o
 .debug_macro   0x0000000000000000       0x28 ./Src/01-MCAL/06-USART/USART_program.o
 .debug_macro   0x0000000000000000       0x76 ./Src/01-MCAL/06-USART/USART_program.o
 .group         0x0000000000000000        0xc ./Src/01-MCAL/08-TIMER/TIMER_program.o
 .group         0x0000000000000000        0xc ./Src/01-MCAL/08-TIMER/TIMER_program.o
 .group         0x0000000000000000        0xc ./Src/01-MCAL/08-TIMER/TIMER_program.o
 .group         0x0000000000000000        0xc ./Src/01-MCAL/08-TIMER/TIMER_program.o
 .group         0x0000000000000000        0xc ./Src/01-MCAL/08-TIMER/TIMER_program.o
 .group         0x0000000000000000        0xc ./Src/01-MCAL/08-TIMER/TIMER_program.o
 .text          0x0000000000000000        0x0 ./Src/01-MCAL/08-TIMER/TIMER_program.o
 .data          0x0000000000000000        0x0 ./Src/01-MCAL/08-TIMER/TIMER_program.o
 .bss           0x0000000000000000        0x0 ./Src/01-MCAL/08-TIMER/TIMER_program.o
 .debug_macro   0x0000000000000000      0xa7e ./Src/01-MCAL/08-TIMER/TIMER_program.o
 .debug_macro   0x0000000000000000       0x28 ./Src/01-MCAL/08-TIMER/TIMER_program.o
 .debug_macro   0x0000000000000000       0x76 ./Src/01-MCAL/08-TIMER/TIMER_program.o
 .group         0x0000000000000000        0xc ./Src/02-HAL/ULTRA_SONIC_program.o
 .group         0x0000000000000000        0xc ./Src/02-HAL/ULTRA_SONIC_program.o
 .group         0x0000000000000000        0xc ./Src/02-HAL/ULTRA_SONIC_program.o
 .group         0x0000000000000000        0xc ./Src/02-HAL/ULTRA_SONIC_program.o
 .group         0x0000000000000000        0xc ./Src/02-HAL/ULTRA_SONIC_program.o
 .group         0x0000000000000000        0xc ./Src/02-HAL/ULTRA_SONIC_program.o
 .group         0x0000000000000000        0xc ./Src/02-HAL/ULTRA_SONIC_program.o
 .text          0x0000000000000000        0x0 ./Src/02-HAL/ULTRA_SONIC_program.o
 .data          0x0000000000000000        0x0 ./Src/02-HAL/ULTRA_SONIC_program.o
 .bss           0x0000000000000000        0x0 ./Src/02-HAL/ULTRA_SONIC_program.o
 .debug_macro   0x0000000000000000      0xa7e ./Src/02-HAL/ULTRA_SONIC_program.o
 .debug_macro   0x0000000000000000       0x28 ./Src/02-HAL/ULTRA_SONIC_program.o
 .debug_macro   0x0000000000000000       0x76 ./Src/02-HAL/ULTRA_SONIC_program.o
 .debug_macro   0x0000000000000000       0x34 ./Src/02-HAL/ULTRA_SONIC_program.o
 .debug_macro   0x0000000000000000       0x22 ./Src/02-HAL/ULTRA_SONIC_program.o
 .debug_macro   0x0000000000000000       0x58 ./Src/02-HAL/ULTRA_SONIC_program.o
 .group         0x0000000000000000        0xc ./Src/02-HAL/kalman_filter.o
 .group         0x0000000000000000        0xc ./Src/02-HAL/kalman_filter.o
 .text          0x0000000000000000        0x0 ./Src/02-HAL/kalman_filter.o
 .data          0x0000000000000000        0x0 ./Src/02-HAL/kalman_filter.o
 .bss           0x0000000000000000        0x0 ./Src/02-HAL/kalman_filter.o
 .debug_macro   0x0000000000000000      0xa7e ./Src/02-HAL/kalman_filter.o
 .debug_macro   0x0000000000000000       0x28 ./Src/02-HAL/kalman_filter.o
 .group         0x0000000000000000        0xc ./Src/main.o
 .group         0x0000000000000000        0xc ./Src/main.o
 .group         0x0000000000000000        0xc ./Src/main.o
 .group         0x0000000000000000        0xc ./Src/main.o
 .group         0x0000000000000000        0xc ./Src/main.o
 .group         0x0000000000000000        0xc ./Src/main.o
 .group         0x0000000000000000        0xc ./Src/main.o
 .group         0x0000000000000000        0xc ./Src/main.o
 .group         0x0000000000000000        0xc ./Src/main.o
 .group         0x0000000000000000        0xc ./Src/main.o
 .group         0x0000000000000000        0xc ./Src/main.o
 .group         0x0000000000000000        0xc ./Src/main.o
 .group         0x0000000000000000        0xc ./Src/main.o
 .group         0x0000000000000000        0xc ./Src/main.o
 .text          0x0000000000000000        0x0 ./Src/main.o
 .data          0x0000000000000000        0x0 ./Src/main.o
 .bss           0x0000000000000000        0x0 ./Src/main.o
 .debug_macro   0x0000000000000000      0xa7e ./Src/main.o
 .debug_macro   0x0000000000000000       0x28 ./Src/main.o
 .debug_macro   0x0000000000000000       0x76 ./Src/main.o
 .debug_macro   0x0000000000000000       0x22 ./Src/main.o
 .debug_macro   0x0000000000000000       0x34 ./Src/main.o
 .debug_macro   0x0000000000000000       0xbe ./Src/main.o
 .debug_macro   0x0000000000000000       0x58 ./Src/main.o
 .debug_macro   0x0000000000000000       0x16 ./Src/main.o
 .group         0x0000000000000000        0xc ./Src/syscalls.o
 .group         0x0000000000000000        0xc ./Src/syscalls.o
 .group         0x0000000000000000        0xc ./Src/syscalls.o
 .group         0x0000000000000000        0xc ./Src/syscalls.o
 .group         0x0000000000000000        0xc ./Src/syscalls.o
 .group         0x0000000000000000        0xc ./Src/syscalls.o
 .group         0x0000000000000000        0xc ./Src/syscalls.o
 .group         0x0000000000000000        0xc ./Src/syscalls.o
 .group         0x0000000000000000        0xc ./Src/syscalls.o
 .group         0x0000000000000000        0xc ./Src/syscalls.o
 .group         0x0000000000000000        0xc ./Src/syscalls.o
 .group         0x0000000000000000        0xc ./Src/syscalls.o
 .group         0x0000000000000000        0xc ./Src/syscalls.o
 .group         0x0000000000000000        0xc ./Src/syscalls.o
 .group         0x0000000000000000        0xc ./Src/syscalls.o
 .group         0x0000000000000000        0xc ./Src/syscalls.o
 .group         0x0000000000000000        0xc ./Src/syscalls.o
 .group         0x0000000000000000        0xc ./Src/syscalls.o
 .group         0x0000000000000000        0xc ./Src/syscalls.o
 .group         0x0000000000000000        0xc ./Src/syscalls.o
 .group         0x0000000000000000        0xc ./Src/syscalls.o
 .group         0x0000000000000000        0xc ./Src/syscalls.o
 .group         0x0000000000000000        0xc ./Src/syscalls.o
 .group         0x0000000000000000        0xc ./Src/syscalls.o
 .group         0x0000000000000000        0xc ./Src/syscalls.o
 .group         0x0000000000000000        0xc ./Src/syscalls.o
 .group         0x0000000000000000        0xc ./Src/syscalls.o
 .group         0x0000000000000000        0xc ./Src/syscalls.o
 .group         0x0000000000000000        0xc ./Src/syscalls.o
 .group         0x0000000000000000        0xc ./Src/syscalls.o
 .group         0x0000000000000000        0xc ./Src/syscalls.o
 .group         0x0000000000000000        0xc ./Src/syscalls.o
 .group         0x0000000000000000        0xc ./Src/syscalls.o
 .group         0x0000000000000000        0xc ./Src/syscalls.o
 .group         0x0000000000000000        0xc ./Src/syscalls.o
 .group         0x0000000000000000        0xc ./Src/syscalls.o
 .group         0x0000000000000000        0xc ./Src/syscalls.o
 .group         0x0000000000000000        0xc ./Src/syscalls.o
 .group         0x0000000000000000        0xc ./Src/syscalls.o
 .group         0x0000000000000000        0xc ./Src/syscalls.o
 .group         0x0000000000000000        0xc ./Src/syscalls.o
 .group         0x0000000000000000        0xc ./Src/syscalls.o
 .group         0x0000000000000000        0xc ./Src/syscalls.o
 .group         0x0000000000000000        0xc ./Src/syscalls.o
 .group         0x0000000000000000        0xc ./Src/syscalls.o
 .group         0x0000000000000000        0xc ./Src/syscalls.o
 .group         0x0000000000000000        0xc ./Src/syscalls.o
 .text          0x0000000000000000        0x0 ./Src/syscalls.o
 .data          0x0000000000000000        0x0 ./Src/syscalls.o
 .bss           0x0000000000000000        0x0 ./Src/syscalls.o
 .bss.__env     0x0000000000000000        0x4 ./Src/syscalls.o
 .data.environ  0x0000000000000000        0x4 ./Src/syscalls.o
 .text.initialise_monitor_handles
                0x0000000000000000        0xe ./Src/syscalls.o
 .text._getpid  0x0000000000000000       0x10 ./Src/syscalls.o
 .text._kill    0x0000000000000000       0x20 ./Src/syscalls.o
 .text._exit    0x0000000000000000       0x14 ./Src/syscalls.o
 .text._read    0x0000000000000000       0x3a ./Src/syscalls.o
 .text._write   0x0000000000000000       0x38 ./Src/syscalls.o
 .text._close   0x0000000000000000       0x18 ./Src/syscalls.o
 .text._fstat   0x0000000000000000       0x20 ./Src/syscalls.o
 .text._isatty  0x0000000000000000       0x16 ./Src/syscalls.o
 .text._lseek   0x0000000000000000       0x1a ./Src/syscalls.o
 .text._open    0x0000000000000000       0x1c ./Src/syscalls.o
 .text._wait    0x0000000000000000       0x1e ./Src/syscalls.o
 .text._unlink  0x0000000000000000       0x1e ./Src/syscalls.o
 .text._times   0x0000000000000000       0x18 ./Src/syscalls.o
 .text._stat    0x0000000000000000       0x20 ./Src/syscalls.o
 .text._link    0x0000000000000000       0x20 ./Src/syscalls.o
 .text._fork    0x0000000000000000       0x16 ./Src/syscalls.o
 .text._execve  0x0000000000000000       0x22 ./Src/syscalls.o
 .debug_info    0x0000000000000000      0x6e0 ./Src/syscalls.o
 .debug_abbrev  0x0000000000000000      0x1b3 ./Src/syscalls.o
 .debug_aranges
                0x0000000000000000       0xa8 ./Src/syscalls.o
 .debug_ranges  0x0000000000000000       0x98 ./Src/syscalls.o
 .debug_macro   0x0000000000000000      0x24c ./Src/syscalls.o
 .debug_macro   0x0000000000000000      0xa7e ./Src/syscalls.o
 .debug_macro   0x0000000000000000       0x22 ./Src/syscalls.o
 .debug_macro   0x0000000000000000       0x4c ./Src/syscalls.o
 .debug_macro   0x0000000000000000       0x1e ./Src/syscalls.o
 .debug_macro   0x0000000000000000       0x94 ./Src/syscalls.o
 .debug_macro   0x0000000000000000       0x3c ./Src/syscalls.o
 .debug_macro   0x0000000000000000       0x34 ./Src/syscalls.o
 .debug_macro   0x0000000000000000       0x57 ./Src/syscalls.o
 .debug_macro   0x0000000000000000      0x174 ./Src/syscalls.o
 .debug_macro   0x0000000000000000      0x341 ./Src/syscalls.o
 .debug_macro   0x0000000000000000       0x16 ./Src/syscalls.o
 .debug_macro   0x0000000000000000       0x43 ./Src/syscalls.o
 .debug_macro   0x0000000000000000       0x34 ./Src/syscalls.o
 .debug_macro   0x0000000000000000       0x10 ./Src/syscalls.o
 .debug_macro   0x0000000000000000       0x58 ./Src/syscalls.o
 .debug_macro   0x0000000000000000       0x71 ./Src/syscalls.o
 .debug_macro   0x0000000000000000       0x1c ./Src/syscalls.o
 .debug_macro   0x0000000000000000      0x12a ./Src/syscalls.o
 .debug_macro   0x0000000000000000       0x10 ./Src/syscalls.o
 .debug_macro   0x0000000000000000       0x35 ./Src/syscalls.o
 .debug_macro   0x0000000000000000       0x10 ./Src/syscalls.o
 .debug_macro   0x0000000000000000       0x10 ./Src/syscalls.o
 .debug_macro   0x0000000000000000       0x10 ./Src/syscalls.o
 .debug_macro   0x0000000000000000       0x6a ./Src/syscalls.o
 .debug_macro   0x0000000000000000       0x1c ./Src/syscalls.o
 .debug_macro   0x0000000000000000       0x52 ./Src/syscalls.o
 .debug_macro   0x0000000000000000       0x22 ./Src/syscalls.o
 .debug_macro   0x0000000000000000       0x10 ./Src/syscalls.o
 .debug_macro   0x0000000000000000       0x52 ./Src/syscalls.o
 .debug_macro   0x0000000000000000       0xd5 ./Src/syscalls.o
 .debug_macro   0x0000000000000000       0x1c ./Src/syscalls.o
 .debug_macro   0x0000000000000000       0x3d ./Src/syscalls.o
 .debug_macro   0x0000000000000000       0x35 ./Src/syscalls.o
 .debug_macro   0x0000000000000000      0x12c ./Src/syscalls.o
 .debug_macro   0x0000000000000000       0x16 ./Src/syscalls.o
 .debug_macro   0x0000000000000000       0x16 ./Src/syscalls.o
 .debug_macro   0x0000000000000000       0x29 ./Src/syscalls.o
 .debug_macro   0x0000000000000000       0x10 ./Src/syscalls.o
 .debug_macro   0x0000000000000000      0x241 ./Src/syscalls.o
 .debug_macro   0x0000000000000000       0x1c ./Src/syscalls.o
 .debug_macro   0x0000000000000000       0x10 ./Src/syscalls.o
 .debug_macro   0x0000000000000000       0x10 ./Src/syscalls.o
 .debug_macro   0x0000000000000000       0x16 ./Src/syscalls.o
 .debug_macro   0x0000000000000000      0x145 ./Src/syscalls.o
 .debug_macro   0x0000000000000000      0x189 ./Src/syscalls.o
 .debug_macro   0x0000000000000000       0x16 ./Src/syscalls.o
 .debug_macro   0x0000000000000000       0xce ./Src/syscalls.o
 .debug_line    0x0000000000000000      0x7f9 ./Src/syscalls.o
 .debug_str     0x0000000000000000     0x8a75 ./Src/syscalls.o
 .comment       0x0000000000000000       0x51 ./Src/syscalls.o
 .debug_frame   0x0000000000000000      0x2ac ./Src/syscalls.o
 .ARM.attributes
                0x0000000000000000       0x34 ./Src/syscalls.o
 .group         0x0000000000000000        0xc ./Src/sysmem.o
 .group         0x0000000000000000        0xc ./Src/sysmem.o
 .group         0x0000000000000000        0xc ./Src/sysmem.o
 .group         0x0000000000000000        0xc ./Src/sysmem.o
 .group         0x0000000000000000        0xc ./Src/sysmem.o
 .group         0x0000000000000000        0xc ./Src/sysmem.o
 .group         0x0000000000000000        0xc ./Src/sysmem.o
 .group         0x0000000000000000        0xc ./Src/sysmem.o
 .group         0x0000000000000000        0xc ./Src/sysmem.o
 .group         0x0000000000000000        0xc ./Src/sysmem.o
 .group         0x0000000000000000        0xc ./Src/sysmem.o
 .group         0x0000000000000000        0xc ./Src/sysmem.o
 .group         0x0000000000000000        0xc ./Src/sysmem.o
 .group         0x0000000000000000        0xc ./Src/sysmem.o
 .group         0x0000000000000000        0xc ./Src/sysmem.o
 .group         0x0000000000000000        0xc ./Src/sysmem.o
 .group         0x0000000000000000        0xc ./Src/sysmem.o
 .group         0x0000000000000000        0xc ./Src/sysmem.o
 .group         0x0000000000000000        0xc ./Src/sysmem.o
 .group         0x0000000000000000        0xc ./Src/sysmem.o
 .group         0x0000000000000000        0xc ./Src/sysmem.o
 .group         0x0000000000000000        0xc ./Src/sysmem.o
 .text          0x0000000000000000        0x0 ./Src/sysmem.o
 .data          0x0000000000000000        0x0 ./Src/sysmem.o
 .bss           0x0000000000000000        0x0 ./Src/sysmem.o
 .bss.__sbrk_heap_end
                0x0000000000000000        0x4 ./Src/sysmem.o
 .text._sbrk    0x0000000000000000       0x6c ./Src/sysmem.o
 .debug_info    0x0000000000000000      0x171 ./Src/sysmem.o
 .debug_abbrev  0x0000000000000000       0xbb ./Src/sysmem.o
 .debug_aranges
                0x0000000000000000       0x20 ./Src/sysmem.o
 .debug_ranges  0x0000000000000000       0x10 ./Src/sysmem.o
 .debug_macro   0x0000000000000000       0xff ./Src/sysmem.o
 .debug_macro   0x0000000000000000      0xa7e ./Src/sysmem.o
 .debug_macro   0x0000000000000000       0x10 ./Src/sysmem.o
 .debug_macro   0x0000000000000000       0x22 ./Src/sysmem.o
 .debug_macro   0x0000000000000000       0x4c ./Src/sysmem.o
 .debug_macro   0x0000000000000000       0x1e ./Src/sysmem.o
 .debug_macro   0x0000000000000000       0x94 ./Src/sysmem.o
 .debug_macro   0x0000000000000000       0x3c ./Src/sysmem.o
 .debug_macro   0x0000000000000000       0x34 ./Src/sysmem.o
 .debug_macro   0x0000000000000000      0x174 ./Src/sysmem.o
 .debug_macro   0x0000000000000000       0x16 ./Src/sysmem.o
 .debug_macro   0x0000000000000000       0x43 ./Src/sysmem.o
 .debug_macro   0x0000000000000000       0x57 ./Src/sysmem.o
 .debug_macro   0x0000000000000000       0x34 ./Src/sysmem.o
 .debug_macro   0x0000000000000000       0x10 ./Src/sysmem.o
 .debug_macro   0x0000000000000000       0x58 ./Src/sysmem.o
 .debug_macro   0x0000000000000000       0x71 ./Src/sysmem.o
 .debug_macro   0x0000000000000000       0x1c ./Src/sysmem.o
 .debug_macro   0x0000000000000000      0x12a ./Src/sysmem.o
 .debug_macro   0x0000000000000000      0x23b ./Src/sysmem.o
 .debug_macro   0x0000000000000000      0x103 ./Src/sysmem.o
 .debug_macro   0x0000000000000000       0x6a ./Src/sysmem.o
 .debug_macro   0x0000000000000000      0x1df ./Src/sysmem.o
 .debug_line    0x0000000000000000      0x4ef ./Src/sysmem.o
 .debug_str     0x0000000000000000     0x5db1 ./Src/sysmem.o
 .comment       0x0000000000000000       0x51 ./Src/sysmem.o
 .debug_frame   0x0000000000000000       0x34 ./Src/sysmem.o
 .ARM.attributes
                0x0000000000000000       0x34 ./Src/sysmem.o
 .text          0x0000000000000000       0x14 ./Startup/startup_stm32f401ccux.o
 .data          0x0000000000000000        0x0 ./Startup/startup_stm32f401ccux.o
 .bss           0x0000000000000000        0x0 ./Startup/startup_stm32f401ccux.o
 .text          0x0000000000000000        0x0 c:/st/stm32cubeide_1.10.1/stm32cubeide/plugins/com.st.stm32cube.ide.mcu.externaltools.gnu-tools-for-stm32.10.3-2021.10.win32_1.0.100.202210260954/tools/bin/../lib/gcc/arm-none-eabi/10.3.1/../../../../arm-none-eabi/lib/thumb/v7e-m+fp/hard\libc_nano.a(lib_a-errno.o)
 .data          0x0000000000000000        0x0 c:/st/stm32cubeide_1.10.1/stm32cubeide/plugins/com.st.stm32cube.ide.mcu.externaltools.gnu-tools-for-stm32.10.3-2021.10.win32_1.0.100.202210260954/tools/bin/../lib/gcc/arm-none-eabi/10.3.1/../../../../arm-none-eabi/lib/thumb/v7e-m+fp/hard\libc_nano.a(lib_a-errno.o)
 .bss           0x0000000000000000        0x0 c:/st/stm32cubeide_1.10.1/stm32cubeide/plugins/com.st.stm32cube.ide.mcu.externaltools.gnu-tools-for-stm32.10.3-2021.10.win32_1.0.100.202210260954/tools/bin/../lib/gcc/arm-none-eabi/10.3.1/../../../../arm-none-eabi/lib/thumb/v7e-m+fp/hard\libc_nano.a(lib_a-errno.o)
 .text.__errno  0x0000000000000000        0xc c:/st/stm32cubeide_1.10.1/stm32cubeide/plugins/com.st.stm32cube.ide.mcu.externaltools.gnu-tools-for-stm32.10.3-2021.10.win32_1.0.100.202210260954/tools/bin/../lib/gcc/arm-none-eabi/10.3.1/../../../../arm-none-eabi/lib/thumb/v7e-m+fp/hard\libc_nano.a(lib_a-errno.o)
 .debug_frame   0x0000000000000000       0x20 c:/st/stm32cubeide_1.10.1/stm32cubeide/plugins/com.st.stm32cube.ide.mcu.externaltools.gnu-tools-for-stm32.10.3-2021.10.win32_1.0.100.202210260954/tools/bin/../lib/gcc/arm-none-eabi/10.3.1/../../../../arm-none-eabi/lib/thumb/v7e-m+fp/hard\libc_nano.a(lib_a-errno.o)
 .ARM.attributes
                0x0000000000000000       0x34 c:/st/stm32cubeide_1.10.1/stm32cubeide/plugins/com.st.stm32cube.ide.mcu.externaltools.gnu-tools-for-stm32.10.3-2021.10.win32_1.0.100.202210260954/tools/bin/../lib/gcc/arm-none-eabi/10.3.1/../../../../arm-none-eabi/lib/thumb/v7e-m+fp/hard\libc_nano.a(lib_a-errno.o)
 .text          0x0000000000000000        0x0 c:/st/stm32cubeide_1.10.1/stm32cubeide/plugins/com.st.stm32cube.ide.mcu.externaltools.gnu-tools-for-stm32.10.3-2021.10.win32_1.0.100.202210260954/tools/bin/../lib/gcc/arm-none-eabi/10.3.1/../../../../arm-none-eabi/lib/thumb/v7e-m+fp/hard\libc_nano.a(lib_a-exit.o)
 .data          0x0000000000000000        0x0 c:/st/stm32cubeide_1.10.1/stm32cubeide/plugins/com.st.stm32cube.ide.mcu.externaltools.gnu-tools-for-stm32.10.3-2021.10.win32_1.0.100.202210260954/tools/bin/../lib/gcc/arm-none-eabi/10.3.1/../../../../arm-none-eabi/lib/thumb/v7e-m+fp/hard\libc_nano.a(lib_a-exit.o)
 .bss           0x0000000000000000        0x0 c:/st/stm32cubeide_1.10.1/stm32cubeide/plugins/com.st.stm32cube.ide.mcu.externaltools.gnu-tools-for-stm32.10.3-2021.10.win32_1.0.100.202210260954/tools/bin/../lib/gcc/arm-none-eabi/10.3.1/../../../../arm-none-eabi/lib/thumb/v7e-m+fp/hard\libc_nano.a(lib_a-exit.o)
 .text.exit     0x0000000000000000       0x28 c:/st/stm32cubeide_1.10.1/stm32cubeide/plugins/com.st.stm32cube.ide.mcu.externaltools.gnu-tools-for-stm32.10.3-2021.10.win32_1.0.100.202210260954/tools/bin/../lib/gcc/arm-none-eabi/10.3.1/../../../../arm-none-eabi/lib/thumb/v7e-m+fp/hard\libc_nano.a(lib_a-exit.o)
 .debug_frame   0x0000000000000000       0x28 c:/st/stm32cubeide_1.10.1/stm32cubeide/plugins/com.st.stm32cube.ide.mcu.externaltools.gnu-tools-for-stm32.10.3-2021.10.win32_1.0.100.202210260954/tools/bin/../lib/gcc/arm-none-eabi/10.3.1/../../../../arm-none-eabi/lib/thumb/v7e-m+fp/hard\libc_nano.a(lib_a-exit.o)
 .ARM.attributes
                0x0000000000000000       0x34 c:/st/stm32cubeide_1.10.1/stm32cubeide/plugins/com.st.stm32cube.ide.mcu.externaltools.gnu-tools-for-stm32.10.3-2021.10.win32_1.0.100.202210260954/tools/bin/../lib/gcc/arm-none-eabi/10.3.1/../../../../arm-none-eabi/lib/thumb/v7e-m+fp/hard\libc_nano.a(lib_a-exit.o)
 .text          0x0000000000000000        0x0 c:/st/stm32cubeide_1.10.1/stm32cubeide/plugins/com.st.stm32cube.ide.mcu.externaltools.gnu-tools-for-stm32.10.3-2021.10.win32_1.0.100.202210260954/tools/bin/../lib/gcc/arm-none-eabi/10.3.1/../../../../arm-none-eabi/lib/thumb/v7e-m+fp/hard\libc_nano.a(lib_a-impure.o)
 .data          0x0000000000000000        0x0 c:/st/stm32cubeide_1.10.1/stm32cubeide/plugins/com.st.stm32cube.ide.mcu.externaltools.gnu-tools-for-stm32.10.3-2021.10.win32_1.0.100.202210260954/tools/bin/../lib/gcc/arm-none-eabi/10.3.1/../../../../arm-none-eabi/lib/thumb/v7e-m+fp/hard\libc_nano.a(lib_a-impure.o)
 .bss           0x0000000000000000        0x0 c:/st/stm32cubeide_1.10.1/stm32cubeide/plugins/com.st.stm32cube.ide.mcu.externaltools.gnu-tools-for-stm32.10.3-2021.10.win32_1.0.100.202210260954/tools/bin/../lib/gcc/arm-none-eabi/10.3.1/../../../../arm-none-eabi/lib/thumb/v7e-m+fp/hard\libc_nano.a(lib_a-impure.o)
 .data._impure_ptr
                0x0000000000000000        0x4 c:/st/stm32cubeide_1.10.1/stm32cubeide/plugins/com.st.stm32cube.ide.mcu.externaltools.gnu-tools-for-stm32.10.3-2021.10.win32_1.0.100.202210260954/tools/bin/../lib/gcc/arm-none-eabi/10.3.1/../../../../arm-none-eabi/lib/thumb/v7e-m+fp/hard\libc_nano.a(lib_a-impure.o)
 .data.impure_data
                0x0000000000000000       0x60 c:/st/stm32cubeide_1.10.1/stm32cubeide/plugins/com.st.stm32cube.ide.mcu.externaltools.gnu-tools-for-stm32.10.3-2021.10.win32_1.0.100.202210260954/tools/bin/../lib/gcc/arm-none-eabi/10.3.1/../../../../arm-none-eabi/lib/thumb/v7e-m+fp/hard\libc_nano.a(lib_a-impure.o)
 .rodata._global_impure_ptr
                0x0000000000000000        0x4 c:/st/stm32cubeide_1.10.1/stm32cubeide/plugins/com.st.stm32cube.ide.mcu.externaltools.gnu-tools-for-stm32.10.3-2021.10.win32_1.0.100.202210260954/tools/bin/../lib/gcc/arm-none-eabi/10.3.1/../../../../arm-none-eabi/lib/thumb/v7e-m+fp/hard\libc_nano.a(lib_a-impure.o)
 .ARM.attributes
                0x0000000000000000       0x34 c:/st/stm32cubeide_1.10.1/stm32cubeide/plugins/com.st.stm32cube.ide.mcu.externaltools.gnu-tools-for-stm32.10.3-2021.10.win32_1.0.100.202210260954/tools/bin/../lib/gcc/arm-none-eabi/10.3.1/../../../../arm-none-eabi/lib/thumb/v7e-m+fp/hard\libc_nano.a(lib_a-impure.o)
 .text          0x0000000000000000        0x0 c:/st/stm32cubeide_1.10.1/stm32cubeide/plugins/com.st.stm32cube.ide.mcu.externaltools.gnu-tools-for-stm32.10.3-2021.10.win32_1.0.100.202210260954/tools/bin/../lib/gcc/arm-none-eabi/10.3.1/../../../../arm-none-eabi/lib/thumb/v7e-m+fp/hard\libc_nano.a(lib_a-init.o)
 .data          0x0000000000000000        0x0 c:/st/stm32cubeide_1.10.1/stm32cubeide/plugins/com.st.stm32cube.ide.mcu.externaltools.gnu-tools-for-stm32.10.3-2021.10.win32_1.0.100.202210260954/tools/bin/../lib/gcc/arm-none-eabi/10.3.1/../../../../arm-none-eabi/lib/thumb/v7e-m+fp/hard\libc_nano.a(lib_a-init.o)
 .bss           0x0000000000000000        0x0 c:/st/stm32cubeide_1.10.1/stm32cubeide/plugins/com.st.stm32cube.ide.mcu.externaltools.gnu-tools-for-stm32.10.3-2021.10.win32_1.0.100.202210260954/tools/bin/../lib/gcc/arm-none-eabi/10.3.1/../../../../arm-none-eabi/lib/thumb/v7e-m+fp/hard\libc_nano.a(lib_a-init.o)
 .text          0x0000000000000000        0x0 c:/st/stm32cubeide_1.10.1/stm32cubeide/plugins/com.st.stm32cube.ide.mcu.externaltools.gnu-tools-for-stm32.10.3-2021.10.win32_1.0.100.202210260954/tools/bin/../lib/gcc/arm-none-eabi/10.3.1/../../../../arm-none-eabi/lib/thumb/v7e-m+fp/hard\libc_nano.a(lib_a-memset.o)
 .data          0x0000000000000000        0x0 c:/st/stm32cubeide_1.10.1/stm32cubeide/plugins/com.st.stm32cube.ide.mcu.externaltools.gnu-tools-for-stm32.10.3-2021.10.win32_1.0.100.202210260954/tools/bin/../lib/gcc/arm-none-eabi/10.3.1/../../../../arm-none-eabi/lib/thumb/v7e-m+fp/hard\libc_nano.a(lib_a-memset.o)
 .bss           0x0000000000000000        0x0 c:/st/stm32cubeide_1.10.1/stm32cubeide/plugins/com.st.stm32cube.ide.mcu.externaltools.gnu-tools-for-stm32.10.3-2021.10.win32_1.0.100.202210260954/tools/bin/../lib/gcc/arm-none-eabi/10.3.1/../../../../arm-none-eabi/lib/thumb/v7e-m+fp/hard\libc_nano.a(lib_a-memset.o)
 .text.memset   0x0000000000000000       0x10 c:/st/stm32cubeide_1.10.1/stm32cubeide/plugins/com.st.stm32cube.ide.mcu.externaltools.gnu-tools-for-stm32.10.3-2021.10.win32_1.0.100.202210260954/tools/bin/../lib/gcc/arm-none-eabi/10.3.1/../../../../arm-none-eabi/lib/thumb/v7e-m+fp/hard\libc_nano.a(lib_a-memset.o)
 .debug_frame   0x0000000000000000       0x20 c:/st/stm32cubeide_1.10.1/stm32cubeide/plugins/com.st.stm32cube.ide.mcu.externaltools.gnu-tools-for-stm32.10.3-2021.10.win32_1.0.100.202210260954/tools/bin/../lib/gcc/arm-none-eabi/10.3.1/../../../../arm-none-eabi/lib/thumb/v7e-m+fp/hard\libc_nano.a(lib_a-memset.o)
 .ARM.attributes
                0x0000000000000000       0x34 c:/st/stm32cubeide_1.10.1/stm32cubeide/plugins/com.st.stm32cube.ide.mcu.externaltools.gnu-tools-for-stm32.10.3-2021.10.win32_1.0.100.202210260954/tools/bin/../lib/gcc/arm-none-eabi/10.3.1/../../../../arm-none-eabi/lib/thumb/v7e-m+fp/hard\libc_nano.a(lib_a-memset.o)
 .text          0x0000000000000000      0x254 c:/st/stm32cubeide_1.10.1/stm32cubeide/plugins/com.st.stm32cube.ide.mcu.externaltools.gnu-tools-for-stm32.10.3-2021.10.win32_1.0.100.202210260954/tools/bin/../lib/gcc/arm-none-eabi/10.3.1/thumb/v7e-m+fp/hard\libgcc.a(_arm_muldf3.o)
 .data          0x0000000000000000        0x0 c:/st/stm32cubeide_1.10.1/stm32cubeide/plugins/com.st.stm32cube.ide.mcu.externaltools.gnu-tools-for-stm32.10.3-2021.10.win32_1.0.100.202210260954/tools/bin/../lib/gcc/arm-none-eabi/10.3.1/thumb/v7e-m+fp/hard\libgcc.a(_arm_muldf3.o)
 .bss           0x0000000000000000        0x0 c:/st/stm32cubeide_1.10.1/stm32cubeide/plugins/com.st.stm32cube.ide.mcu.externaltools.gnu-tools-for-stm32.10.3-2021.10.win32_1.0.100.202210260954/tools/bin/../lib/gcc/arm-none-eabi/10.3.1/thumb/v7e-m+fp/hard\libgcc.a(_arm_muldf3.o)
 .debug_frame   0x0000000000000000       0x30 c:/st/stm32cubeide_1.10.1/stm32cubeide/plugins/com.st.stm32cube.ide.mcu.externaltools.gnu-tools-for-stm32.10.3-2021.10.win32_1.0.100.202210260954/tools/bin/../lib/gcc/arm-none-eabi/10.3.1/thumb/v7e-m+fp/hard\libgcc.a(_arm_muldf3.o)
 .ARM.attributes
                0x0000000000000000       0x1e c:/st/stm32cubeide_1.10.1/stm32cubeide/plugins/com.st.stm32cube.ide.mcu.externaltools.gnu-tools-for-stm32.10.3-2021.10.win32_1.0.100.202210260954/tools/bin/../lib/gcc/arm-none-eabi/10.3.1/thumb/v7e-m+fp/hard\libgcc.a(_arm_muldf3.o)
 .data          0x0000000000000000        0x0 c:/st/stm32cubeide_1.10.1/stm32cubeide/plugins/com.st.stm32cube.ide.mcu.externaltools.gnu-tools-for-stm32.10.3-2021.10.win32_1.0.100.202210260954/tools/bin/../lib/gcc/arm-none-eabi/10.3.1/thumb/v7e-m+fp/hard\libgcc.a(_arm_addsubdf3.o)
 .bss           0x0000000000000000        0x0 c:/st/stm32cubeide_1.10.1/stm32cubeide/plugins/com.st.stm32cube.ide.mcu.externaltools.gnu-tools-for-stm32.10.3-2021.10.win32_1.0.100.202210260954/tools/bin/../lib/gcc/arm-none-eabi/10.3.1/thumb/v7e-m+fp/hard\libgcc.a(_arm_addsubdf3.o)
 .data          0x0000000000000000        0x0 c:/st/stm32cubeide_1.10.1/stm32cubeide/plugins/com.st.stm32cube.ide.mcu.externaltools.gnu-tools-for-stm32.10.3-2021.10.win32_1.0.100.202210260954/tools/bin/../lib/gcc/arm-none-eabi/10.3.1/thumb/v7e-m+fp/hard\libgcc.a(_arm_muldivdf3.o)
 .bss           0x0000000000000000        0x0 c:/st/stm32cubeide_1.10.1/stm32cubeide/plugins/com.st.stm32cube.ide.mcu.externaltools.gnu-tools-for-stm32.10.3-2021.10.win32_1.0.100.202210260954/tools/bin/../lib/gcc/arm-none-eabi/10.3.1/thumb/v7e-m+fp/hard\libgcc.a(_arm_muldivdf3.o)
 .data          0x0000000000000000        0x0 c:/st/stm32cubeide_1.10.1/stm32cubeide/plugins/com.st.stm32cube.ide.mcu.externaltools.gnu-tools-for-stm32.10.3-2021.10.win32_1.0.100.202210260954/tools/bin/../lib/gcc/arm-none-eabi/10.3.1/thumb/v7e-m+fp/hard\libgcc.a(_arm_fixunsdfsi.o)
 .bss           0x0000000000000000        0x0 c:/st/stm32cubeide_1.10.1/stm32cubeide/plugins/com.st.stm32cube.ide.mcu.externaltools.gnu-tools-for-stm32.10.3-2021.10.win32_1.0.100.202210260954/tools/bin/../lib/gcc/arm-none-eabi/10.3.1/thumb/v7e-m+fp/hard\libgcc.a(_arm_fixunsdfsi.o)
 .text          0x0000000000000000        0x0 c:/st/stm32cubeide_1.10.1/stm32cubeide/plugins/com.st.stm32cube.ide.mcu.externaltools.gnu-tools-for-stm32.10.3-2021.10.win32_1.0.100.202210260954/tools/bin/../lib/gcc/arm-none-eabi/10.3.1/thumb/v7e-m+fp/hard/crtend.o
 .data          0x0000000000000000        0x0 c:/st/stm32cubeide_1.10.1/stm32cubeide/plugins/com.st.stm32cube.ide.mcu.externaltools.gnu-tools-for-stm32.10.3-2021.10.win32_1.0.100.202210260954/tools/bin/../lib/gcc/arm-none-eabi/10.3.1/thumb/v7e-m+fp/hard/crtend.o
 .bss           0x0000000000000000        0x0 c:/st/stm32cubeide_1.10.1/stm32cubeide/plugins/com.st.stm32cube.ide.mcu.externaltools.gnu-tools-for-stm32.10.3-2021.10.win32_1.0.100.202210260954/tools/bin/../lib/gcc/arm-none-eabi/10.3.1/thumb/v7e-m+fp/hard/crtend.o
 .rodata        0x0000000000000000       0x24 c:/st/stm32cubeide_1.10.1/stm32cubeide/plugins/com.st.stm32cube.ide.mcu.externaltools.gnu-tools-for-stm32.10.3-2021.10.win32_1.0.100.202210260954/tools/bin/../lib/gcc/arm-none-eabi/10.3.1/thumb/v7e-m+fp/hard/crtend.o
 .eh_frame      0x0000000000000000        0x4 c:/st/stm32cubeide_1.10.1/stm32cubeide/plugins/com.st.stm32cube.ide.mcu.externaltools.gnu-tools-for-stm32.10.3-2021.10.win32_1.0.100.202210260954/tools/bin/../lib/gcc/arm-none-eabi/10.3.1/thumb/v7e-m+fp/hard/crtend.o
 .ARM.attributes
                0x0000000000000000       0x34 c:/st/stm32cubeide_1.10.1/stm32cubeide/plugins/com.st.stm32cube.ide.mcu.externaltools.gnu-tools-for-stm32.10.3-2021.10.win32_1.0.100.202210260954/tools/bin/../lib/gcc/arm-none-eabi/10.3.1/thumb/v7e-m+fp/hard/crtend.o
 .text          0x0000000000000000        0x0 c:/st/stm32cubeide_1.10.1/stm32cubeide/plugins/com.st.stm32cube.ide.mcu.externaltools.gnu-tools-for-stm32.10.3-2021.10.win32_1.0.100.202210260954/tools/bin/../lib/gcc/arm-none-eabi/10.3.1/thumb/v7e-m+fp/hard/crtn.o
 .data          0x0000000000000000        0x0 c:/st/stm32cubeide_1.10.1/stm32cubeide/plugins/com.st.stm32cube.ide.mcu.externaltools.gnu-tools-for-stm32.10.3-2021.10.win32_1.0.100.202210260954/tools/bin/../lib/gcc/arm-none-eabi/10.3.1/thumb/v7e-m+fp/hard/crtn.o
 .bss           0x0000000000000000        0x0 c:/st/stm32cubeide_1.10.1/stm32cubeide/plugins/com.st.stm32cube.ide.mcu.externaltools.gnu-tools-for-stm32.10.3-2021.10.win32_1.0.100.202210260954/tools/bin/../lib/gcc/arm-none-eabi/10.3.1/thumb/v7e-m+fp/hard/crtn.o

Memory Configuration

Name             Origin             Length             Attributes
RAM              0x0000000020000000 0x0000000000010000 xrw
FLASH            0x0000000008000000 0x0000000000040000 xr
*default*        0x0000000000000000 0xffffffffffffffff

Linker script and memory map

LOAD c:/st/stm32cubeide_1.10.1/stm32cubeide/plugins/com.st.stm32cube.ide.mcu.externaltools.gnu-tools-for-stm32.10.3-2021.10.win32_1.0.100.202210260954/tools/bin/../lib/gcc/arm-none-eabi/10.3.1/thumb/v7e-m+fp/hard/crti.o
LOAD c:/st/stm32cubeide_1.10.1/stm32cubeide/plugins/com.st.stm32cube.ide.mcu.externaltools.gnu-tools-for-stm32.10.3-2021.10.win32_1.0.100.202210260954/tools/bin/../lib/gcc/arm-none-eabi/10.3.1/thumb/v7e-m+fp/hard/crtbegin.o
LOAD c:/st/stm32cubeide_1.10.1/stm32cubeide/plugins/com.st.stm32cube.ide.mcu.externaltools.gnu-tools-for-stm32.10.3-2021.10.win32_1.0.100.202210260954/tools/bin/../lib/gcc/arm-none-eabi/10.3.1/../../../../arm-none-eabi/lib/thumb/v7e-m+fp/hard/crt0.o
LOAD ./Src/00-LIB/Software_Delay.o
LOAD ./Src/01-MCAL/00-RCC/RCC_program.o
LOAD ./Src/01-MCAL/01-PORT/PORT_program.o
LOAD ./Src/01-MCAL/02-GPIO/GPIO_program.o
LOAD ./Src/01-MCAL/03-EXTI/EXTI_program.o
LOAD ./Src/01-MCAL/04-NVIC/NVIC_program.o
LOAD ./Src/01-MCAL/05-SYSTICK/STK_program.o
LOAD ./Src/01-MCAL/06-USART/USART_program.o
LOAD ./Src/01-MCAL/08-TIMER/TIMER_program.o
LOAD ./Src/02-HAL/ULTRA_SONIC_program.o
LOAD ./Src/02-HAL/kalman_filter.o
LOAD ./Src/main.o
LOAD ./Src/syscalls.o
LOAD ./Src/sysmem.o
LOAD ./Startup/startup_stm32f401ccux.o
START GROUP
LOAD c:/st/stm32cubeide_1.10.1/stm32cubeide/plugins/com.st.stm32cube.ide.mcu.externaltools.gnu-tools-for-stm32.10.3-2021.10.win32_1.0.100.202210260954/tools/bin/../lib/gcc/arm-none-eabi/10.3.1/../../../../arm-none-eabi/lib/thumb/v7e-m+fp/hard\libc_nano.a
LOAD c:/st/stm32cubeide_1.10.1/stm32cubeide/plugins/com.st.stm32cube.ide.mcu.externaltools.gnu-tools-for-stm32.10.3-2021.10.win32_1.0.100.202210260954/tools/bin/../lib/gcc/arm-none-eabi/10.3.1/../../../../arm-none-eabi/lib/thumb/v7e-m+fp/hard\libm.a
END GROUP
START GROUP
LOAD c:/st/stm32cubeide_1.10.1/stm32cubeide/plugins/com.st.stm32cube.ide.mcu.externaltools.gnu-tools-for-stm32.10.3-2021.10.win32_1.0.100.202210260954/tools/bin/../lib/gcc/arm-none-eabi/10.3.1/thumb/v7e-m+fp/hard\libgcc.a
LOAD c:/st/stm32cubeide_1.10.1/stm32cubeide/plugins/com.st.stm32cube.ide.mcu.externaltools.gnu-tools-for-stm32.10.3-2021.10.win32_1.0.100.202210260954/tools/bin/../lib/gcc/arm-none-eabi/10.3.1/../../../../arm-none-eabi/lib/thumb/v7e-m+fp/hard\libc_nano.a
END GROUP
START GROUP
LOAD c:/st/stm32cubeide_1.10.1/stm32cubeide/plugins/com.st.stm32cube.ide.mcu.externaltools.gnu-tools-for-stm32.10.3-2021.10.win32_1.0.100.202210260954/tools/bin/../lib/gcc/arm-none-eabi/10.3.1/thumb/v7e-m+fp/hard\libgcc.a
LOAD c:/st/stm32cubeide_1.10.1/stm32cubeide/plugins/com.st.stm32cube.ide.mcu.externaltools.gnu-tools-for-stm32.10.3-2021.10.win32_1.0.100.202210260954/tools/bin/../lib/gcc/arm-none-eabi/10.3.1/../../../../arm-none-eabi/lib/thumb/v7e-m+fp/hard\libc_nano.a
LOAD c:/st/stm32cubeide_1.10.1/stm32cubeide/plugins/com.st.stm32cube.ide.mcu.externaltools.gnu-tools-for-stm32.10.3-2021.10.win32_1.0.100.202210260954/tools/bin/../lib/gcc/arm-none-eabi/10.3.1/../../../../arm-none-eabi/lib/thumb/v7e-m+fp/hard\libnosys.a
END GROUP
START GROUP
LOAD c:/st/stm32cubeide_1.10.1/stm32cubeide/plugins/com.st.stm32cube.ide.mcu.externaltools.gnu-tools-for-stm32.10.3-2021.10.win32_1.0.100.202210260954/tools/bin/../lib/gcc/arm-none-eabi/10.3.1/thumb/v7e-m+fp/hard\libgcc.a
LOAD c:/st/stm32cubeide_1.10.1/stm32cubeide/plugins/com.st.stm32cube.ide.mcu.externaltools.gnu-tools-for-stm32.10.3-2021.10.win32_1.0.100.202210260954/tools/bin/../lib/gcc/arm-none-eabi/10.3.1/../../../../arm-none-eabi/lib/thumb/v7e-m+fp/hard\libc_nano.a
LOAD c:/st/stm32cubeide_1.10.1/stm32cubeide/plugins/com.st.stm32cube.ide.mcu.externaltools.gnu-tools-for-stm32.10.3-2021.10.win32_1.0.100.202210260954/tools/bin/../lib/gcc/arm-none-eabi/10.3.1/../../../../arm-none-eabi/lib/thumb/v7e-m+fp/hard\libnosys.a
END GROUP
LOAD c:/st/stm32cubeide_1.10.1/stm32cubeide/plugins/com.st.stm32cube.ide.mcu.externaltools.gnu-tools-for-stm32.10.3-2021.10.win32_1.0.100.202210260954/tools/bin/../lib/gcc/arm-none-eabi/10.3.1/thumb/v7e-m+fp/hard/crtend.o
LOAD c:/st/stm32cubeide_1.10.1/stm32cubeide/plugins/com.st.stm32cube.ide.mcu.externaltools.gnu-tools-for-stm32.10.3-2021.10.win32_1.0.100.202210260954/tools/bin/../lib/gcc/arm-none-eabi/10.3.1/thumb/v7e-m+fp/hard/crtn.o
                0x0000000020010000                _estack = (ORIGIN (RAM) + LENGTH (RAM))
                0x0000000000000200                _Min_Heap_Size = 0x200
                0x0000000000000400                _Min_Stack_Size = 0x400

.isr_vector     0x0000000008000000      0x194
                0x0000000008000000                . = ALIGN (0x4)
 *(.isr_vector)
 .isr_vector    0x0000000008000000      0x194 ./Startup/startup_stm32f401ccux.o
                0x0000000008000000                g_pfnVectors
                0x0000000008000194                . = ALIGN (0x4)

.text           0x0000000008000198     0x1b14
                0x0000000008000198                . = ALIGN (0x4)
 *(.text)
 .text          0x0000000008000198       0x40 c:/st/stm32cubeide_1.10.1/stm32cubeide/plugins/com.st.stm32cube.ide.mcu.externaltools.gnu-tools-for-stm32.10.3-2021.10.win32_1.0.100.202210260954/tools/bin/../lib/gcc/arm-none-eabi/10.3.1/thumb/v7e-m+fp/hard/crtbegin.o
 .text          0x00000000080001d8      0x378 c:/st/stm32cubeide_1.10.1/stm32cubeide/plugins/com.st.stm32cube.ide.mcu.externaltools.gnu-tools-for-stm32.10.3-2021.10.win32_1.0.100.202210260954/tools/bin/../lib/gcc/arm-none-eabi/10.3.1/thumb/v7e-m+fp/hard\libgcc.a(_arm_addsubdf3.o)
                0x00000000080001d8                __aeabi_drsub
                0x00000000080001e0                __aeabi_dsub
                0x00000000080001e0                __subdf3
                0x00000000080001e4                __aeabi_dadd
                0x00000000080001e4                __adddf3
                0x000000000800045c                __floatunsidf
                0x000000000800045c                __aeabi_ui2d
                0x000000000800047c                __floatsidf
                0x000000000800047c                __aeabi_i2d
                0x00000000080004a0                __aeabi_f2d
                0x00000000080004a0                __extendsfdf2
                0x00000000080004e4                __floatundidf
                0x00000000080004e4                __aeabi_ul2d
                0x00000000080004f4                __floatdidf
                0x00000000080004f4                __aeabi_l2d
 .text          0x0000000008000550      0x424 c:/st/stm32cubeide_1.10.1/stm32cubeide/plugins/com.st.stm32cube.ide.mcu.externaltools.gnu-tools-for-stm32.10.3-2021.10.win32_1.0.100.202210260954/tools/bin/../lib/gcc/arm-none-eabi/10.3.1/thumb/v7e-m+fp/hard\libgcc.a(_arm_muldivdf3.o)
                0x0000000008000550                __aeabi_dmul
                0x0000000008000550                __muldf3
                0x00000000080007a4                __divdf3
                0x00000000080007a4                __aeabi_ddiv
 .text          0x0000000008000974       0x40 c:/st/stm32cubeide_1.10.1/stm32cubeide/plugins/com.st.stm32cube.ide.mcu.externaltools.gnu-tools-for-stm32.10.3-2021.10.win32_1.0.100.202210260954/tools/bin/../lib/gcc/arm-none-eabi/10.3.1/thumb/v7e-m+fp/hard\libgcc.a(_arm_fixunsdfsi.o)
                0x0000000008000974                __aeabi_d2uiz
                0x0000000008000974                __fixunsdfsi
 *(.text*)
 .text.RCC_voidSystemClockInit
                0x00000000080009b4       0x9c ./Src/01-MCAL/00-RCC/RCC_program.o
                0x00000000080009b4                RCC_voidSystemClockInit
 .text.RCC_voidPeripheralClockEnable
                0x0000000008000a50       0xac ./Src/01-MCAL/00-RCC/RCC_program.o
                0x0000000008000a50                RCC_voidPeripheralClockEnable
 .text.GPIO_SetPinValue
                0x0000000008000afc       0xbc ./Src/01-MCAL/02-GPIO/GPIO_program.o
                0x0000000008000afc                GPIO_SetPinValue
 .text.EXTI0_IRQHandler
                0x0000000008000bb8       0x24 ./Src/01-MCAL/03-EXTI/EXTI_program.o
                0x0000000008000bb8                EXTI0_IRQHandler
 .text.EXTI1_IRQHandler
                0x0000000008000bdc       0x24 ./Src/01-MCAL/03-EXTI/EXTI_program.o
                0x0000000008000bdc                EXTI1_IRQHandler
 .text.EXTI2_IRQHandler
                0x0000000008000c00       0x24 ./Src/01-MCAL/03-EXTI/EXTI_program.o
                0x0000000008000c00                EXTI2_IRQHandler
 .text.EXTI3_IRQHandler
                0x0000000008000c24       0x24 ./Src/01-MCAL/03-EXTI/EXTI_program.o
                0x0000000008000c24                EXTI3_IRQHandler
 .text.EXTI4_IRQHandler
                0x0000000008000c48       0x24 ./Src/01-MCAL/03-EXTI/EXTI_program.o
                0x0000000008000c48                EXTI4_IRQHandler
 .text.NVIC_voidEnableInterrupt
                0x0000000008000c6c       0x38 ./Src/01-MCAL/04-NVIC/NVIC_program.o
                0x0000000008000c6c                NVIC_voidEnableInterrupt
 .text.SysTick_Handler
                0x0000000008000ca4       0x5c ./Src/01-MCAL/05-SYSTICK/STK_program.o
                0x0000000008000ca4                SysTick_Handler
 .text.USART_voidInit
                0x0000000008000d00       0xc0 ./Src/01-MCAL/06-USART/USART_program.o
                0x0000000008000d00                USART_voidInit
 .text.USART_voidSendByte
                0x0000000008000dc0       0x46 ./Src/01-MCAL/06-USART/USART_program.o
                0x0000000008000dc0                USART_voidSendByte
 .text.USART_voidSendString
                0x0000000008000e06       0x3c ./Src/01-MCAL/06-USART/USART_program.o
                0x0000000008000e06                USART_voidSendString
 *fill*         0x0000000008000e42        0x2 
 .text.USART1_IRQHandler
                0x0000000008000e44       0x1c ./Src/01-MCAL/06-USART/USART_program.o
                0x0000000008000e44                USART1_IRQHandler
 .text.USART2_IRQHandler
                0x0000000008000e60       0x1c ./Src/01-MCAL/06-USART/USART_program.o
                0x0000000008000e60                USART2_IRQHandler
 .text.USART6_IRQHandler
                0x0000000008000e7c       0x1c ./Src/01-MCAL/06-USART/USART_program.o
                0x0000000008000e7c                USART6_IRQHandler
 .text.MTimer_voidInit
                0x0000000008000e98      0x210 ./Src/01-MCAL/08-TIMER/TIMER_program.o
                0x0000000008000e98                MTimer_voidInit
 .text.MTimer_voidSetCallBack
                0x00000000080010a8       0x60 ./Src/01-MCAL/08-TIMER/TIMER_program.o
                0x00000000080010a8                MTimer_voidSetCallBack
 .text.MTimer_Delay_us
                0x0000000008001108       0x40 ./Src/01-MCAL/08-TIMER/TIMER_program.o
                0x0000000008001108                MTimer_Delay_us
 .text.MTimer_Delay_ms
                0x0000000008001148       0x30 ./Src/01-MCAL/08-TIMER/TIMER_program.o
                0x0000000008001148                MTimer_Delay_ms
 .text.MTimer_EnableInputCapture
                0x0000000008001178      0x334 ./Src/01-MCAL/08-TIMER/TIMER_program.o
                0x0000000008001178                MTimer_EnableInputCapture
 .text.MTimer_GetCCRValue
                0x00000000080014ac       0xd8 ./Src/01-MCAL/08-TIMER/TIMER_program.o
                0x00000000080014ac                MTimer_GetCCRValue
 .text.MTimer_SetInputCapturePolarity
                0x0000000008001584      0x164 ./Src/01-MCAL/08-TIMER/TIMER_program.o
                0x0000000008001584                MTimer_SetInputCapturePolarity
 .text.MTimer_ClearCounter
                0x00000000080016e8       0x5c ./Src/01-MCAL/08-TIMER/TIMER_program.o
                0x00000000080016e8                MTimer_ClearCounter
 .text.TIM1_CC_IRQHandler
                0x0000000008001744       0x14 ./Src/01-MCAL/08-TIMER/TIMER_program.o
                0x0000000008001744                TIM1_CC_IRQHandler
 .text.TIM2_IRQHandler
                0x0000000008001758       0x14 ./Src/01-MCAL/08-TIMER/TIMER_program.o
                0x0000000008001758                TIM2_IRQHandler
 .text.TIM3_IRQHandler
                0x000000000800176c       0x14 ./Src/01-MCAL/08-TIMER/TIMER_program.o
                0x000000000800176c                TIM3_IRQHandler
 .text.TIM4_IRQHandler
                0x0000000008001780       0x14 ./Src/01-MCAL/08-TIMER/TIMER_program.o
                0x0000000008001780                TIM4_IRQHandler
 .text.Ultrasonic_voidInit
                0x0000000008001794       0x6c ./Src/02-HAL/ULTRA_SONIC_program.o
                0x0000000008001794                Ultrasonic_voidInit
 .text.Ultrasonic_voidTrigger
                0x0000000008001800       0x44 ./Src/02-HAL/ULTRA_SONIC_program.o
                0x0000000008001800                Ultrasonic_voidTrigger
 *fill*         0x0000000008001844        0x4 
 .text.Ultrasonic_voidGetDistance_CallBack
                0x0000000008001848      0x190 ./Src/02-HAL/ULTRA_SONIC_program.o
                0x0000000008001848                Ultrasonic_voidGetDistance_CallBack
 .text.KalmanFilter_init
                0x00000000080019d8       0x3c ./Src/02-HAL/ULTRA_SONIC_program.o
 .text.KalmanFilter_calculate
                0x0000000008001a14       0xa2 ./Src/02-HAL/kalman_filter.o
                0x0000000008001a14                KalmanFilter_calculate
 *fill*         0x0000000008001ab6        0x2 
 .text.main     0x0000000008001ab8       0x78 ./Src/main.o
                0x0000000008001ab8                main
 .text.RCC_Init
                0x0000000008001b30       0x54 ./Src/main.o
                0x0000000008001b30                RCC_Init
 .text.USART_Init
                0x0000000008001b84       0x38 ./Src/main.o
                0x0000000008001b84                USART_Init
 .text.ultra_init
                0x0000000008001bbc       0x3a ./Src/main.o
                0x0000000008001bbc                ultra_init
 *fill*         0x0000000008001bf6        0x2 
 .text.Reset_Handler
                0x0000000008001bf8       0x50 ./Startup/startup_stm32f401ccux.o
                0x0000000008001bf8                Reset_Handler
 .text.Default_Handler
                0x0000000008001c48        0x2 ./Startup/startup_stm32f401ccux.o
                0x0000000008001c48                DebugMon_Handler
                0x0000000008001c48                SPI4_IRQHandler
                0x0000000008001c48                DMA2_Stream5_IRQHandler
                0x0000000008001c48                HardFault_Handler
                0x0000000008001c48                DMA1_Stream5_IRQHandler
                0x0000000008001c48                SDIO_IRQHandler
                0x0000000008001c48                TAMP_STAMP_IRQHandler
                0x0000000008001c48                PendSV_Handler
                0x0000000008001c48                NMI_Handler
                0x0000000008001c48                TIM1_UP_TIM10_IRQHandler
                0x0000000008001c48                I2C3_ER_IRQHandler
                0x0000000008001c48                EXTI18_OTG_FS_WKUP_IRQHandler
                0x0000000008001c48                I2C2_EV_IRQHandler
                0x0000000008001c48                DMA1_Stream2_IRQHandler
                0x0000000008001c48                UsageFault_Handler
                0x0000000008001c48                DMA2_Stream2_IRQHandler
                0x0000000008001c48                SPI1_IRQHandler
                0x0000000008001c48                TIM1_BRK_TIM9_IRQHandler
                0x0000000008001c48                DMA2_Stream3_IRQHandler
                0x0000000008001c48                DMA2_Stream0_IRQHandler
                0x0000000008001c48                I2C1_EV_IRQHandler
                0x0000000008001c48                DMA1_Stream6_IRQHandler
                0x0000000008001c48                DMA1_Stream1_IRQHandler
                0x0000000008001c48                RCC_IRQHandler
                0x0000000008001c48                Default_Handler
                0x0000000008001c48                EXTI15_10_IRQHandler
                0x0000000008001c48                ADC_IRQHandler
                0x0000000008001c48                DMA1_Stream7_IRQHandler
                0x0000000008001c48                TIM5_IRQHandler
                0x0000000008001c48                DMA2_Stream7_IRQHandler
                0x0000000008001c48                I2C3_EV_IRQHandler
                0x0000000008001c48                EXTI9_5_IRQHandler
                0x0000000008001c48                SPI2_IRQHandler
                0x0000000008001c48                MemManage_Handler
                0x0000000008001c48                DMA1_Stream0_IRQHandler
                0x0000000008001c48                SVC_Handler
                0x0000000008001c48                EXTI22_RTC_WKUP_IRQHandler
                0x0000000008001c48                EXTI16_PVD_IRQHandler
                0x0000000008001c48                TIM1_TRG_COM_TIM11_IRQHandler
                0x0000000008001c48                EXTI17_RTC_Alarm_IRQHandler
                0x0000000008001c48                I2C2_ER_IRQHandler
                0x0000000008001c48                DMA2_Stream1_IRQHandler
                0x0000000008001c48                FLASH_IRQHandler
                0x0000000008001c48                DMA2_Stream4_IRQHandler
                0x0000000008001c48                BusFault_Handler
                0x0000000008001c48                OTG_FS_IRQHandler
                0x0000000008001c48                SPI3_IRQHandler
                0x0000000008001c48                DMA1_Stream4_IRQHandler
                0x0000000008001c48                I2C1_ER_IRQHandler
                0x0000000008001c48                DMA2_Stream6_IRQHandler
                0x0000000008001c48                DMA1_Stream3_IRQHandler
 *fill*         0x0000000008001c4a        0x2 
 .text.__libc_init_array
                0x0000000008001c4c       0x48 c:/st/stm32cubeide_1.10.1/stm32cubeide/plugins/com.st.stm32cube.ide.mcu.externaltools.gnu-tools-for-stm32.10.3-2021.10.win32_1.0.100.202210260954/tools/bin/../lib/gcc/arm-none-eabi/10.3.1/../../../../arm-none-eabi/lib/thumb/v7e-m+fp/hard\libc_nano.a(lib_a-init.o)
                0x0000000008001c4c                __libc_init_array
 *(.glue_7)
 .glue_7        0x0000000008001c94        0x0 linker stubs
 *(.glue_7t)
 .glue_7t       0x0000000008001c94        0x0 linker stubs
 *(.eh_frame)
 .eh_frame      0x0000000008001c94        0x0 c:/st/stm32cubeide_1.10.1/stm32cubeide/plugins/com.st.stm32cube.ide.mcu.externaltools.gnu-tools-for-stm32.10.3-2021.10.win32_1.0.100.202210260954/tools/bin/../lib/gcc/arm-none-eabi/10.3.1/thumb/v7e-m+fp/hard/crtbegin.o
 *(.init)
 .init          0x0000000008001c94        0x4 c:/st/stm32cubeide_1.10.1/stm32cubeide/plugins/com.st.stm32cube.ide.mcu.externaltools.gnu-tools-for-stm32.10.3-2021.10.win32_1.0.100.202210260954/tools/bin/../lib/gcc/arm-none-eabi/10.3.1/thumb/v7e-m+fp/hard/crti.o
                0x0000000008001c94                _init
 .init          0x0000000008001c98        0x8 c:/st/stm32cubeide_1.10.1/stm32cubeide/plugins/com.st.stm32cube.ide.mcu.externaltools.gnu-tools-for-stm32.10.3-2021.10.win32_1.0.100.202210260954/tools/bin/../lib/gcc/arm-none-eabi/10.3.1/thumb/v7e-m+fp/hard/crtn.o
 *(.fini)
 .fini          0x0000000008001ca0        0x4 c:/st/stm32cubeide_1.10.1/stm32cubeide/plugins/com.st.stm32cube.ide.mcu.externaltools.gnu-tools-for-stm32.10.3-2021.10.win32_1.0.100.202210260954/tools/bin/../lib/gcc/arm-none-eabi/10.3.1/thumb/v7e-m+fp/hard/crti.o
                0x0000000008001ca0                _fini
 .fini          0x0000000008001ca4        0x8 c:/st/stm32cubeide_1.10.1/stm32cubeide/plugins/com.st.stm32cube.ide.mcu.externaltools.gnu-tools-for-stm32.10.3-2021.10.win32_1.0.100.202210260954/tools/bin/../lib/gcc/arm-none-eabi/10.3.1/thumb/v7e-m+fp/hard/crtn.o
                0x0000000008001cac                . = ALIGN (0x4)
                0x0000000008001cac                _etext = .

.vfp11_veneer   0x0000000008001cac        0x0
 .vfp11_veneer  0x0000000008001cac        0x0 linker stubs

.v4_bx          0x0000000008001cac        0x0
 .v4_bx         0x0000000008001cac        0x0 linker stubs

.iplt           0x0000000008001cac        0x0
 .iplt          0x0000000008001cac        0x0 c:/st/stm32cubeide_1.10.1/stm32cubeide/plugins/com.st.stm32cube.ide.mcu.externaltools.gnu-tools-for-stm32.10.3-2021.10.win32_1.0.100.202210260954/tools/bin/../lib/gcc/arm-none-eabi/10.3.1/thumb/v7e-m+fp/hard/crtbegin.o

.rodata         0x0000000008001cac       0x14
                0x0000000008001cac                . = ALIGN (0x4)
 *(.rodata)
 .rodata        0x0000000008001cac       0x14 ./Src/main.o
 *(.rodata*)
                0x0000000008001cc0                . = ALIGN (0x4)

.rel.dyn        0x0000000008001cc0        0x0
 .rel.iplt      0x0000000008001cc0        0x0 c:/st/stm32cubeide_1.10.1/stm32cubeide/plugins/com.st.stm32cube.ide.mcu.externaltools.gnu-tools-for-stm32.10.3-2021.10.win32_1.0.100.202210260954/tools/bin/../lib/gcc/arm-none-eabi/10.3.1/thumb/v7e-m+fp/hard/crtbegin.o

.ARM.extab      0x0000000008001cc0        0x0
                0x0000000008001cc0                . = ALIGN (0x4)
 *(.ARM.extab* .gnu.linkonce.armextab.*)
                0x0000000008001cc0                . = ALIGN (0x4)

.ARM            0x0000000008001cc0        0x0
                0x0000000008001cc0                . = ALIGN (0x4)
                0x0000000008001cc0                __exidx_start = .
 *(.ARM.exidx*)
                0x0000000008001cc0                __exidx_end = .
                0x0000000008001cc0                . = ALIGN (0x4)

.preinit_array  0x0000000008001cc0        0x0
                0x0000000008001cc0                . = ALIGN (0x4)
                0x0000000008001cc0                PROVIDE (__preinit_array_start = .)
 *(.preinit_array*)
                0x0000000008001cc0                PROVIDE (__preinit_array_end = .)
                0x0000000008001cc0                . = ALIGN (0x4)

.init_array     0x0000000008001cc0        0x4
                0x0000000008001cc0                . = ALIGN (0x4)
                0x0000000008001cc0                PROVIDE (__init_array_start = .)
 *(SORT_BY_NAME(.init_array.*))
 *(.init_array*)
 .init_array    0x0000000008001cc0        0x4 c:/st/stm32cubeide_1.10.1/stm32cubeide/plugins/com.st.stm32cube.ide.mcu.externaltools.gnu-tools-for-stm32.10.3-2021.10.win32_1.0.100.202210260954/tools/bin/../lib/gcc/arm-none-eabi/10.3.1/thumb/v7e-m+fp/hard/crtbegin.o
                0x0000000008001cc4                PROVIDE (__init_array_end = .)
                0x0000000008001cc4                . = ALIGN (0x4)

.fini_array     0x0000000008001cc4        0x4
                0x0000000008001cc4                . = ALIGN (0x4)
                [!provide]                        PROVIDE (__fini_array_start = .)
 *(SORT_BY_NAME(.fini_array.*))
 *(.fini_array*)
 .fini_array    0x0000000008001cc4        0x4 c:/st/stm32cubeide_1.10.1/stm32cubeide/plugins/com.st.stm32cube.ide.mcu.externaltools.gnu-tools-for-stm32.10.3-2021.10.win32_1.0.100.202210260954/tools/bin/../lib/gcc/arm-none-eabi/10.3.1/thumb/v7e-m+fp/hard/crtbegin.o
                [!provide]                        PROVIDE (__fini_array_end = .)
                0x0000000008001cc8                . = ALIGN (0x4)
                0x0000000008001cc8                _sidata = LOADADDR (.data)

.data           0x0000000020000000        0x0 load address 0x0000000008001cc8
                0x0000000020000000                . = ALIGN (0x4)
                0x0000000020000000                _sdata = .
 *(.data)
 *(.data*)
 *(.RamFunc)
 *(.RamFunc*)
                0x0000000020000000                . = ALIGN (0x4)
                0x0000000020000000                _edata = .

.igot.plt       0x0000000020000000        0x0 load address 0x0000000008001cc8
 .igot.plt      0x0000000020000000        0x0 c:/st/stm32cubeide_1.10.1/stm32cubeide/plugins/com.st.stm32cube.ide.mcu.externaltools.gnu-tools-for-stm32.10.3-2021.10.win32_1.0.100.202210260954/tools/bin/../lib/gcc/arm-none-eabi/10.3.1/thumb/v7e-m+fp/hard/crtbegin.o
                0x0000000020000000                . = ALIGN (0x4)

.bss            0x0000000020000000       0xb0 load address 0x0000000008001cc8
                0x0000000020000000                _sbss = .
                0x0000000020000000                __bss_start__ = _sbss
 *(.bss)
 .bss           0x0000000020000000       0x1c c:/st/stm32cubeide_1.10.1/stm32cubeide/plugins/com.st.stm32cube.ide.mcu.externaltools.gnu-tools-for-stm32.10.3-2021.10.win32_1.0.100.202210260954/tools/bin/../lib/gcc/arm-none-eabi/10.3.1/thumb/v7e-m+fp/hard/crtbegin.o
 *(.bss*)
 .bss.EXTI_CallBack
                0x000000002000001c       0x40 ./Src/01-MCAL/03-EXTI/EXTI_program.o
 .bss.STK_CallBack
                0x000000002000005c        0x4 ./Src/01-MCAL/05-SYSTICK/STK_program.o
 .bss.STK_u8ModeOFInterval
                0x0000000020000060        0x1 ./Src/01-MCAL/05-SYSTICK/STK_program.o
 *fill*         0x0000000020000061        0x3 
 .bss.USART1_CallBack
                0x0000000020000064        0x4 ./Src/01-MCAL/06-USART/USART_program.o
                0x0000000020000064                USART1_CallBack
 .bss.USART2_CallBack
                0x0000000020000068        0x4 ./Src/01-MCAL/06-USART/USART_program.o
                0x0000000020000068                USART2_CallBack
 .bss.USART6_CallBack
                0x000000002000006c        0x4 ./Src/01-MCAL/06-USART/USART_program.o
                0x000000002000006c                USART6_CallBack
 .bss.TIMERx    0x0000000020000070        0x4 ./Src/01-MCAL/08-TIMER/TIMER_program.o
                0x0000000020000070                TIMERx
 .bss.Timer1_CallBack_PTR
                0x0000000020000074        0x4 ./Src/01-MCAL/08-TIMER/TIMER_program.o
 .bss.Timer2_CallBack_PTR
                0x0000000020000078        0x4 ./Src/01-MCAL/08-TIMER/TIMER_program.o
 .bss.Timer3_CallBack_PTR
                0x000000002000007c        0x4 ./Src/01-MCAL/08-TIMER/TIMER_program.o
 .bss.Timer4_CallBack_PTR
                0x0000000020000080        0x4 ./Src/01-MCAL/08-TIMER/TIMER_program.o
 .bss.local_volatile_ultrasonic
                0x0000000020000084        0x4 ./Src/02-HAL/ULTRA_SONIC_program.o
                0x0000000020000084                local_volatile_ultrasonic
 .bss.local_filter
                0x0000000020000088       0x14 ./Src/02-HAL/ULTRA_SONIC_program.o
                0x0000000020000088                local_filter
 .bss.ultrasonic
                0x000000002000009c       0x12 ./Src/main.o
                0x000000002000009c                ultrasonic
 *(COMMON)
                0x00000000200000b0                . = ALIGN (0x4)
 *fill*         0x00000000200000ae        0x2 
                0x00000000200000b0                _ebss = .
                0x00000000200000b0                __bss_end__ = _ebss

._user_heap_stack
                0x00000000200000b0      0x600 load address 0x0000000008001cc8
                0x00000000200000b0                . = ALIGN (0x8)
                [!provide]                        PROVIDE (end = .)
                0x00000000200000b0                PROVIDE (_end = .)
                0x00000000200002b0                . = (. + _Min_Heap_Size)
 *fill*         0x00000000200000b0      0x200 
                0x00000000200006b0                . = (. + _Min_Stack_Size)
 *fill*         0x00000000200002b0      0x400 
                0x00000000200006b0                . = ALIGN (0x8)

/DISCARD/
 libc.a(*)
 libm.a(*)
 libgcc.a(*)

.ARM.attributes
                0x0000000000000000       0x30
 *(.ARM.attributes)
 .ARM.attributes
                0x0000000000000000       0x1e c:/st/stm32cubeide_1.10.1/stm32cubeide/plugins/com.st.stm32cube.ide.mcu.externaltools.gnu-tools-for-stm32.10.3-2021.10.win32_1.0.100.202210260954/tools/bin/../lib/gcc/arm-none-eabi/10.3.1/thumb/v7e-m+fp/hard/crti.o
 .ARM.attributes
                0x000000000000001e       0x34 c:/st/stm32cubeide_1.10.1/stm32cubeide/plugins/com.st.stm32cube.ide.mcu.externaltools.gnu-tools-for-stm32.10.3-2021.10.win32_1.0.100.202210260954/tools/bin/../lib/gcc/arm-none-eabi/10.3.1/thumb/v7e-m+fp/hard/crtbegin.o
 .ARM.attributes
                0x0000000000000052       0x34 ./Src/01-MCAL/00-RCC/RCC_program.o
 .ARM.attributes
                0x0000000000000086       0x34 ./Src/01-MCAL/02-GPIO/GPIO_program.o
 .ARM.attributes
                0x00000000000000ba       0x34 ./Src/01-MCAL/03-EXTI/EXTI_program.o
 .ARM.attributes
                0x00000000000000ee       0x34 ./Src/01-MCAL/04-NVIC/NVIC_program.o
 .ARM.attributes
                0x0000000000000122       0x34 ./Src/01-MCAL/05-SYSTICK/STK_program.o
 .ARM.attributes
                0x0000000000000156       0x34 ./Src/01-MCAL/06-USART/USART_program.o
 .ARM.attributes
                0x000000000000018a       0x34 ./Src/01-MCAL/08-TIMER/TIMER_program.o
 .ARM.attributes
                0x00000000000001be       0x34 ./Src/02-HAL/ULTRA_SONIC_program.o
 .ARM.attributes
                0x00000000000001f2       0x34 ./Src/02-HAL/kalman_filter.o
 .ARM.attributes
                0x0000000000000226       0x34 ./Src/main.o
 .ARM.attributes
                0x000000000000025a       0x21 ./Startup/startup_stm32f401ccux.o
 .ARM.attributes
                0x000000000000027b       0x34 c:/st/stm32cubeide_1.10.1/stm32cubeide/plugins/com.st.stm32cube.ide.mcu.externaltools.gnu-tools-for-stm32.10.3-2021.10.win32_1.0.100.202210260954/tools/bin/../lib/gcc/arm-none-eabi/10.3.1/../../../../arm-none-eabi/lib/thumb/v7e-m+fp/hard\libc_nano.a(lib_a-init.o)
 .ARM.attributes
                0x00000000000002af       0x1e c:/st/stm32cubeide_1.10.1/stm32cubeide/plugins/com.st.stm32cube.ide.mcu.externaltools.gnu-tools-for-stm32.10.3-2021.10.win32_1.0.100.202210260954/tools/bin/../lib/gcc/arm-none-eabi/10.3.1/thumb/v7e-m+fp/hard\libgcc.a(_arm_addsubdf3.o)
 .ARM.attributes
                0x00000000000002cd       0x1e c:/st/stm32cubeide_1.10.1/stm32cubeide/plugins/com.st.stm32cube.ide.mcu.externaltools.gnu-tools-for-stm32.10.3-2021.10.win32_1.0.100.202210260954/tools/bin/../lib/gcc/arm-none-eabi/10.3.1/thumb/v7e-m+fp/hard\libgcc.a(_arm_muldivdf3.o)
 .ARM.attributes
                0x00000000000002eb       0x1e c:/st/stm32cubeide_1.10.1/stm32cubeide/plugins/com.st.stm32cube.ide.mcu.externaltools.gnu-tools-for-stm32.10.3-2021.10.win32_1.0.100.202210260954/tools/bin/../lib/gcc/arm-none-eabi/10.3.1/thumb/v7e-m+fp/hard\libgcc.a(_arm_fixunsdfsi.o)
 .ARM.attributes
                0x0000000000000309       0x1e c:/st/stm32cubeide_1.10.1/stm32cubeide/plugins/com.st.stm32cube.ide.mcu.externaltools.gnu-tools-for-stm32.10.3-2021.10.win32_1.0.100.202210260954/tools/bin/../lib/gcc/arm-none-eabi/10.3.1/thumb/v7e-m+fp/hard/crtn.o
OUTPUT(Ultrasonic.elf elf32-littlearm)
LOAD linker stubs
LOAD c:/st/stm32cubeide_1.10.1/stm32cubeide/plugins/com.st.stm32cube.ide.mcu.externaltools.gnu-tools-for-stm32.10.3-2021.10.win32_1.0.100.202210260954/tools/bin/../lib/gcc/arm-none-eabi/10.3.1/../../../../arm-none-eabi/lib/thumb/v7e-m+fp/hard\libc.a
LOAD c:/st/stm32cubeide_1.10.1/stm32cubeide/plugins/com.st.stm32cube.ide.mcu.externaltools.gnu-tools-for-stm32.10.3-2021.10.win32_1.0.100.202210260954/tools/bin/../lib/gcc/arm-none-eabi/10.3.1/../../../../arm-none-eabi/lib/thumb/v7e-m+fp/hard\libm.a
LOAD c:/st/stm32cubeide_1.10.1/stm32cubeide/plugins/com.st.stm32cube.ide.mcu.externaltools.gnu-tools-for-stm32.10.3-2021.10.win32_1.0.100.202210260954/tools/bin/../lib/gcc/arm-none-eabi/10.3.1/thumb/v7e-m+fp/hard\libgcc.a

.debug_info     0x0000000000000000     0x283e
 .debug_info    0x0000000000000000      0x309 ./Src/01-MCAL/00-RCC/RCC_program.o
 .debug_info    0x0000000000000309      0x388 ./Src/01-MCAL/02-GPIO/GPIO_program.o
 .debug_info    0x0000000000000691      0x361 ./Src/01-MCAL/03-EXTI/EXTI_program.o
 .debug_info    0x00000000000009f2      0x566 ./Src/01-MCAL/04-NVIC/NVIC_program.o
 .debug_info    0x0000000000000f58      0x28b ./Src/01-MCAL/05-SYSTICK/STK_program.o
 .debug_info    0x00000000000011e3      0x541 ./Src/01-MCAL/06-USART/USART_program.o
 .debug_info    0x0000000000001724      0x56d ./Src/01-MCAL/08-TIMER/TIMER_program.o
 .debug_info    0x0000000000001c91      0x39c ./Src/02-HAL/ULTRA_SONIC_program.o
 .debug_info    0x000000000000202d      0x111 ./Src/02-HAL/kalman_filter.o
 .debug_info    0x000000000000213e      0x6de ./Src/main.o
 .debug_info    0x000000000000281c       0x22 ./Startup/startup_stm32f401ccux.o

.debug_abbrev   0x0000000000000000      0xc76
 .debug_abbrev  0x0000000000000000       0xe7 ./Src/01-MCAL/00-RCC/RCC_program.o
 .debug_abbrev  0x00000000000000e7      0x115 ./Src/01-MCAL/02-GPIO/GPIO_program.o
 .debug_abbrev  0x00000000000001fc      0x128 ./Src/01-MCAL/03-EXTI/EXTI_program.o
 .debug_abbrev  0x0000000000000324      0x167 ./Src/01-MCAL/04-NVIC/NVIC_program.o
 .debug_abbrev  0x000000000000048b      0x152 ./Src/01-MCAL/05-SYSTICK/STK_program.o
 .debug_abbrev  0x00000000000005dd      0x15a ./Src/01-MCAL/06-USART/USART_program.o
 .debug_abbrev  0x0000000000000737      0x19e ./Src/01-MCAL/08-TIMER/TIMER_program.o
 .debug_abbrev  0x00000000000008d5      0x149 ./Src/02-HAL/ULTRA_SONIC_program.o
 .debug_abbrev  0x0000000000000a1e       0x96 ./Src/02-HAL/kalman_filter.o
 .debug_abbrev  0x0000000000000ab4      0x1b0 ./Src/main.o
 .debug_abbrev  0x0000000000000c64       0x12 ./Startup/startup_stm32f401ccux.o

.debug_aranges  0x0000000000000000      0x348
 .debug_aranges
                0x0000000000000000       0x30 ./Src/01-MCAL/00-RCC/RCC_program.o
 .debug_aranges
                0x0000000000000030       0x48 ./Src/01-MCAL/02-GPIO/GPIO_program.o
 .debug_aranges
                0x0000000000000078       0x78 ./Src/01-MCAL/03-EXTI/EXTI_program.o
 .debug_aranges
                0x00000000000000f0       0x50 ./Src/01-MCAL/04-NVIC/NVIC_program.o
 .debug_aranges
                0x0000000000000140       0x60 ./Src/01-MCAL/05-SYSTICK/STK_program.o
 .debug_aranges
                0x00000000000001a0       0x78 ./Src/01-MCAL/06-USART/USART_program.o
 .debug_aranges
                0x0000000000000218       0x78 ./Src/01-MCAL/08-TIMER/TIMER_program.o
 .debug_aranges
                0x0000000000000290       0x38 ./Src/02-HAL/ULTRA_SONIC_program.o
 .debug_aranges
                0x00000000000002c8       0x20 ./Src/02-HAL/kalman_filter.o
 .debug_aranges
                0x00000000000002e8       0x38 ./Src/main.o
 .debug_aranges
                0x0000000000000320       0x28 ./Startup/startup_stm32f401ccux.o

.debug_ranges   0x0000000000000000      0x2a0
 .debug_ranges  0x0000000000000000       0x20 ./Src/01-MCAL/00-RCC/RCC_program.o
 .debug_ranges  0x0000000000000020       0x38 ./Src/01-MCAL/02-GPIO/GPIO_program.o
 .debug_ranges  0x0000000000000058       0x68 ./Src/01-MCAL/03-EXTI/EXTI_program.o
 .debug_ranges  0x00000000000000c0       0x40 ./Src/01-MCAL/04-NVIC/NVIC_program.o
 .debug_ranges  0x0000000000000100       0x50 ./Src/01-MCAL/05-SYSTICK/STK_program.o
 .debug_ranges  0x0000000000000150       0x68 ./Src/01-MCAL/06-USART/USART_program.o
 .debug_ranges  0x00000000000001b8       0x68 ./Src/01-MCAL/08-TIMER/TIMER_program.o
 .debug_ranges  0x0000000000000220       0x28 ./Src/02-HAL/ULTRA_SONIC_program.o
 .debug_ranges  0x0000000000000248       0x10 ./Src/02-HAL/kalman_filter.o
 .debug_ranges  0x0000000000000258       0x28 ./Src/main.o
 .debug_ranges  0x0000000000000280       0x20 ./Startup/startup_stm32f401ccux.o

.debug_macro    0x0000000000000000      0xe22
 .debug_macro   0x0000000000000000       0x3e ./Src/01-MCAL/00-RCC/RCC_program.o
 .debug_macro   0x000000000000003e       0x28 ./Src/01-MCAL/00-RCC/RCC_program.o
 .debug_macro   0x0000000000000066       0x76 ./Src/01-MCAL/00-RCC/RCC_program.o
 .debug_macro   0x00000000000000dc      0x2c2 ./Src/01-MCAL/00-RCC/RCC_program.o
 .debug_macro   0x000000000000039e       0x88 ./Src/01-MCAL/00-RCC/RCC_program.o
 .debug_macro   0x0000000000000426       0x22 ./Src/01-MCAL/00-RCC/RCC_program.o
 .debug_macro   0x0000000000000448       0x35 ./Src/01-MCAL/02-GPIO/GPIO_program.o
 .debug_macro   0x000000000000047d       0x34 ./Src/01-MCAL/02-GPIO/GPIO_program.o
 .debug_macro   0x00000000000004b1       0x28 ./Src/01-MCAL/02-GPIO/GPIO_program.o
 .debug_macro   0x00000000000004d9       0x3f ./Src/01-MCAL/03-EXTI/EXTI_program.o
 .debug_macro   0x0000000000000518       0x1c ./Src/01-MCAL/03-EXTI/EXTI_program.o
 .debug_macro   0x0000000000000534       0x16 ./Src/01-MCAL/03-EXTI/EXTI_program.o
 .debug_macro   0x000000000000054a       0x3f ./Src/01-MCAL/04-NVIC/NVIC_program.o
 .debug_macro   0x0000000000000589       0x40 ./Src/01-MCAL/04-NVIC/NVIC_program.o
 .debug_macro   0x00000000000005c9       0x10 ./Src/01-MCAL/04-NVIC/NVIC_program.o
 .debug_macro   0x00000000000005d9       0x3f ./Src/01-MCAL/05-SYSTICK/STK_program.o
 .debug_macro   0x0000000000000618       0x10 ./Src/01-MCAL/05-SYSTICK/STK_program.o
 .debug_macro   0x0000000000000628       0x46 ./Src/01-MCAL/05-SYSTICK/STK_program.o
 .debug_macro   0x000000000000066e       0x3f ./Src/01-MCAL/06-USART/USART_program.o
 .debug_macro   0x00000000000006ad       0xbe ./Src/01-MCAL/06-USART/USART_program.o
 .debug_macro   0x000000000000076b       0x10 ./Src/01-MCAL/06-USART/USART_program.o
 .debug_macro   0x000000000000077b       0x3e ./Src/01-MCAL/08-TIMER/TIMER_program.o
 .debug_macro   0x00000000000007b9       0x58 ./Src/01-MCAL/08-TIMER/TIMER_program.o
 .debug_macro   0x0000000000000811       0x16 ./Src/01-MCAL/08-TIMER/TIMER_program.o
 .debug_macro   0x0000000000000827       0x4f ./Src/01-MCAL/08-TIMER/TIMER_program.o
 .debug_macro   0x0000000000000876       0x5b ./Src/02-HAL/ULTRA_SONIC_program.o
 .debug_macro   0x00000000000008d1       0x16 ./Src/02-HAL/ULTRA_SONIC_program.o
 .debug_macro   0x00000000000008e7       0x24 ./Src/02-HAL/kalman_filter.o
 .debug_macro   0x000000000000090b       0xca ./Src/main.o
 .debug_macro   0x00000000000009d5       0x22 ./Src/main.o
 .debug_macro   0x00000000000009f7       0x8e ./Src/main.o
 .debug_macro   0x0000000000000a85       0x51 ./Src/main.o
 .debug_macro   0x0000000000000ad6      0x103 ./Src/main.o
 .debug_macro   0x0000000000000bd9       0x6a ./Src/main.o
 .debug_macro   0x0000000000000c43      0x1df ./Src/main.o

.debug_line     0x0000000000000000     0x1bff
 .debug_line    0x0000000000000000      0x17a ./Src/01-MCAL/00-RCC/RCC_program.o
 .debug_line    0x000000000000017a      0x234 ./Src/01-MCAL/02-GPIO/GPIO_program.o
 .debug_line    0x00000000000003ae      0x25d ./Src/01-MCAL/03-EXTI/EXTI_program.o
 .debug_line    0x000000000000060b      0x227 ./Src/01-MCAL/04-NVIC/NVIC_program.o
 .debug_line    0x0000000000000832      0x235 ./Src/01-MCAL/05-SYSTICK/STK_program.o
 .debug_line    0x0000000000000a67      0x2ef ./Src/01-MCAL/06-USART/USART_program.o
 .debug_line    0x0000000000000d56      0x4bd ./Src/01-MCAL/08-TIMER/TIMER_program.o
 .debug_line    0x0000000000001213      0x2c9 ./Src/02-HAL/ULTRA_SONIC_program.o
 .debug_line    0x00000000000014dc       0xce ./Src/02-HAL/kalman_filter.o
 .debug_line    0x00000000000015aa      0x5d1 ./Src/main.o
 .debug_line    0x0000000000001b7b       0x84 ./Startup/startup_stm32f401ccux.o

.debug_str      0x0000000000000000     0x6ee0
 .debug_str     0x0000000000000000     0x4053 ./Src/01-MCAL/00-RCC/RCC_program.o
                                       0x40cf (size before relaxing)
 .debug_str     0x0000000000004053      0x340 ./Src/01-MCAL/02-GPIO/GPIO_program.o
                                       0x341b (size before relaxing)
 .debug_str     0x0000000000004393      0x341 ./Src/01-MCAL/03-EXTI/EXTI_program.o
                                       0x3424 (size before relaxing)
 .debug_str     0x00000000000046d4      0x705 ./Src/01-MCAL/04-NVIC/NVIC_program.o
                                       0x37e8 (size before relaxing)
 .debug_str     0x0000000000004dd9      0x2d9 ./Src/01-MCAL/05-SYSTICK/STK_program.o
                                       0x33af (size before relaxing)
 .debug_str     0x00000000000050b2      0x8ca ./Src/01-MCAL/06-USART/USART_program.o
                                       0x39a0 (size before relaxing)
 .debug_str     0x000000000000597c      0x4ee ./Src/01-MCAL/08-TIMER/TIMER_program.o
                                       0x35d2 (size before relaxing)
 .debug_str     0x0000000000005e6a      0x218 ./Src/02-HAL/ULTRA_SONIC_program.o
                                       0x35cc (size before relaxing)
 .debug_str     0x0000000000006082       0x27 ./Src/02-HAL/kalman_filter.o
                                       0x2de4 (size before relaxing)
 .debug_str     0x00000000000060a9      0xe06 ./Src/main.o
                                       0x4c23 (size before relaxing)
 .debug_str     0x0000000000006eaf       0x31 ./Startup/startup_stm32f401ccux.o
                                         0x70 (size before relaxing)

.comment        0x0000000000000000       0x50
 .comment       0x0000000000000000       0x50 ./Src/01-MCAL/00-RCC/RCC_program.o
                                         0x51 (size before relaxing)
 .comment       0x0000000000000050       0x51 ./Src/01-MCAL/02-GPIO/GPIO_program.o
 .comment       0x0000000000000050       0x51 ./Src/01-MCAL/03-EXTI/EXTI_program.o
 .comment       0x0000000000000050       0x51 ./Src/01-MCAL/04-NVIC/NVIC_program.o
 .comment       0x0000000000000050       0x51 ./Src/01-MCAL/05-SYSTICK/STK_program.o
 .comment       0x0000000000000050       0x51 ./Src/01-MCAL/06-USART/USART_program.o
 .comment       0x0000000000000050       0x51 ./Src/01-MCAL/08-TIMER/TIMER_program.o
 .comment       0x0000000000000050       0x51 ./Src/02-HAL/ULTRA_SONIC_program.o
 .comment       0x0000000000000050       0x51 ./Src/02-HAL/kalman_filter.o
 .comment       0x0000000000000050       0x51 ./Src/main.o

.debug_frame    0x0000000000000000      0xbd4
 .debug_frame   0x0000000000000000       0x80 ./Src/01-MCAL/00-RCC/RCC_program.o
 .debug_frame   0x0000000000000080      0x104 ./Src/01-MCAL/02-GPIO/GPIO_program.o
 .debug_frame   0x0000000000000184      0x1b4 ./Src/01-MCAL/03-EXTI/EXTI_program.o
 .debug_frame   0x0000000000000338      0x120 ./Src/01-MCAL/04-NVIC/NVIC_program.o
 .debug_frame   0x0000000000000458      0x150 ./Src/01-MCAL/05-SYSTICK/STK_program.o
 .debug_frame   0x00000000000005a8      0x1c8 ./Src/01-MCAL/06-USART/USART_program.o
 .debug_frame   0x0000000000000770      0x1bc ./Src/01-MCAL/08-TIMER/TIMER_program.o
 .debug_frame   0x000000000000092c       0x90 ./Src/02-HAL/ULTRA_SONIC_program.o
 .debug_frame   0x00000000000009bc       0x38 ./Src/02-HAL/kalman_filter.o
 .debug_frame   0x00000000000009f4       0x94 ./Src/main.o
 .debug_frame   0x0000000000000a88       0x2c c:/st/stm32cubeide_1.10.1/stm32cubeide/plugins/com.st.stm32cube.ide.mcu.externaltools.gnu-tools-for-stm32.10.3-2021.10.win32_1.0.100.202210260954/tools/bin/../lib/gcc/arm-none-eabi/10.3.1/../../../../arm-none-eabi/lib/thumb/v7e-m+fp/hard\libc_nano.a(lib_a-init.o)
 .debug_frame   0x0000000000000ab4       0xac c:/st/stm32cubeide_1.10.1/stm32cubeide/plugins/com.st.stm32cube.ide.mcu.externaltools.gnu-tools-for-stm32.10.3-2021.10.win32_1.0.100.202210260954/tools/bin/../lib/gcc/arm-none-eabi/10.3.1/thumb/v7e-m+fp/hard\libgcc.a(_arm_addsubdf3.o)
 .debug_frame   0x0000000000000b60       0x50 c:/st/stm32cubeide_1.10.1/stm32cubeide/plugins/com.st.stm32cube.ide.mcu.externaltools.gnu-tools-for-stm32.10.3-2021.10.win32_1.0.100.202210260954/tools/bin/../lib/gcc/arm-none-eabi/10.3.1/thumb/v7e-m+fp/hard\libgcc.a(_arm_muldivdf3.o)
 .debug_frame   0x0000000000000bb0       0x24 c:/st/stm32cubeide_1.10.1/stm32cubeide/plugins/com.st.stm32cube.ide.mcu.externaltools.gnu-tools-for-stm32.10.3-2021.10.win32_1.0.100.202210260954/tools/bin/../lib/gcc/arm-none-eabi/10.3.1/thumb/v7e-m+fp/hard\libgcc.a(_arm_fixunsdfsi.o)
