Archive member included to satisfy reference by file (symbol)

c:/st/stm32cubeide_1.10.1/stm32cubeide/plugins/com.st.stm32cube.ide.mcu.externaltools.gnu-tools-for-stm32.10.3-2021.10.win32_1.0.100.202210260954/tools/bin/../lib/gcc/arm-none-eabi/10.3.1/../../../../arm-none-eabi/lib/thumb/v7e-m+fp/hard\libc_nano.a(lib_a-errno.o)
                              ./Src/syscalls.o (__errno)
c:/st/stm32cubeide_1.10.1/stm32cubeide/plugins/com.st.stm32cube.ide.mcu.externaltools.gnu-tools-for-stm32.10.3-2021.10.win32_1.0.100.202210260954/tools/bin/../lib/gcc/arm-none-eabi/10.3.1/../../../../arm-none-eabi/lib/thumb/v7e-m+fp/hard\libc_nano.a(lib_a-exit.o)
                              c:/st/stm32cubeide_1.10.1/stm32cubeide/plugins/com.st.stm32cube.ide.mcu.externaltools.gnu-tools-for-stm32.10.3-2021.10.win32_1.0.100.202210260954/tools/bin/../lib/gcc/arm-none-eabi/10.3.1/../../../../arm-none-eabi/lib/thumb/v7e-m+fp/hard/crt0.o (exit)
c:/st/stm32cubeide_1.10.1/stm32cubeide/plugins/com.st.stm32cube.ide.mcu.externaltools.gnu-tools-for-stm32.10.3-2021.10.win32_1.0.100.202210260954/tools/bin/../lib/gcc/arm-none-eabi/10.3.1/../../../../arm-none-eabi/lib/thumb/v7e-m+fp/hard\libc_nano.a(lib_a-impure.o)
                              c:/st/stm32cubeide_1.10.1/stm32cubeide/plugins/com.st.stm32cube.ide.mcu.externaltools.gnu-tools-for-stm32.10.3-2021.10.win32_1.0.100.202210260954/tools/bin/../lib/gcc/arm-none-eabi/10.3.1/../../../../arm-none-eabi/lib/thumb/v7e-m+fp/hard\libc_nano.a(lib_a-exit.o) (_global_impure_ptr)
c:/st/stm32cubeide_1.10.1/stm32cubeide/plugins/com.st.stm32cube.ide.mcu.externaltools.gnu-tools-for-stm32.10.3-2021.10.win32_1.0.100.202210260954/tools/bin/../lib/gcc/arm-none-eabi/10.3.1/../../../../arm-none-eabi/lib/thumb/v7e-m+fp/hard\libc_nano.a(lib_a-init.o)
                              c:/st/stm32cubeide_1.10.1/stm32cubeide/plugins/com.st.stm32cube.ide.mcu.externaltools.gnu-tools-for-stm32.10.3-2021.10.win32_1.0.100.202210260954/tools/bin/../lib/gcc/arm-none-eabi/10.3.1/../../../../arm-none-eabi/lib/thumb/v7e-m+fp/hard/crt0.o (__libc_init_array)
c:/st/stm32cubeide_1.10.1/stm32cubeide/plugins/com.st.stm32cube.ide.mcu.externaltools.gnu-tools-for-stm32.10.3-2021.10.win32_1.0.100.202210260954/tools/bin/../lib/gcc/arm-none-eabi/10.3.1/../../../../arm-none-eabi/lib/thumb/v7e-m+fp/hard\libc_nano.a(lib_a-memset.o)
                              c:/st/stm32cubeide_1.10.1/stm32cubeide/plugins/com.st.stm32cube.ide.mcu.externaltools.gnu-tools-for-stm32.10.3-2021.10.win32_1.0.100.202210260954/tools/bin/../lib/gcc/arm-none-eabi/10.3.1/../../../../arm-none-eabi/lib/thumb/v7e-m+fp/hard/crt0.o (memset)
c:/st/stm32cubeide_1.10.1/stm32cubeide/plugins/com.st.stm32cube.ide.mcu.externaltools.gnu-tools-for-stm32.10.3-2021.10.win32_1.0.100.202210260954/tools/bin/../lib/gcc/arm-none-eabi/10.3.1/thumb/v7e-m+fp/hard\libgcc.a(_arm_muldf3.o)
                              ./Src/02-HAL/00-ENCODER/ENCODER_program.o (__aeabi_dmul)
c:/st/stm32cubeide_1.10.1/stm32cubeide/plugins/com.st.stm32cube.ide.mcu.externaltools.gnu-tools-for-stm32.10.3-2021.10.win32_1.0.100.202210260954/tools/bin/../lib/gcc/arm-none-eabi/10.3.1/thumb/v7e-m+fp/hard\libgcc.a(_arm_addsubdf3.o)
                              ./Src/01-MCAL/05-SYSTICK/STK_program.o (__aeabi_ui2d)
c:/st/stm32cubeide_1.10.1/stm32cubeide/plugins/com.st.stm32cube.ide.mcu.externaltools.gnu-tools-for-stm32.10.3-2021.10.win32_1.0.100.202210260954/tools/bin/../lib/gcc/arm-none-eabi/10.3.1/thumb/v7e-m+fp/hard\libgcc.a(_arm_muldivdf3.o)
                              ./Src/01-MCAL/05-SYSTICK/STK_program.o (__aeabi_ddiv)
c:/st/stm32cubeide_1.10.1/stm32cubeide/plugins/com.st.stm32cube.ide.mcu.externaltools.gnu-tools-for-stm32.10.3-2021.10.win32_1.0.100.202210260954/tools/bin/../lib/gcc/arm-none-eabi/10.3.1/thumb/v7e-m+fp/hard\libgcc.a(_arm_fixdfsi.o)
                              ./Src/02-HAL/00-ENCODER/ENCODER_program.o (__aeabi_d2iz)
c:/st/stm32cubeide_1.10.1/stm32cubeide/plugins/com.st.stm32cube.ide.mcu.externaltools.gnu-tools-for-stm32.10.3-2021.10.win32_1.0.100.202210260954/tools/bin/../lib/gcc/arm-none-eabi/10.3.1/thumb/v7e-m+fp/hard\libgcc.a(_arm_fixunsdfsi.o)
                              ./Src/01-MCAL/05-SYSTICK/STK_program.o (__aeabi_d2uiz)
c:/st/stm32cubeide_1.10.1/stm32cubeide/plugins/com.st.stm32cube.ide.mcu.externaltools.gnu-tools-for-stm32.10.3-2021.10.win32_1.0.100.202210260954/tools/bin/../lib/gcc/arm-none-eabi/10.3.1/thumb/v7e-m+fp/hard\libgcc.a(_arm_truncdfsf2.o)
                              ./Src/02-HAL/00-ENCODER/ENCODER_program.o (__aeabi_d2f)

Discarded input sections

 .text          0x0000000000000000        0x0 c:/st/stm32cubeide_1.10.1/stm32cubeide/plugins/com.st.stm32cube.ide.mcu.externaltools.gnu-tools-for-stm32.10.3-2021.10.win32_1.0.100.202210260954/tools/bin/../lib/gcc/arm-none-eabi/10.3.1/thumb/v7e-m+fp/hard/crti.o
 .data          0x0000000000000000        0x0 c:/st/stm32cubeide_1.10.1/stm32cubeide/plugins/com.st.stm32cube.ide.mcu.externaltools.gnu-tools-for-stm32.10.3-2021.10.win32_1.0.100.202210260954/tools/bin/../lib/gcc/arm-none-eabi/10.3.1/thumb/v7e-m+fp/hard/crti.o
 .bss           0x0000000000000000        0x0 c:/st/stm32cubeide_1.10.1/stm32cubeide/plugins/com.st.stm32cube.ide.mcu.externaltools.gnu-tools-for-stm32.10.3-2021.10.win32_1.0.100.202210260954/tools/bin/../lib/gcc/arm-none-eabi/10.3.1/thumb/v7e-m+fp/hard/crti.o
 .data          0x0000000000000000        0x4 c:/st/stm32cubeide_1.10.1/stm32cubeide/plugins/com.st.stm32cube.ide.mcu.externaltools.gnu-tools-for-stm32.10.3-2021.10.win32_1.0.100.202210260954/tools/bin/../lib/gcc/arm-none-eabi/10.3.1/thumb/v7e-m+fp/hard/crtbegin.o
 .rodata        0x0000000000000000       0x24 c:/st/stm32cubeide_1.10.1/stm32cubeide/plugins/com.st.stm32cube.ide.mcu.externaltools.gnu-tools-for-stm32.10.3-2021.10.win32_1.0.100.202210260954/tools/bin/../lib/gcc/arm-none-eabi/10.3.1/thumb/v7e-m+fp/hard/crtbegin.o
 .text          0x0000000000000000       0x7c c:/st/stm32cubeide_1.10.1/stm32cubeide/plugins/com.st.stm32cube.ide.mcu.externaltools.gnu-tools-for-stm32.10.3-2021.10.win32_1.0.100.202210260954/tools/bin/../lib/gcc/arm-none-eabi/10.3.1/../../../../arm-none-eabi/lib/thumb/v7e-m+fp/hard/crt0.o
 .data          0x0000000000000000        0x0 c:/st/stm32cubeide_1.10.1/stm32cubeide/plugins/com.st.stm32cube.ide.mcu.externaltools.gnu-tools-for-stm32.10.3-2021.10.win32_1.0.100.202210260954/tools/bin/../lib/gcc/arm-none-eabi/10.3.1/../../../../arm-none-eabi/lib/thumb/v7e-m+fp/hard/crt0.o
 .bss           0x0000000000000000        0x0 c:/st/stm32cubeide_1.10.1/stm32cubeide/plugins/com.st.stm32cube.ide.mcu.externaltools.gnu-tools-for-stm32.10.3-2021.10.win32_1.0.100.202210260954/tools/bin/../lib/gcc/arm-none-eabi/10.3.1/../../../../arm-none-eabi/lib/thumb/v7e-m+fp/hard/crt0.o
 .ARM.extab     0x0000000000000000        0x0 c:/st/stm32cubeide_1.10.1/stm32cubeide/plugins/com.st.stm32cube.ide.mcu.externaltools.gnu-tools-for-stm32.10.3-2021.10.win32_1.0.100.202210260954/tools/bin/../lib/gcc/arm-none-eabi/10.3.1/../../../../arm-none-eabi/lib/thumb/v7e-m+fp/hard/crt0.o
 .ARM.exidx     0x0000000000000000       0x10 c:/st/stm32cubeide_1.10.1/stm32cubeide/plugins/com.st.stm32cube.ide.mcu.externaltools.gnu-tools-for-stm32.10.3-2021.10.win32_1.0.100.202210260954/tools/bin/../lib/gcc/arm-none-eabi/10.3.1/../../../../arm-none-eabi/lib/thumb/v7e-m+fp/hard/crt0.o
 .ARM.attributes
                0x0000000000000000       0x1c c:/st/stm32cubeide_1.10.1/stm32cubeide/plugins/com.st.stm32cube.ide.mcu.externaltools.gnu-tools-for-stm32.10.3-2021.10.win32_1.0.100.202210260954/tools/bin/../lib/gcc/arm-none-eabi/10.3.1/../../../../arm-none-eabi/lib/thumb/v7e-m+fp/hard/crt0.o
 .group         0x0000000000000000        0xc ./Src/00-LIB/Software_Delay.o
 .group         0x0000000000000000        0xc ./Src/00-LIB/Software_Delay.o
 .text          0x0000000000000000        0x0 ./Src/00-LIB/Software_Delay.o
 .data          0x0000000000000000        0x0 ./Src/00-LIB/Software_Delay.o
 .bss           0x0000000000000000        0x0 ./Src/00-LIB/Software_Delay.o
 .text._delay_ms
                0x0000000000000000       0x34 ./Src/00-LIB/Software_Delay.o
 .debug_info    0x0000000000000000       0xc0 ./Src/00-LIB/Software_Delay.o
 .debug_abbrev  0x0000000000000000       0x83 ./Src/00-LIB/Software_Delay.o
 .debug_aranges
                0x0000000000000000       0x20 ./Src/00-LIB/Software_Delay.o
 .debug_ranges  0x0000000000000000       0x10 ./Src/00-LIB/Software_Delay.o
 .debug_macro   0x0000000000000000       0x24 ./Src/00-LIB/Software_Delay.o
 .debug_macro   0x0000000000000000      0xa7e ./Src/00-LIB/Software_Delay.o
 .debug_macro   0x0000000000000000       0x28 ./Src/00-LIB/Software_Delay.o
 .debug_line    0x0000000000000000       0x9d ./Src/00-LIB/Software_Delay.o
 .debug_str     0x0000000000000000     0x2dc9 ./Src/00-LIB/Software_Delay.o
 .comment       0x0000000000000000       0x51 ./Src/00-LIB/Software_Delay.o
 .debug_frame   0x0000000000000000       0x38 ./Src/00-LIB/Software_Delay.o
 .ARM.attributes
                0x0000000000000000       0x34 ./Src/00-LIB/Software_Delay.o
 .group         0x0000000000000000        0xc ./Src/01-MCAL/00-RCC/RCC_program.o
 .group         0x0000000000000000        0xc ./Src/01-MCAL/00-RCC/RCC_program.o
 .group         0x0000000000000000        0xc ./Src/01-MCAL/00-RCC/RCC_program.o
 .group         0x0000000000000000        0xc ./Src/01-MCAL/00-RCC/RCC_program.o
 .group         0x0000000000000000        0xc ./Src/01-MCAL/00-RCC/RCC_program.o
 .group         0x0000000000000000        0xc ./Src/01-MCAL/00-RCC/RCC_program.o
 .text          0x0000000000000000        0x0 ./Src/01-MCAL/00-RCC/RCC_program.o
 .data          0x0000000000000000        0x0 ./Src/01-MCAL/00-RCC/RCC_program.o
 .bss           0x0000000000000000        0x0 ./Src/01-MCAL/00-RCC/RCC_program.o
 .text.RCC_voidPeripheralClockDisable
                0x0000000000000000       0xb4 ./Src/01-MCAL/00-RCC/RCC_program.o
 .debug_macro   0x0000000000000000      0xa7e ./Src/01-MCAL/00-RCC/RCC_program.o
 .group         0x0000000000000000        0xc ./Src/01-MCAL/01-PORT/PORT_program.o
 .group         0x0000000000000000        0xc ./Src/01-MCAL/01-PORT/PORT_program.o
 .group         0x0000000000000000        0xc ./Src/01-MCAL/01-PORT/PORT_program.o
 .group         0x0000000000000000        0xc ./Src/01-MCAL/01-PORT/PORT_program.o
 .group         0x0000000000000000        0xc ./Src/01-MCAL/01-PORT/PORT_program.o
 .group         0x0000000000000000        0xc ./Src/01-MCAL/01-PORT/PORT_program.o
 .text          0x0000000000000000        0x0 ./Src/01-MCAL/01-PORT/PORT_program.o
 .data          0x0000000000000000        0x0 ./Src/01-MCAL/01-PORT/PORT_program.o
 .bss           0x0000000000000000        0x0 ./Src/01-MCAL/01-PORT/PORT_program.o
 .debug_macro   0x0000000000000000      0xa7e ./Src/01-MCAL/01-PORT/PORT_program.o
 .debug_macro   0x0000000000000000       0x28 ./Src/01-MCAL/01-PORT/PORT_program.o
 .debug_macro   0x0000000000000000       0x76 ./Src/01-MCAL/01-PORT/PORT_program.o
 .group         0x0000000000000000        0xc ./Src/01-MCAL/02-GPIO/GPIO_program.o
 .group         0x0000000000000000        0xc ./Src/01-MCAL/02-GPIO/GPIO_program.o
 .group         0x0000000000000000        0xc ./Src/01-MCAL/02-GPIO/GPIO_program.o
 .group         0x0000000000000000        0xc ./Src/01-MCAL/02-GPIO/GPIO_program.o
 .group         0x0000000000000000        0xc ./Src/01-MCAL/02-GPIO/GPIO_program.o
 .text          0x0000000000000000        0x0 ./Src/01-MCAL/02-GPIO/GPIO_program.o
 .data          0x0000000000000000        0x0 ./Src/01-MCAL/02-GPIO/GPIO_program.o
 .bss           0x0000000000000000        0x0 ./Src/01-MCAL/02-GPIO/GPIO_program.o
 .text.GPIO_SetPortValue
                0x0000000000000000       0x64 ./Src/01-MCAL/02-GPIO/GPIO_program.o
 .text.GPIO_GetPortValue
                0x0000000000000000       0x74 ./Src/01-MCAL/02-GPIO/GPIO_program.o
 .text.GPIO_voidSetGroupChannel
                0x0000000000000000       0xec ./Src/01-MCAL/02-GPIO/GPIO_program.o
 .text.GPIO_SetPinValue_BSRR
                0x0000000000000000       0xb4 ./Src/01-MCAL/02-GPIO/GPIO_program.o
 .debug_macro   0x0000000000000000      0xa7e ./Src/01-MCAL/02-GPIO/GPIO_program.o
 .debug_macro   0x0000000000000000       0x28 ./Src/01-MCAL/02-GPIO/GPIO_program.o
 .debug_macro   0x0000000000000000       0x76 ./Src/01-MCAL/02-GPIO/GPIO_program.o
 .group         0x0000000000000000        0xc ./Src/01-MCAL/03-EXTI/EXTI_program.o
 .group         0x0000000000000000        0xc ./Src/01-MCAL/03-EXTI/EXTI_program.o
 .group         0x0000000000000000        0xc ./Src/01-MCAL/03-EXTI/EXTI_program.o
 .group         0x0000000000000000        0xc ./Src/01-MCAL/03-EXTI/EXTI_program.o
 .group         0x0000000000000000        0xc ./Src/01-MCAL/03-EXTI/EXTI_program.o
 .text          0x0000000000000000        0x0 ./Src/01-MCAL/03-EXTI/EXTI_program.o
 .data          0x0000000000000000        0x0 ./Src/01-MCAL/03-EXTI/EXTI_program.o
 .bss           0x0000000000000000        0x0 ./Src/01-MCAL/03-EXTI/EXTI_program.o
 .text.EXTI_voidTriggerSelection
                0x0000000000000000       0x88 ./Src/01-MCAL/03-EXTI/EXTI_program.o
 .text.EXTI_voidEnableEXTI
                0x0000000000000000       0x30 ./Src/01-MCAL/03-EXTI/EXTI_program.o
 .text.EXTI_voidDisableEXTI
                0x0000000000000000       0x30 ./Src/01-MCAL/03-EXTI/EXTI_program.o
 .text.EXTI_voidClearPendingFlag
                0x0000000000000000       0x30 ./Src/01-MCAL/03-EXTI/EXTI_program.o
 .text.EXTI_voidSoftwareTrigger
                0x0000000000000000       0x30 ./Src/01-MCAL/03-EXTI/EXTI_program.o
 .debug_macro   0x0000000000000000      0xa7e ./Src/01-MCAL/03-EXTI/EXTI_program.o
 .debug_macro   0x0000000000000000       0x28 ./Src/01-MCAL/03-EXTI/EXTI_program.o
 .debug_macro   0x0000000000000000       0x76 ./Src/01-MCAL/03-EXTI/EXTI_program.o
 .group         0x0000000000000000        0xc ./Src/01-MCAL/04-NVIC/NVIC_program.o
 .group         0x0000000000000000        0xc ./Src/01-MCAL/04-NVIC/NVIC_program.o
 .group         0x0000000000000000        0xc ./Src/01-MCAL/04-NVIC/NVIC_program.o
 .group         0x0000000000000000        0xc ./Src/01-MCAL/04-NVIC/NVIC_program.o
 .group         0x0000000000000000        0xc ./Src/01-MCAL/04-NVIC/NVIC_program.o
 .text          0x0000000000000000        0x0 ./Src/01-MCAL/04-NVIC/NVIC_program.o
 .data          0x0000000000000000        0x0 ./Src/01-MCAL/04-NVIC/NVIC_program.o
 .bss           0x0000000000000000        0x0 ./Src/01-MCAL/04-NVIC/NVIC_program.o
 .bss.GlobalStatic_32GroupConfig
                0x0000000000000000        0x4 ./Src/01-MCAL/04-NVIC/NVIC_program.o
 .text.NVIC_voidDisableInterrupt
                0x0000000000000000       0x3c ./Src/01-MCAL/04-NVIC/NVIC_program.o
 .text.NVIC_voidSetPendingFlag
                0x0000000000000000       0x3c ./Src/01-MCAL/04-NVIC/NVIC_program.o
 .text.NVIC_voidClearPendingFlag
                0x0000000000000000       0x3c ./Src/01-MCAL/04-NVIC/NVIC_program.o
 .text.NVIC_u8GetActiveFlag
                0x0000000000000000       0x4c ./Src/01-MCAL/04-NVIC/NVIC_program.o
 .text.NVIC_voidSetPriorityConfig
                0x0000000000000000       0x28 ./Src/01-MCAL/04-NVIC/NVIC_program.o
 .text.NVIC_voidSetPriority
                0x0000000000000000       0xbc ./Src/01-MCAL/04-NVIC/NVIC_program.o
 .debug_macro   0x0000000000000000      0xa7e ./Src/01-MCAL/04-NVIC/NVIC_program.o
 .debug_macro   0x0000000000000000       0x28 ./Src/01-MCAL/04-NVIC/NVIC_program.o
 .debug_macro   0x0000000000000000       0x76 ./Src/01-MCAL/04-NVIC/NVIC_program.o
 .group         0x0000000000000000        0xc ./Src/01-MCAL/05-SYSTICK/STK_program.o
 .group         0x0000000000000000        0xc ./Src/01-MCAL/05-SYSTICK/STK_program.o
 .group         0x0000000000000000        0xc ./Src/01-MCAL/05-SYSTICK/STK_program.o
 .group         0x0000000000000000        0xc ./Src/01-MCAL/05-SYSTICK/STK_program.o
 .group         0x0000000000000000        0xc ./Src/01-MCAL/05-SYSTICK/STK_program.o
 .text          0x0000000000000000        0x0 ./Src/01-MCAL/05-SYSTICK/STK_program.o
 .data          0x0000000000000000        0x0 ./Src/01-MCAL/05-SYSTICK/STK_program.o
 .bss           0x0000000000000000        0x0 ./Src/01-MCAL/05-SYSTICK/STK_program.o
 .text.STK_voidInit
                0x0000000000000000       0x38 ./Src/01-MCAL/05-SYSTICK/STK_program.o
 .text.STK_voidStopTimer
                0x0000000000000000       0x38 ./Src/01-MCAL/05-SYSTICK/STK_program.o
 .text.STK_voidSetBusyWait
                0x0000000000000000       0x54 ./Src/01-MCAL/05-SYSTICK/STK_program.o
 .text.STK_voidSetSingleInterval
                0x0000000000000000       0x50 ./Src/01-MCAL/05-SYSTICK/STK_program.o
 .text.STK_voidSetPeriodicInterval
                0x0000000000000000       0x54 ./Src/01-MCAL/05-SYSTICK/STK_program.o
 .text.STK_u32GetElapsedTime
                0x0000000000000000       0x1c ./Src/01-MCAL/05-SYSTICK/STK_program.o
 .text.STK_u32GetRemainingTime
                0x0000000000000000       0x18 ./Src/01-MCAL/05-SYSTICK/STK_program.o
 .text.STK_u64Millis
                0x0000000000000000       0x78 ./Src/01-MCAL/05-SYSTICK/STK_program.o
 .bss.Finished_Millis.2
                0x0000000000000000        0x4 ./Src/01-MCAL/05-SYSTICK/STK_program.o
 .bss.Last_Time_Millis.1
                0x0000000000000000        0x4 ./Src/01-MCAL/05-SYSTICK/STK_program.o
 .bss.Elapsed_Time_Millis.0
                0x0000000000000000        0x8 ./Src/01-MCAL/05-SYSTICK/STK_program.o
 .debug_macro   0x0000000000000000      0xa7e ./Src/01-MCAL/05-SYSTICK/STK_program.o
 .debug_macro   0x0000000000000000       0x28 ./Src/01-MCAL/05-SYSTICK/STK_program.o
 .debug_macro   0x0000000000000000       0x76 ./Src/01-MCAL/05-SYSTICK/STK_program.o
 .group         0x0000000000000000        0xc ./Src/01-MCAL/06-USART/USART_program.o
 .group         0x0000000000000000        0xc ./Src/01-MCAL/06-USART/USART_program.o
 .group         0x0000000000000000        0xc ./Src/01-MCAL/06-USART/USART_program.o
 .group         0x0000000000000000        0xc ./Src/01-MCAL/06-USART/USART_program.o
 .group         0x0000000000000000        0xc ./Src/01-MCAL/06-USART/USART_program.o
 .text          0x0000000000000000        0x0 ./Src/01-MCAL/06-USART/USART_program.o
 .data          0x0000000000000000        0x0 ./Src/01-MCAL/06-USART/USART_program.o
 .bss           0x0000000000000000        0x0 ./Src/01-MCAL/06-USART/USART_program.o
 .text.USART_voidInit
                0x0000000000000000       0xc0 ./Src/01-MCAL/06-USART/USART_program.o
 .text.USART_voidSendByte
                0x0000000000000000       0x46 ./Src/01-MCAL/06-USART/USART_program.o
 .text.USART_voidSendString
                0x0000000000000000       0x3c ./Src/01-MCAL/06-USART/USART_program.o
 .text.USART_u8ReadDataRegister
                0x0000000000000000       0x1a ./Src/01-MCAL/06-USART/USART_program.o
 .text.USART_voidReceiveByteSynchBlocking
                0x0000000000000000       0x34 ./Src/01-MCAL/06-USART/USART_program.o
 .text.USART_voidSynchReceiveDataNonBlocking
                0x0000000000000000       0x60 ./Src/01-MCAL/06-USART/USART_program.o
 .text.USART1_voidSetCallBack
                0x0000000000000000       0x20 ./Src/01-MCAL/06-USART/USART_program.o
 .text.USART2_voidSetCallBack
                0x0000000000000000       0x20 ./Src/01-MCAL/06-USART/USART_program.o
 .text.USART6_voidSetCallBack
                0x0000000000000000       0x20 ./Src/01-MCAL/06-USART/USART_program.o
 .debug_macro   0x0000000000000000      0xa7e ./Src/01-MCAL/06-USART/USART_program.o
 .debug_macro   0x0000000000000000       0x28 ./Src/01-MCAL/06-USART/USART_program.o
 .debug_macro   0x0000000000000000       0x76 ./Src/01-MCAL/06-USART/USART_program.o
 .group         0x0000000000000000        0xc ./Src/01-MCAL/07-PWM/PWM_program.o
 .group         0x0000000000000000        0xc ./Src/01-MCAL/07-PWM/PWM_program.o
 .group         0x0000000000000000        0xc ./Src/01-MCAL/07-PWM/PWM_program.o
 .group         0x0000000000000000        0xc ./Src/01-MCAL/07-PWM/PWM_program.o
 .group         0x0000000000000000        0xc ./Src/01-MCAL/07-PWM/PWM_program.o
 .text          0x0000000000000000        0x0 ./Src/01-MCAL/07-PWM/PWM_program.o
 .data          0x0000000000000000        0x0 ./Src/01-MCAL/07-PWM/PWM_program.o
 .bss           0x0000000000000000        0x0 ./Src/01-MCAL/07-PWM/PWM_program.o
 .text.PWM_voidWrite
                0x0000000000000000      0x2b0 ./Src/01-MCAL/07-PWM/PWM_program.o
 .debug_macro   0x0000000000000000      0xa7e ./Src/01-MCAL/07-PWM/PWM_program.o
 .debug_macro   0x0000000000000000       0x28 ./Src/01-MCAL/07-PWM/PWM_program.o
 .debug_macro   0x0000000000000000       0x76 ./Src/01-MCAL/07-PWM/PWM_program.o
 .group         0x0000000000000000        0xc ./Src/02-HAL/00-ENCODER/ENCODER_program.o
 .group         0x0000000000000000        0xc ./Src/02-HAL/00-ENCODER/ENCODER_program.o
 .group         0x0000000000000000        0xc ./Src/02-HAL/00-ENCODER/ENCODER_program.o
 .group         0x0000000000000000        0xc ./Src/02-HAL/00-ENCODER/ENCODER_program.o
 .group         0x0000000000000000        0xc ./Src/02-HAL/00-ENCODER/ENCODER_program.o
 .group         0x0000000000000000        0xc ./Src/02-HAL/00-ENCODER/ENCODER_program.o
 .text          0x0000000000000000        0x0 ./Src/02-HAL/00-ENCODER/ENCODER_program.o
 .data          0x0000000000000000        0x0 ./Src/02-HAL/00-ENCODER/ENCODER_program.o
 .bss           0x0000000000000000        0x0 ./Src/02-HAL/00-ENCODER/ENCODER_program.o
 .text.RPM_Calculate
                0x0000000000000000       0xc8 ./Src/02-HAL/00-ENCODER/ENCODER_program.o
 .debug_macro   0x0000000000000000      0xa7e ./Src/02-HAL/00-ENCODER/ENCODER_program.o
 .debug_macro   0x0000000000000000       0x28 ./Src/02-HAL/00-ENCODER/ENCODER_program.o
 .debug_macro   0x0000000000000000       0x76 ./Src/02-HAL/00-ENCODER/ENCODER_program.o
 .debug_macro   0x0000000000000000       0x34 ./Src/02-HAL/00-ENCODER/ENCODER_program.o
 .debug_macro   0x0000000000000000       0xbe ./Src/02-HAL/00-ENCODER/ENCODER_program.o
 .group         0x0000000000000000        0xc ./Src/02-HAL/00-ENCODER/LED_program.o
 .group         0x0000000000000000        0xc ./Src/02-HAL/00-ENCODER/LED_program.o
 .group         0x0000000000000000        0xc ./Src/02-HAL/00-ENCODER/LED_program.o
 .group         0x0000000000000000        0xc ./Src/02-HAL/00-ENCODER/LED_program.o
 .group         0x0000000000000000        0xc ./Src/02-HAL/00-ENCODER/LED_program.o
 .text          0x0000000000000000        0x0 ./Src/02-HAL/00-ENCODER/LED_program.o
 .data          0x0000000000000000        0x0 ./Src/02-HAL/00-ENCODER/LED_program.o
 .bss           0x0000000000000000        0x0 ./Src/02-HAL/00-ENCODER/LED_program.o
 .debug_macro   0x0000000000000000      0xa7e ./Src/02-HAL/00-ENCODER/LED_program.o
 .debug_macro   0x0000000000000000       0x28 ./Src/02-HAL/00-ENCODER/LED_program.o
 .debug_macro   0x0000000000000000       0x76 ./Src/02-HAL/00-ENCODER/LED_program.o
 .debug_macro   0x0000000000000000       0x34 ./Src/02-HAL/00-ENCODER/LED_program.o
 .debug_macro   0x0000000000000000       0x22 ./Src/02-HAL/00-ENCODER/LED_program.o
 .group         0x0000000000000000        0xc ./Src/main.o
 .group         0x0000000000000000        0xc ./Src/main.o
 .group         0x0000000000000000        0xc ./Src/main.o
 .group         0x0000000000000000        0xc ./Src/main.o
 .group         0x0000000000000000        0xc ./Src/main.o
 .group         0x0000000000000000        0xc ./Src/main.o
 .group         0x0000000000000000        0xc ./Src/main.o
 .group         0x0000000000000000        0xc ./Src/main.o
 .group         0x0000000000000000        0xc ./Src/main.o
 .group         0x0000000000000000        0xc ./Src/main.o
 .group         0x0000000000000000        0xc ./Src/main.o
 .group         0x0000000000000000        0xc ./Src/main.o
 .text          0x0000000000000000        0x0 ./Src/main.o
 .data          0x0000000000000000        0x0 ./Src/main.o
 .bss           0x0000000000000000        0x0 ./Src/main.o
 .rodata        0x0000000000000000        0xc ./Src/main.o
 .text.USART_Init
                0x0000000000000000       0x38 ./Src/main.o
 .debug_macro   0x0000000000000000      0xa7e ./Src/main.o
 .debug_macro   0x0000000000000000       0x28 ./Src/main.o
 .debug_macro   0x0000000000000000       0x76 ./Src/main.o
 .debug_macro   0x0000000000000000       0x22 ./Src/main.o
 .debug_macro   0x0000000000000000       0x34 ./Src/main.o
 .debug_macro   0x0000000000000000       0xbe ./Src/main.o
 .group         0x0000000000000000        0xc ./Src/syscalls.o
 .group         0x0000000000000000        0xc ./Src/syscalls.o
 .group         0x0000000000000000        0xc ./Src/syscalls.o
 .group         0x0000000000000000        0xc ./Src/syscalls.o
 .group         0x0000000000000000        0xc ./Src/syscalls.o
 .group         0x0000000000000000        0xc ./Src/syscalls.o
 .group         0x0000000000000000        0xc ./Src/syscalls.o
 .group         0x0000000000000000        0xc ./Src/syscalls.o
 .group         0x0000000000000000        0xc ./Src/syscalls.o
 .group         0x0000000000000000        0xc ./Src/syscalls.o
 .group         0x0000000000000000        0xc ./Src/syscalls.o
 .group         0x0000000000000000        0xc ./Src/syscalls.o
 .group         0x0000000000000000        0xc ./Src/syscalls.o
 .group         0x0000000000000000        0xc ./Src/syscalls.o
 .group         0x0000000000000000        0xc ./Src/syscalls.o
 .group         0x0000000000000000        0xc ./Src/syscalls.o
 .group         0x0000000000000000        0xc ./Src/syscalls.o
 .group         0x0000000000000000        0xc ./Src/syscalls.o
 .group         0x0000000000000000        0xc ./Src/syscalls.o
 .group         0x0000000000000000        0xc ./Src/syscalls.o
 .group         0x0000000000000000        0xc ./Src/syscalls.o
 .group         0x0000000000000000        0xc ./Src/syscalls.o
 .group         0x0000000000000000        0xc ./Src/syscalls.o
 .group         0x0000000000000000        0xc ./Src/syscalls.o
 .group         0x0000000000000000        0xc ./Src/syscalls.o
 .group         0x0000000000000000        0xc ./Src/syscalls.o
 .group         0x0000000000000000        0xc ./Src/syscalls.o
 .group         0x0000000000000000        0xc ./Src/syscalls.o
 .group         0x0000000000000000        0xc ./Src/syscalls.o
 .group         0x0000000000000000        0xc ./Src/syscalls.o
 .group         0x0000000000000000        0xc ./Src/syscalls.o
 .group         0x0000000000000000        0xc ./Src/syscalls.o
 .group         0x0000000000000000        0xc ./Src/syscalls.o
 .group         0x0000000000000000        0xc ./Src/syscalls.o
 .group         0x0000000000000000        0xc ./Src/syscalls.o
 .group         0x0000000000000000        0xc ./Src/syscalls.o
 .group         0x0000000000000000        0xc ./Src/syscalls.o
 .group         0x0000000000000000        0xc ./Src/syscalls.o
 .group         0x0000000000000000        0xc ./Src/syscalls.o
 .group         0x0000000000000000        0xc ./Src/syscalls.o
 .group         0x0000000000000000        0xc ./Src/syscalls.o
 .group         0x0000000000000000        0xc ./Src/syscalls.o
 .group         0x0000000000000000        0xc ./Src/syscalls.o
 .group         0x0000000000000000        0xc ./Src/syscalls.o
 .group         0x0000000000000000        0xc ./Src/syscalls.o
 .group         0x0000000000000000        0xc ./Src/syscalls.o
 .group         0x0000000000000000        0xc ./Src/syscalls.o
 .text          0x0000000000000000        0x0 ./Src/syscalls.o
 .data          0x0000000000000000        0x0 ./Src/syscalls.o
 .bss           0x0000000000000000        0x0 ./Src/syscalls.o
 .bss.__env     0x0000000000000000        0x4 ./Src/syscalls.o
 .data.environ  0x0000000000000000        0x4 ./Src/syscalls.o
 .text.initialise_monitor_handles
                0x0000000000000000        0xe ./Src/syscalls.o
 .text._getpid  0x0000000000000000       0x10 ./Src/syscalls.o
 .text._kill    0x0000000000000000       0x20 ./Src/syscalls.o
 .text._exit    0x0000000000000000       0x14 ./Src/syscalls.o
 .text._read    0x0000000000000000       0x3a ./Src/syscalls.o
 .text._write   0x0000000000000000       0x38 ./Src/syscalls.o
 .text._close   0x0000000000000000       0x18 ./Src/syscalls.o
 .text._fstat   0x0000000000000000       0x20 ./Src/syscalls.o
 .text._isatty  0x0000000000000000       0x16 ./Src/syscalls.o
 .text._lseek   0x0000000000000000       0x1a ./Src/syscalls.o
 .text._open    0x0000000000000000       0x1c ./Src/syscalls.o
 .text._wait    0x0000000000000000       0x1e ./Src/syscalls.o
 .text._unlink  0x0000000000000000       0x1e ./Src/syscalls.o
 .text._times   0x0000000000000000       0x18 ./Src/syscalls.o
 .text._stat    0x0000000000000000       0x20 ./Src/syscalls.o
 .text._link    0x0000000000000000       0x20 ./Src/syscalls.o
 .text._fork    0x0000000000000000       0x16 ./Src/syscalls.o
 .text._execve  0x0000000000000000       0x22 ./Src/syscalls.o
 .debug_info    0x0000000000000000      0x6e0 ./Src/syscalls.o
 .debug_abbrev  0x0000000000000000      0x1b3 ./Src/syscalls.o
 .debug_aranges
                0x0000000000000000       0xa8 ./Src/syscalls.o
 .debug_ranges  0x0000000000000000       0x98 ./Src/syscalls.o
 .debug_macro   0x0000000000000000      0x24c ./Src/syscalls.o
 .debug_macro   0x0000000000000000      0xa7e ./Src/syscalls.o
 .debug_macro   0x0000000000000000       0x22 ./Src/syscalls.o
 .debug_macro   0x0000000000000000       0x4c ./Src/syscalls.o
 .debug_macro   0x0000000000000000       0x1e ./Src/syscalls.o
 .debug_macro   0x0000000000000000       0x94 ./Src/syscalls.o
 .debug_macro   0x0000000000000000       0x3c ./Src/syscalls.o
 .debug_macro   0x0000000000000000       0x34 ./Src/syscalls.o
 .debug_macro   0x0000000000000000       0x57 ./Src/syscalls.o
 .debug_macro   0x0000000000000000      0x174 ./Src/syscalls.o
 .debug_macro   0x0000000000000000      0x341 ./Src/syscalls.o
 .debug_macro   0x0000000000000000       0x16 ./Src/syscalls.o
 .debug_macro   0x0000000000000000       0x43 ./Src/syscalls.o
 .debug_macro   0x0000000000000000       0x34 ./Src/syscalls.o
 .debug_macro   0x0000000000000000       0x10 ./Src/syscalls.o
 .debug_macro   0x0000000000000000       0x58 ./Src/syscalls.o
 .debug_macro   0x0000000000000000       0x71 ./Src/syscalls.o
 .debug_macro   0x0000000000000000       0x1c ./Src/syscalls.o
 .debug_macro   0x0000000000000000      0x12a ./Src/syscalls.o
 .debug_macro   0x0000000000000000       0x10 ./Src/syscalls.o
 .debug_macro   0x0000000000000000       0x35 ./Src/syscalls.o
 .debug_macro   0x0000000000000000       0x10 ./Src/syscalls.o
 .debug_macro   0x0000000000000000       0x10 ./Src/syscalls.o
 .debug_macro   0x0000000000000000       0x10 ./Src/syscalls.o
 .debug_macro   0x0000000000000000       0x6a ./Src/syscalls.o
 .debug_macro   0x0000000000000000       0x1c ./Src/syscalls.o
 .debug_macro   0x0000000000000000       0x52 ./Src/syscalls.o
 .debug_macro   0x0000000000000000       0x22 ./Src/syscalls.o
 .debug_macro   0x0000000000000000       0x10 ./Src/syscalls.o
 .debug_macro   0x0000000000000000       0x52 ./Src/syscalls.o
 .debug_macro   0x0000000000000000       0xd5 ./Src/syscalls.o
 .debug_macro   0x0000000000000000       0x1c ./Src/syscalls.o
 .debug_macro   0x0000000000000000       0x3d ./Src/syscalls.o
 .debug_macro   0x0000000000000000       0x35 ./Src/syscalls.o
 .debug_macro   0x0000000000000000      0x12c ./Src/syscalls.o
 .debug_macro   0x0000000000000000       0x16 ./Src/syscalls.o
 .debug_macro   0x0000000000000000       0x16 ./Src/syscalls.o
 .debug_macro   0x0000000000000000       0x29 ./Src/syscalls.o
 .debug_macro   0x0000000000000000       0x10 ./Src/syscalls.o
 .debug_macro   0x0000000000000000      0x241 ./Src/syscalls.o
 .debug_macro   0x0000000000000000       0x1c ./Src/syscalls.o
 .debug_macro   0x0000000000000000       0x10 ./Src/syscalls.o
 .debug_macro   0x0000000000000000       0x10 ./Src/syscalls.o
 .debug_macro   0x0000000000000000       0x16 ./Src/syscalls.o
 .debug_macro   0x0000000000000000      0x145 ./Src/syscalls.o
 .debug_macro   0x0000000000000000      0x189 ./Src/syscalls.o
 .debug_macro   0x0000000000000000       0x16 ./Src/syscalls.o
 .debug_macro   0x0000000000000000       0xce ./Src/syscalls.o
 .debug_line    0x0000000000000000      0x7f9 ./Src/syscalls.o
 .debug_str     0x0000000000000000     0x8a78 ./Src/syscalls.o
 .comment       0x0000000000000000       0x51 ./Src/syscalls.o
 .debug_frame   0x0000000000000000      0x2ac ./Src/syscalls.o
 .ARM.attributes
                0x0000000000000000       0x34 ./Src/syscalls.o
 .group         0x0000000000000000        0xc ./Src/sysmem.o
 .group         0x0000000000000000        0xc ./Src/sysmem.o
 .group         0x0000000000000000        0xc ./Src/sysmem.o
 .group         0x0000000000000000        0xc ./Src/sysmem.o
 .group         0x0000000000000000        0xc ./Src/sysmem.o
 .group         0x0000000000000000        0xc ./Src/sysmem.o
 .group         0x0000000000000000        0xc ./Src/sysmem.o
 .group         0x0000000000000000        0xc ./Src/sysmem.o
 .group         0x0000000000000000        0xc ./Src/sysmem.o
 .group         0x0000000000000000        0xc ./Src/sysmem.o
 .group         0x0000000000000000        0xc ./Src/sysmem.o
 .group         0x0000000000000000        0xc ./Src/sysmem.o
 .group         0x0000000000000000        0xc ./Src/sysmem.o
 .group         0x0000000000000000        0xc ./Src/sysmem.o
 .group         0x0000000000000000        0xc ./Src/sysmem.o
 .group         0x0000000000000000        0xc ./Src/sysmem.o
 .group         0x0000000000000000        0xc ./Src/sysmem.o
 .group         0x0000000000000000        0xc ./Src/sysmem.o
 .group         0x0000000000000000        0xc ./Src/sysmem.o
 .group         0x0000000000000000        0xc ./Src/sysmem.o
 .group         0x0000000000000000        0xc ./Src/sysmem.o
 .group         0x0000000000000000        0xc ./Src/sysmem.o
 .text          0x0000000000000000        0x0 ./Src/sysmem.o
 .data          0x0000000000000000        0x0 ./Src/sysmem.o
 .bss           0x0000000000000000        0x0 ./Src/sysmem.o
 .bss.__sbrk_heap_end
                0x0000000000000000        0x4 ./Src/sysmem.o
 .text._sbrk    0x0000000000000000       0x6c ./Src/sysmem.o
 .debug_info    0x0000000000000000      0x171 ./Src/sysmem.o
 .debug_abbrev  0x0000000000000000       0xbb ./Src/sysmem.o
 .debug_aranges
                0x0000000000000000       0x20 ./Src/sysmem.o
 .debug_ranges  0x0000000000000000       0x10 ./Src/sysmem.o
 .debug_macro   0x0000000000000000       0xff ./Src/sysmem.o
 .debug_macro   0x0000000000000000      0xa7e ./Src/sysmem.o
 .debug_macro   0x0000000000000000       0x10 ./Src/sysmem.o
 .debug_macro   0x0000000000000000       0x22 ./Src/sysmem.o
 .debug_macro   0x0000000000000000       0x4c ./Src/sysmem.o
 .debug_macro   0x0000000000000000       0x1e ./Src/sysmem.o
 .debug_macro   0x0000000000000000       0x94 ./Src/sysmem.o
 .debug_macro   0x0000000000000000       0x3c ./Src/sysmem.o
 .debug_macro   0x0000000000000000       0x34 ./Src/sysmem.o
 .debug_macro   0x0000000000000000      0x174 ./Src/sysmem.o
 .debug_macro   0x0000000000000000       0x16 ./Src/sysmem.o
 .debug_macro   0x0000000000000000       0x43 ./Src/sysmem.o
 .debug_macro   0x0000000000000000       0x57 ./Src/sysmem.o
 .debug_macro   0x0000000000000000       0x34 ./Src/sysmem.o
 .debug_macro   0x0000000000000000       0x10 ./Src/sysmem.o
 .debug_macro   0x0000000000000000       0x58 ./Src/sysmem.o
 .debug_macro   0x0000000000000000       0x71 ./Src/sysmem.o
 .debug_macro   0x0000000000000000       0x1c ./Src/sysmem.o
 .debug_macro   0x0000000000000000      0x12a ./Src/sysmem.o
 .debug_macro   0x0000000000000000      0x23b ./Src/sysmem.o
 .debug_macro   0x0000000000000000      0x103 ./Src/sysmem.o
 .debug_macro   0x0000000000000000       0x6a ./Src/sysmem.o
 .debug_macro   0x0000000000000000      0x1df ./Src/sysmem.o
 .debug_line    0x0000000000000000      0x4ef ./Src/sysmem.o
 .debug_str     0x0000000000000000     0x5db4 ./Src/sysmem.o
 .comment       0x0000000000000000       0x51 ./Src/sysmem.o
 .debug_frame   0x0000000000000000       0x34 ./Src/sysmem.o
 .ARM.attributes
                0x0000000000000000       0x34 ./Src/sysmem.o
 .text          0x0000000000000000       0x14 ./Startup/startup_stm32f401ccux.o
 .data          0x0000000000000000        0x0 ./Startup/startup_stm32f401ccux.o
 .bss           0x0000000000000000        0x0 ./Startup/startup_stm32f401ccux.o
 .text          0x0000000000000000        0x0 c:/st/stm32cubeide_1.10.1/stm32cubeide/plugins/com.st.stm32cube.ide.mcu.externaltools.gnu-tools-for-stm32.10.3-2021.10.win32_1.0.100.202210260954/tools/bin/../lib/gcc/arm-none-eabi/10.3.1/../../../../arm-none-eabi/lib/thumb/v7e-m+fp/hard\libc_nano.a(lib_a-errno.o)
 .data          0x0000000000000000        0x0 c:/st/stm32cubeide_1.10.1/stm32cubeide/plugins/com.st.stm32cube.ide.mcu.externaltools.gnu-tools-for-stm32.10.3-2021.10.win32_1.0.100.202210260954/tools/bin/../lib/gcc/arm-none-eabi/10.3.1/../../../../arm-none-eabi/lib/thumb/v7e-m+fp/hard\libc_nano.a(lib_a-errno.o)
 .bss           0x0000000000000000        0x0 c:/st/stm32cubeide_1.10.1/stm32cubeide/plugins/com.st.stm32cube.ide.mcu.externaltools.gnu-tools-for-stm32.10.3-2021.10.win32_1.0.100.202210260954/tools/bin/../lib/gcc/arm-none-eabi/10.3.1/../../../../arm-none-eabi/lib/thumb/v7e-m+fp/hard\libc_nano.a(lib_a-errno.o)
 .text.__errno  0x0000000000000000        0xc c:/st/stm32cubeide_1.10.1/stm32cubeide/plugins/com.st.stm32cube.ide.mcu.externaltools.gnu-tools-for-stm32.10.3-2021.10.win32_1.0.100.202210260954/tools/bin/../lib/gcc/arm-none-eabi/10.3.1/../../../../arm-none-eabi/lib/thumb/v7e-m+fp/hard\libc_nano.a(lib_a-errno.o)
 .debug_frame   0x0000000000000000       0x20 c:/st/stm32cubeide_1.10.1/stm32cubeide/plugins/com.st.stm32cube.ide.mcu.externaltools.gnu-tools-for-stm32.10.3-2021.10.win32_1.0.100.202210260954/tools/bin/../lib/gcc/arm-none-eabi/10.3.1/../../../../arm-none-eabi/lib/thumb/v7e-m+fp/hard\libc_nano.a(lib_a-errno.o)
 .ARM.attributes
                0x0000000000000000       0x34 c:/st/stm32cubeide_1.10.1/stm32cubeide/plugins/com.st.stm32cube.ide.mcu.externaltools.gnu-tools-for-stm32.10.3-2021.10.win32_1.0.100.202210260954/tools/bin/../lib/gcc/arm-none-eabi/10.3.1/../../../../arm-none-eabi/lib/thumb/v7e-m+fp/hard\libc_nano.a(lib_a-errno.o)
 .text          0x0000000000000000        0x0 c:/st/stm32cubeide_1.10.1/stm32cubeide/plugins/com.st.stm32cube.ide.mcu.externaltools.gnu-tools-for-stm32.10.3-2021.10.win32_1.0.100.202210260954/tools/bin/../lib/gcc/arm-none-eabi/10.3.1/../../../../arm-none-eabi/lib/thumb/v7e-m+fp/hard\libc_nano.a(lib_a-exit.o)
 .data          0x0000000000000000        0x0 c:/st/stm32cubeide_1.10.1/stm32cubeide/plugins/com.st.stm32cube.ide.mcu.externaltools.gnu-tools-for-stm32.10.3-2021.10.win32_1.0.100.202210260954/tools/bin/../lib/gcc/arm-none-eabi/10.3.1/../../../../arm-none-eabi/lib/thumb/v7e-m+fp/hard\libc_nano.a(lib_a-exit.o)
 .bss           0x0000000000000000        0x0 c:/st/stm32cubeide_1.10.1/stm32cubeide/plugins/com.st.stm32cube.ide.mcu.externaltools.gnu-tools-for-stm32.10.3-2021.10.win32_1.0.100.202210260954/tools/bin/../lib/gcc/arm-none-eabi/10.3.1/../../../../arm-none-eabi/lib/thumb/v7e-m+fp/hard\libc_nano.a(lib_a-exit.o)
 .text.exit     0x0000000000000000       0x28 c:/st/stm32cubeide_1.10.1/stm32cubeide/plugins/com.st.stm32cube.ide.mcu.externaltools.gnu-tools-for-stm32.10.3-2021.10.win32_1.0.100.202210260954/tools/bin/../lib/gcc/arm-none-eabi/10.3.1/../../../../arm-none-eabi/lib/thumb/v7e-m+fp/hard\libc_nano.a(lib_a-exit.o)
 .debug_frame   0x0000000000000000       0x28 c:/st/stm32cubeide_1.10.1/stm32cubeide/plugins/com.st.stm32cube.ide.mcu.externaltools.gnu-tools-for-stm32.10.3-2021.10.win32_1.0.100.202210260954/tools/bin/../lib/gcc/arm-none-eabi/10.3.1/../../../../arm-none-eabi/lib/thumb/v7e-m+fp/hard\libc_nano.a(lib_a-exit.o)
 .ARM.attributes
                0x0000000000000000       0x34 c:/st/stm32cubeide_1.10.1/stm32cubeide/plugins/com.st.stm32cube.ide.mcu.externaltools.gnu-tools-for-stm32.10.3-2021.10.win32_1.0.100.202210260954/tools/bin/../lib/gcc/arm-none-eabi/10.3.1/../../../../arm-none-eabi/lib/thumb/v7e-m+fp/hard\libc_nano.a(lib_a-exit.o)
 .text          0x0000000000000000        0x0 c:/st/stm32cubeide_1.10.1/stm32cubeide/plugins/com.st.stm32cube.ide.mcu.externaltools.gnu-tools-for-stm32.10.3-2021.10.win32_1.0.100.202210260954/tools/bin/../lib/gcc/arm-none-eabi/10.3.1/../../../../arm-none-eabi/lib/thumb/v7e-m+fp/hard\libc_nano.a(lib_a-impure.o)
 .data          0x0000000000000000        0x0 c:/st/stm32cubeide_1.10.1/stm32cubeide/plugins/com.st.stm32cube.ide.mcu.externaltools.gnu-tools-for-stm32.10.3-2021.10.win32_1.0.100.202210260954/tools/bin/../lib/gcc/arm-none-eabi/10.3.1/../../../../arm-none-eabi/lib/thumb/v7e-m+fp/hard\libc_nano.a(lib_a-impure.o)
 .bss           0x0000000000000000        0x0 c:/st/stm32cubeide_1.10.1/stm32cubeide/plugins/com.st.stm32cube.ide.mcu.externaltools.gnu-tools-for-stm32.10.3-2021.10.win32_1.0.100.202210260954/tools/bin/../lib/gcc/arm-none-eabi/10.3.1/../../../../arm-none-eabi/lib/thumb/v7e-m+fp/hard\libc_nano.a(lib_a-impure.o)
 .data._impure_ptr
                0x0000000000000000        0x4 c:/st/stm32cubeide_1.10.1/stm32cubeide/plugins/com.st.stm32cube.ide.mcu.externaltools.gnu-tools-for-stm32.10.3-2021.10.win32_1.0.100.202210260954/tools/bin/../lib/gcc/arm-none-eabi/10.3.1/../../../../arm-none-eabi/lib/thumb/v7e-m+fp/hard\libc_nano.a(lib_a-impure.o)
 .data.impure_data
                0x0000000000000000       0x60 c:/st/stm32cubeide_1.10.1/stm32cubeide/plugins/com.st.stm32cube.ide.mcu.externaltools.gnu-tools-for-stm32.10.3-2021.10.win32_1.0.100.202210260954/tools/bin/../lib/gcc/arm-none-eabi/10.3.1/../../../../arm-none-eabi/lib/thumb/v7e-m+fp/hard\libc_nano.a(lib_a-impure.o)
 .rodata._global_impure_ptr
                0x0000000000000000        0x4 c:/st/stm32cubeide_1.10.1/stm32cubeide/plugins/com.st.stm32cube.ide.mcu.externaltools.gnu-tools-for-stm32.10.3-2021.10.win32_1.0.100.202210260954/tools/bin/../lib/gcc/arm-none-eabi/10.3.1/../../../../arm-none-eabi/lib/thumb/v7e-m+fp/hard\libc_nano.a(lib_a-impure.o)
 .ARM.attributes
                0x0000000000000000       0x34 c:/st/stm32cubeide_1.10.1/stm32cubeide/plugins/com.st.stm32cube.ide.mcu.externaltools.gnu-tools-for-stm32.10.3-2021.10.win32_1.0.100.202210260954/tools/bin/../lib/gcc/arm-none-eabi/10.3.1/../../../../arm-none-eabi/lib/thumb/v7e-m+fp/hard\libc_nano.a(lib_a-impure.o)
 .text          0x0000000000000000        0x0 c:/st/stm32cubeide_1.10.1/stm32cubeide/plugins/com.st.stm32cube.ide.mcu.externaltools.gnu-tools-for-stm32.10.3-2021.10.win32_1.0.100.202210260954/tools/bin/../lib/gcc/arm-none-eabi/10.3.1/../../../../arm-none-eabi/lib/thumb/v7e-m+fp/hard\libc_nano.a(lib_a-init.o)
 .data          0x0000000000000000        0x0 c:/st/stm32cubeide_1.10.1/stm32cubeide/plugins/com.st.stm32cube.ide.mcu.externaltools.gnu-tools-for-stm32.10.3-2021.10.win32_1.0.100.202210260954/tools/bin/../lib/gcc/arm-none-eabi/10.3.1/../../../../arm-none-eabi/lib/thumb/v7e-m+fp/hard\libc_nano.a(lib_a-init.o)
 .bss           0x0000000000000000        0x0 c:/st/stm32cubeide_1.10.1/stm32cubeide/plugins/com.st.stm32cube.ide.mcu.externaltools.gnu-tools-for-stm32.10.3-2021.10.win32_1.0.100.202210260954/tools/bin/../lib/gcc/arm-none-eabi/10.3.1/../../../../arm-none-eabi/lib/thumb/v7e-m+fp/hard\libc_nano.a(lib_a-init.o)
 .text          0x0000000000000000        0x0 c:/st/stm32cubeide_1.10.1/stm32cubeide/plugins/com.st.stm32cube.ide.mcu.externaltools.gnu-tools-for-stm32.10.3-2021.10.win32_1.0.100.202210260954/tools/bin/../lib/gcc/arm-none-eabi/10.3.1/../../../../arm-none-eabi/lib/thumb/v7e-m+fp/hard\libc_nano.a(lib_a-memset.o)
 .data          0x0000000000000000        0x0 c:/st/stm32cubeide_1.10.1/stm32cubeide/plugins/com.st.stm32cube.ide.mcu.externaltools.gnu-tools-for-stm32.10.3-2021.10.win32_1.0.100.202210260954/tools/bin/../lib/gcc/arm-none-eabi/10.3.1/../../../../arm-none-eabi/lib/thumb/v7e-m+fp/hard\libc_nano.a(lib_a-memset.o)
 .bss           0x0000000000000000        0x0 c:/st/stm32cubeide_1.10.1/stm32cubeide/plugins/com.st.stm32cube.ide.mcu.externaltools.gnu-tools-for-stm32.10.3-2021.10.win32_1.0.100.202210260954/tools/bin/../lib/gcc/arm-none-eabi/10.3.1/../../../../arm-none-eabi/lib/thumb/v7e-m+fp/hard\libc_nano.a(lib_a-memset.o)
 .text.memset   0x0000000000000000       0x10 c:/st/stm32cubeide_1.10.1/stm32cubeide/plugins/com.st.stm32cube.ide.mcu.externaltools.gnu-tools-for-stm32.10.3-2021.10.win32_1.0.100.202210260954/tools/bin/../lib/gcc/arm-none-eabi/10.3.1/../../../../arm-none-eabi/lib/thumb/v7e-m+fp/hard\libc_nano.a(lib_a-memset.o)
 .debug_frame   0x0000000000000000       0x20 c:/st/stm32cubeide_1.10.1/stm32cubeide/plugins/com.st.stm32cube.ide.mcu.externaltools.gnu-tools-for-stm32.10.3-2021.10.win32_1.0.100.202210260954/tools/bin/../lib/gcc/arm-none-eabi/10.3.1/../../../../arm-none-eabi/lib/thumb/v7e-m+fp/hard\libc_nano.a(lib_a-memset.o)
 .ARM.attributes
                0x0000000000000000       0x34 c:/st/stm32cubeide_1.10.1/stm32cubeide/plugins/com.st.stm32cube.ide.mcu.externaltools.gnu-tools-for-stm32.10.3-2021.10.win32_1.0.100.202210260954/tools/bin/../lib/gcc/arm-none-eabi/10.3.1/../../../../arm-none-eabi/lib/thumb/v7e-m+fp/hard\libc_nano.a(lib_a-memset.o)
 .text          0x0000000000000000      0x254 c:/st/stm32cubeide_1.10.1/stm32cubeide/plugins/com.st.stm32cube.ide.mcu.externaltools.gnu-tools-for-stm32.10.3-2021.10.win32_1.0.100.202210260954/tools/bin/../lib/gcc/arm-none-eabi/10.3.1/thumb/v7e-m+fp/hard\libgcc.a(_arm_muldf3.o)
 .data          0x0000000000000000        0x0 c:/st/stm32cubeide_1.10.1/stm32cubeide/plugins/com.st.stm32cube.ide.mcu.externaltools.gnu-tools-for-stm32.10.3-2021.10.win32_1.0.100.202210260954/tools/bin/../lib/gcc/arm-none-eabi/10.3.1/thumb/v7e-m+fp/hard\libgcc.a(_arm_muldf3.o)
 .bss           0x0000000000000000        0x0 c:/st/stm32cubeide_1.10.1/stm32cubeide/plugins/com.st.stm32cube.ide.mcu.externaltools.gnu-tools-for-stm32.10.3-2021.10.win32_1.0.100.202210260954/tools/bin/../lib/gcc/arm-none-eabi/10.3.1/thumb/v7e-m+fp/hard\libgcc.a(_arm_muldf3.o)
 .debug_frame   0x0000000000000000       0x30 c:/st/stm32cubeide_1.10.1/stm32cubeide/plugins/com.st.stm32cube.ide.mcu.externaltools.gnu-tools-for-stm32.10.3-2021.10.win32_1.0.100.202210260954/tools/bin/../lib/gcc/arm-none-eabi/10.3.1/thumb/v7e-m+fp/hard\libgcc.a(_arm_muldf3.o)
 .ARM.attributes
                0x0000000000000000       0x1e c:/st/stm32cubeide_1.10.1/stm32cubeide/plugins/com.st.stm32cube.ide.mcu.externaltools.gnu-tools-for-stm32.10.3-2021.10.win32_1.0.100.202210260954/tools/bin/../lib/gcc/arm-none-eabi/10.3.1/thumb/v7e-m+fp/hard\libgcc.a(_arm_muldf3.o)
 .text          0x0000000000000000      0x378 c:/st/stm32cubeide_1.10.1/stm32cubeide/plugins/com.st.stm32cube.ide.mcu.externaltools.gnu-tools-for-stm32.10.3-2021.10.win32_1.0.100.202210260954/tools/bin/../lib/gcc/arm-none-eabi/10.3.1/thumb/v7e-m+fp/hard\libgcc.a(_arm_addsubdf3.o)
 .data          0x0000000000000000        0x0 c:/st/stm32cubeide_1.10.1/stm32cubeide/plugins/com.st.stm32cube.ide.mcu.externaltools.gnu-tools-for-stm32.10.3-2021.10.win32_1.0.100.202210260954/tools/bin/../lib/gcc/arm-none-eabi/10.3.1/thumb/v7e-m+fp/hard\libgcc.a(_arm_addsubdf3.o)
 .bss           0x0000000000000000        0x0 c:/st/stm32cubeide_1.10.1/stm32cubeide/plugins/com.st.stm32cube.ide.mcu.externaltools.gnu-tools-for-stm32.10.3-2021.10.win32_1.0.100.202210260954/tools/bin/../lib/gcc/arm-none-eabi/10.3.1/thumb/v7e-m+fp/hard\libgcc.a(_arm_addsubdf3.o)
 .debug_frame   0x0000000000000000       0xac c:/st/stm32cubeide_1.10.1/stm32cubeide/plugins/com.st.stm32cube.ide.mcu.externaltools.gnu-tools-for-stm32.10.3-2021.10.win32_1.0.100.202210260954/tools/bin/../lib/gcc/arm-none-eabi/10.3.1/thumb/v7e-m+fp/hard\libgcc.a(_arm_addsubdf3.o)
 .ARM.attributes
                0x0000000000000000       0x1e c:/st/stm32cubeide_1.10.1/stm32cubeide/plugins/com.st.stm32cube.ide.mcu.externaltools.gnu-tools-for-stm32.10.3-2021.10.win32_1.0.100.202210260954/tools/bin/../lib/gcc/arm-none-eabi/10.3.1/thumb/v7e-m+fp/hard\libgcc.a(_arm_addsubdf3.o)
 .text          0x0000000000000000      0x424 c:/st/stm32cubeide_1.10.1/stm32cubeide/plugins/com.st.stm32cube.ide.mcu.externaltools.gnu-tools-for-stm32.10.3-2021.10.win32_1.0.100.202210260954/tools/bin/../lib/gcc/arm-none-eabi/10.3.1/thumb/v7e-m+fp/hard\libgcc.a(_arm_muldivdf3.o)
 .data          0x0000000000000000        0x0 c:/st/stm32cubeide_1.10.1/stm32cubeide/plugins/com.st.stm32cube.ide.mcu.externaltools.gnu-tools-for-stm32.10.3-2021.10.win32_1.0.100.202210260954/tools/bin/../lib/gcc/arm-none-eabi/10.3.1/thumb/v7e-m+fp/hard\libgcc.a(_arm_muldivdf3.o)
 .bss           0x0000000000000000        0x0 c:/st/stm32cubeide_1.10.1/stm32cubeide/plugins/com.st.stm32cube.ide.mcu.externaltools.gnu-tools-for-stm32.10.3-2021.10.win32_1.0.100.202210260954/tools/bin/../lib/gcc/arm-none-eabi/10.3.1/thumb/v7e-m+fp/hard\libgcc.a(_arm_muldivdf3.o)
 .debug_frame   0x0000000000000000       0x50 c:/st/stm32cubeide_1.10.1/stm32cubeide/plugins/com.st.stm32cube.ide.mcu.externaltools.gnu-tools-for-stm32.10.3-2021.10.win32_1.0.100.202210260954/tools/bin/../lib/gcc/arm-none-eabi/10.3.1/thumb/v7e-m+fp/hard\libgcc.a(_arm_muldivdf3.o)
 .ARM.attributes
                0x0000000000000000       0x1e c:/st/stm32cubeide_1.10.1/stm32cubeide/plugins/com.st.stm32cube.ide.mcu.externaltools.gnu-tools-for-stm32.10.3-2021.10.win32_1.0.100.202210260954/tools/bin/../lib/gcc/arm-none-eabi/10.3.1/thumb/v7e-m+fp/hard\libgcc.a(_arm_muldivdf3.o)
 .text          0x0000000000000000       0x50 c:/st/stm32cubeide_1.10.1/stm32cubeide/plugins/com.st.stm32cube.ide.mcu.externaltools.gnu-tools-for-stm32.10.3-2021.10.win32_1.0.100.202210260954/tools/bin/../lib/gcc/arm-none-eabi/10.3.1/thumb/v7e-m+fp/hard\libgcc.a(_arm_fixdfsi.o)
 .data          0x0000000000000000        0x0 c:/st/stm32cubeide_1.10.1/stm32cubeide/plugins/com.st.stm32cube.ide.mcu.externaltools.gnu-tools-for-stm32.10.3-2021.10.win32_1.0.100.202210260954/tools/bin/../lib/gcc/arm-none-eabi/10.3.1/thumb/v7e-m+fp/hard\libgcc.a(_arm_fixdfsi.o)
 .bss           0x0000000000000000        0x0 c:/st/stm32cubeide_1.10.1/stm32cubeide/plugins/com.st.stm32cube.ide.mcu.externaltools.gnu-tools-for-stm32.10.3-2021.10.win32_1.0.100.202210260954/tools/bin/../lib/gcc/arm-none-eabi/10.3.1/thumb/v7e-m+fp/hard\libgcc.a(_arm_fixdfsi.o)
 .debug_frame   0x0000000000000000       0x24 c:/st/stm32cubeide_1.10.1/stm32cubeide/plugins/com.st.stm32cube.ide.mcu.externaltools.gnu-tools-for-stm32.10.3-2021.10.win32_1.0.100.202210260954/tools/bin/../lib/gcc/arm-none-eabi/10.3.1/thumb/v7e-m+fp/hard\libgcc.a(_arm_fixdfsi.o)
 .ARM.attributes
                0x0000000000000000       0x1e c:/st/stm32cubeide_1.10.1/stm32cubeide/plugins/com.st.stm32cube.ide.mcu.externaltools.gnu-tools-for-stm32.10.3-2021.10.win32_1.0.100.202210260954/tools/bin/../lib/gcc/arm-none-eabi/10.3.1/thumb/v7e-m+fp/hard\libgcc.a(_arm_fixdfsi.o)
 .text          0x0000000000000000       0x40 c:/st/stm32cubeide_1.10.1/stm32cubeide/plugins/com.st.stm32cube.ide.mcu.externaltools.gnu-tools-for-stm32.10.3-2021.10.win32_1.0.100.202210260954/tools/bin/../lib/gcc/arm-none-eabi/10.3.1/thumb/v7e-m+fp/hard\libgcc.a(_arm_fixunsdfsi.o)
 .data          0x0000000000000000        0x0 c:/st/stm32cubeide_1.10.1/stm32cubeide/plugins/com.st.stm32cube.ide.mcu.externaltools.gnu-tools-for-stm32.10.3-2021.10.win32_1.0.100.202210260954/tools/bin/../lib/gcc/arm-none-eabi/10.3.1/thumb/v7e-m+fp/hard\libgcc.a(_arm_fixunsdfsi.o)
 .bss           0x0000000000000000        0x0 c:/st/stm32cubeide_1.10.1/stm32cubeide/plugins/com.st.stm32cube.ide.mcu.externaltools.gnu-tools-for-stm32.10.3-2021.10.win32_1.0.100.202210260954/tools/bin/../lib/gcc/arm-none-eabi/10.3.1/thumb/v7e-m+fp/hard\libgcc.a(_arm_fixunsdfsi.o)
 .debug_frame   0x0000000000000000       0x24 c:/st/stm32cubeide_1.10.1/stm32cubeide/plugins/com.st.stm32cube.ide.mcu.externaltools.gnu-tools-for-stm32.10.3-2021.10.win32_1.0.100.202210260954/tools/bin/../lib/gcc/arm-none-eabi/10.3.1/thumb/v7e-m+fp/hard\libgcc.a(_arm_fixunsdfsi.o)
 .ARM.attributes
                0x0000000000000000       0x1e c:/st/stm32cubeide_1.10.1/stm32cubeide/plugins/com.st.stm32cube.ide.mcu.externaltools.gnu-tools-for-stm32.10.3-2021.10.win32_1.0.100.202210260954/tools/bin/../lib/gcc/arm-none-eabi/10.3.1/thumb/v7e-m+fp/hard\libgcc.a(_arm_fixunsdfsi.o)
 .text          0x0000000000000000       0xa0 c:/st/stm32cubeide_1.10.1/stm32cubeide/plugins/com.st.stm32cube.ide.mcu.externaltools.gnu-tools-for-stm32.10.3-2021.10.win32_1.0.100.202210260954/tools/bin/../lib/gcc/arm-none-eabi/10.3.1/thumb/v7e-m+fp/hard\libgcc.a(_arm_truncdfsf2.o)
 .data          0x0000000000000000        0x0 c:/st/stm32cubeide_1.10.1/stm32cubeide/plugins/com.st.stm32cube.ide.mcu.externaltools.gnu-tools-for-stm32.10.3-2021.10.win32_1.0.100.202210260954/tools/bin/../lib/gcc/arm-none-eabi/10.3.1/thumb/v7e-m+fp/hard\libgcc.a(_arm_truncdfsf2.o)
 .bss           0x0000000000000000        0x0 c:/st/stm32cubeide_1.10.1/stm32cubeide/plugins/com.st.stm32cube.ide.mcu.externaltools.gnu-tools-for-stm32.10.3-2021.10.win32_1.0.100.202210260954/tools/bin/../lib/gcc/arm-none-eabi/10.3.1/thumb/v7e-m+fp/hard\libgcc.a(_arm_truncdfsf2.o)
 .debug_frame   0x0000000000000000       0x24 c:/st/stm32cubeide_1.10.1/stm32cubeide/plugins/com.st.stm32cube.ide.mcu.externaltools.gnu-tools-for-stm32.10.3-2021.10.win32_1.0.100.202210260954/tools/bin/../lib/gcc/arm-none-eabi/10.3.1/thumb/v7e-m+fp/hard\libgcc.a(_arm_truncdfsf2.o)
 .ARM.attributes
                0x0000000000000000       0x1e c:/st/stm32cubeide_1.10.1/stm32cubeide/plugins/com.st.stm32cube.ide.mcu.externaltools.gnu-tools-for-stm32.10.3-2021.10.win32_1.0.100.202210260954/tools/bin/../lib/gcc/arm-none-eabi/10.3.1/thumb/v7e-m+fp/hard\libgcc.a(_arm_truncdfsf2.o)
 .text          0x0000000000000000        0x0 c:/st/stm32cubeide_1.10.1/stm32cubeide/plugins/com.st.stm32cube.ide.mcu.externaltools.gnu-tools-for-stm32.10.3-2021.10.win32_1.0.100.202210260954/tools/bin/../lib/gcc/arm-none-eabi/10.3.1/thumb/v7e-m+fp/hard/crtend.o
 .data          0x0000000000000000        0x0 c:/st/stm32cubeide_1.10.1/stm32cubeide/plugins/com.st.stm32cube.ide.mcu.externaltools.gnu-tools-for-stm32.10.3-2021.10.win32_1.0.100.202210260954/tools/bin/../lib/gcc/arm-none-eabi/10.3.1/thumb/v7e-m+fp/hard/crtend.o
 .bss           0x0000000000000000        0x0 c:/st/stm32cubeide_1.10.1/stm32cubeide/plugins/com.st.stm32cube.ide.mcu.externaltools.gnu-tools-for-stm32.10.3-2021.10.win32_1.0.100.202210260954/tools/bin/../lib/gcc/arm-none-eabi/10.3.1/thumb/v7e-m+fp/hard/crtend.o
 .rodata        0x0000000000000000       0x24 c:/st/stm32cubeide_1.10.1/stm32cubeide/plugins/com.st.stm32cube.ide.mcu.externaltools.gnu-tools-for-stm32.10.3-2021.10.win32_1.0.100.202210260954/tools/bin/../lib/gcc/arm-none-eabi/10.3.1/thumb/v7e-m+fp/hard/crtend.o
 .eh_frame      0x0000000000000000        0x4 c:/st/stm32cubeide_1.10.1/stm32cubeide/plugins/com.st.stm32cube.ide.mcu.externaltools.gnu-tools-for-stm32.10.3-2021.10.win32_1.0.100.202210260954/tools/bin/../lib/gcc/arm-none-eabi/10.3.1/thumb/v7e-m+fp/hard/crtend.o
 .ARM.attributes
                0x0000000000000000       0x34 c:/st/stm32cubeide_1.10.1/stm32cubeide/plugins/com.st.stm32cube.ide.mcu.externaltools.gnu-tools-for-stm32.10.3-2021.10.win32_1.0.100.202210260954/tools/bin/../lib/gcc/arm-none-eabi/10.3.1/thumb/v7e-m+fp/hard/crtend.o
 .text          0x0000000000000000        0x0 c:/st/stm32cubeide_1.10.1/stm32cubeide/plugins/com.st.stm32cube.ide.mcu.externaltools.gnu-tools-for-stm32.10.3-2021.10.win32_1.0.100.202210260954/tools/bin/../lib/gcc/arm-none-eabi/10.3.1/thumb/v7e-m+fp/hard/crtn.o
 .data          0x0000000000000000        0x0 c:/st/stm32cubeide_1.10.1/stm32cubeide/plugins/com.st.stm32cube.ide.mcu.externaltools.gnu-tools-for-stm32.10.3-2021.10.win32_1.0.100.202210260954/tools/bin/../lib/gcc/arm-none-eabi/10.3.1/thumb/v7e-m+fp/hard/crtn.o
 .bss           0x0000000000000000        0x0 c:/st/stm32cubeide_1.10.1/stm32cubeide/plugins/com.st.stm32cube.ide.mcu.externaltools.gnu-tools-for-stm32.10.3-2021.10.win32_1.0.100.202210260954/tools/bin/../lib/gcc/arm-none-eabi/10.3.1/thumb/v7e-m+fp/hard/crtn.o

Memory Configuration

Name             Origin             Length             Attributes
RAM              0x0000000020000000 0x0000000000010000 xrw
FLASH            0x0000000008000000 0x0000000000040000 xr
*default*        0x0000000000000000 0xffffffffffffffff

Linker script and memory map

LOAD c:/st/stm32cubeide_1.10.1/stm32cubeide/plugins/com.st.stm32cube.ide.mcu.externaltools.gnu-tools-for-stm32.10.3-2021.10.win32_1.0.100.202210260954/tools/bin/../lib/gcc/arm-none-eabi/10.3.1/thumb/v7e-m+fp/hard/crti.o
LOAD c:/st/stm32cubeide_1.10.1/stm32cubeide/plugins/com.st.stm32cube.ide.mcu.externaltools.gnu-tools-for-stm32.10.3-2021.10.win32_1.0.100.202210260954/tools/bin/../lib/gcc/arm-none-eabi/10.3.1/thumb/v7e-m+fp/hard/crtbegin.o
LOAD c:/st/stm32cubeide_1.10.1/stm32cubeide/plugins/com.st.stm32cube.ide.mcu.externaltools.gnu-tools-for-stm32.10.3-2021.10.win32_1.0.100.202210260954/tools/bin/../lib/gcc/arm-none-eabi/10.3.1/../../../../arm-none-eabi/lib/thumb/v7e-m+fp/hard/crt0.o
LOAD ./Src/00-LIB/Software_Delay.o
LOAD ./Src/01-MCAL/00-RCC/RCC_program.o
LOAD ./Src/01-MCAL/01-PORT/PORT_program.o
LOAD ./Src/01-MCAL/02-GPIO/GPIO_program.o
LOAD ./Src/01-MCAL/03-EXTI/EXTI_program.o
LOAD ./Src/01-MCAL/04-NVIC/NVIC_program.o
LOAD ./Src/01-MCAL/05-SYSTICK/STK_program.o
LOAD ./Src/01-MCAL/06-USART/USART_program.o
LOAD ./Src/01-MCAL/07-PWM/PWM_program.o
LOAD ./Src/02-HAL/00-ENCODER/ENCODER_program.o
LOAD ./Src/02-HAL/00-ENCODER/LED_program.o
LOAD ./Src/main.o
LOAD ./Src/syscalls.o
LOAD ./Src/sysmem.o
LOAD ./Startup/startup_stm32f401ccux.o
START GROUP
LOAD c:/st/stm32cubeide_1.10.1/stm32cubeide/plugins/com.st.stm32cube.ide.mcu.externaltools.gnu-tools-for-stm32.10.3-2021.10.win32_1.0.100.202210260954/tools/bin/../lib/gcc/arm-none-eabi/10.3.1/../../../../arm-none-eabi/lib/thumb/v7e-m+fp/hard\libc_nano.a
LOAD c:/st/stm32cubeide_1.10.1/stm32cubeide/plugins/com.st.stm32cube.ide.mcu.externaltools.gnu-tools-for-stm32.10.3-2021.10.win32_1.0.100.202210260954/tools/bin/../lib/gcc/arm-none-eabi/10.3.1/../../../../arm-none-eabi/lib/thumb/v7e-m+fp/hard\libm.a
END GROUP
START GROUP
LOAD c:/st/stm32cubeide_1.10.1/stm32cubeide/plugins/com.st.stm32cube.ide.mcu.externaltools.gnu-tools-for-stm32.10.3-2021.10.win32_1.0.100.202210260954/tools/bin/../lib/gcc/arm-none-eabi/10.3.1/thumb/v7e-m+fp/hard\libgcc.a
LOAD c:/st/stm32cubeide_1.10.1/stm32cubeide/plugins/com.st.stm32cube.ide.mcu.externaltools.gnu-tools-for-stm32.10.3-2021.10.win32_1.0.100.202210260954/tools/bin/../lib/gcc/arm-none-eabi/10.3.1/../../../../arm-none-eabi/lib/thumb/v7e-m+fp/hard\libc_nano.a
END GROUP
START GROUP
LOAD c:/st/stm32cubeide_1.10.1/stm32cubeide/plugins/com.st.stm32cube.ide.mcu.externaltools.gnu-tools-for-stm32.10.3-2021.10.win32_1.0.100.202210260954/tools/bin/../lib/gcc/arm-none-eabi/10.3.1/thumb/v7e-m+fp/hard\libgcc.a
LOAD c:/st/stm32cubeide_1.10.1/stm32cubeide/plugins/com.st.stm32cube.ide.mcu.externaltools.gnu-tools-for-stm32.10.3-2021.10.win32_1.0.100.202210260954/tools/bin/../lib/gcc/arm-none-eabi/10.3.1/../../../../arm-none-eabi/lib/thumb/v7e-m+fp/hard\libc_nano.a
LOAD c:/st/stm32cubeide_1.10.1/stm32cubeide/plugins/com.st.stm32cube.ide.mcu.externaltools.gnu-tools-for-stm32.10.3-2021.10.win32_1.0.100.202210260954/tools/bin/../lib/gcc/arm-none-eabi/10.3.1/../../../../arm-none-eabi/lib/thumb/v7e-m+fp/hard\libnosys.a
END GROUP
START GROUP
LOAD c:/st/stm32cubeide_1.10.1/stm32cubeide/plugins/com.st.stm32cube.ide.mcu.externaltools.gnu-tools-for-stm32.10.3-2021.10.win32_1.0.100.202210260954/tools/bin/../lib/gcc/arm-none-eabi/10.3.1/thumb/v7e-m+fp/hard\libgcc.a
LOAD c:/st/stm32cubeide_1.10.1/stm32cubeide/plugins/com.st.stm32cube.ide.mcu.externaltools.gnu-tools-for-stm32.10.3-2021.10.win32_1.0.100.202210260954/tools/bin/../lib/gcc/arm-none-eabi/10.3.1/../../../../arm-none-eabi/lib/thumb/v7e-m+fp/hard\libc_nano.a
LOAD c:/st/stm32cubeide_1.10.1/stm32cubeide/plugins/com.st.stm32cube.ide.mcu.externaltools.gnu-tools-for-stm32.10.3-2021.10.win32_1.0.100.202210260954/tools/bin/../lib/gcc/arm-none-eabi/10.3.1/../../../../arm-none-eabi/lib/thumb/v7e-m+fp/hard\libnosys.a
END GROUP
LOAD c:/st/stm32cubeide_1.10.1/stm32cubeide/plugins/com.st.stm32cube.ide.mcu.externaltools.gnu-tools-for-stm32.10.3-2021.10.win32_1.0.100.202210260954/tools/bin/../lib/gcc/arm-none-eabi/10.3.1/thumb/v7e-m+fp/hard/crtend.o
LOAD c:/st/stm32cubeide_1.10.1/stm32cubeide/plugins/com.st.stm32cube.ide.mcu.externaltools.gnu-tools-for-stm32.10.3-2021.10.win32_1.0.100.202210260954/tools/bin/../lib/gcc/arm-none-eabi/10.3.1/thumb/v7e-m+fp/hard/crtn.o
                0x0000000020010000                _estack = (ORIGIN (RAM) + LENGTH (RAM))
                0x0000000000000200                _Min_Heap_Size = 0x200
                0x0000000000000400                _Min_Stack_Size = 0x400

.isr_vector     0x0000000008000000      0x194
                0x0000000008000000                . = ALIGN (0x4)
 *(.isr_vector)
 .isr_vector    0x0000000008000000      0x194 ./Startup/startup_stm32f401ccux.o
                0x0000000008000000                g_pfnVectors
                0x0000000008000194                . = ALIGN (0x4)

.text           0x0000000008000194      0xdac
                0x0000000008000194                . = ALIGN (0x4)
 *(.text)
 .text          0x0000000008000194       0x40 c:/st/stm32cubeide_1.10.1/stm32cubeide/plugins/com.st.stm32cube.ide.mcu.externaltools.gnu-tools-for-stm32.10.3-2021.10.win32_1.0.100.202210260954/tools/bin/../lib/gcc/arm-none-eabi/10.3.1/thumb/v7e-m+fp/hard/crtbegin.o
 *(.text*)
 .text.RCC_voidSystemClockInit
                0x00000000080001d4       0x9c ./Src/01-MCAL/00-RCC/RCC_program.o
                0x00000000080001d4                RCC_voidSystemClockInit
 .text.RCC_voidPeripheralClockEnable
                0x0000000008000270       0xac ./Src/01-MCAL/00-RCC/RCC_program.o
                0x0000000008000270                RCC_voidPeripheralClockEnable
 .text.PORT_voidInit
                0x000000000800031c      0x110 ./Src/01-MCAL/01-PORT/PORT_program.o
                0x000000000800031c                PORT_voidInit
 .text.GPIO_SetPinValue
                0x000000000800042c       0xbc ./Src/01-MCAL/02-GPIO/GPIO_program.o
                0x000000000800042c                GPIO_SetPinValue
 .text.GPIO_GetPinValue
                0x00000000080004e8       0xa8 ./Src/01-MCAL/02-GPIO/GPIO_program.o
                0x00000000080004e8                GPIO_GetPinValue
 .text.EXTI_voidInit
                0x0000000008000590       0x70 ./Src/01-MCAL/03-EXTI/EXTI_program.o
                0x0000000008000590                EXTI_voidInit
 .text.EXTI_voidSetCallBack
                0x0000000008000600       0x28 ./Src/01-MCAL/03-EXTI/EXTI_program.o
                0x0000000008000600                EXTI_voidSetCallBack
 .text.EXTI0_IRQHandler
                0x0000000008000628       0x24 ./Src/01-MCAL/03-EXTI/EXTI_program.o
                0x0000000008000628                EXTI0_IRQHandler
 .text.EXTI1_IRQHandler
                0x000000000800064c       0x24 ./Src/01-MCAL/03-EXTI/EXTI_program.o
                0x000000000800064c                EXTI1_IRQHandler
 .text.EXTI2_IRQHandler
                0x0000000008000670       0x24 ./Src/01-MCAL/03-EXTI/EXTI_program.o
                0x0000000008000670                EXTI2_IRQHandler
 .text.EXTI3_IRQHandler
                0x0000000008000694       0x24 ./Src/01-MCAL/03-EXTI/EXTI_program.o
                0x0000000008000694                EXTI3_IRQHandler
 .text.EXTI4_IRQHandler
                0x00000000080006b8       0x24 ./Src/01-MCAL/03-EXTI/EXTI_program.o
                0x00000000080006b8                EXTI4_IRQHandler
 .text.NVIC_voidEnableInterrupt
                0x00000000080006dc       0x38 ./Src/01-MCAL/04-NVIC/NVIC_program.o
                0x00000000080006dc                NVIC_voidEnableInterrupt
 .text.SysTick_Handler
                0x0000000008000714       0x5c ./Src/01-MCAL/05-SYSTICK/STK_program.o
                0x0000000008000714                SysTick_Handler
 .text.USART1_IRQHandler
                0x0000000008000770       0x1c ./Src/01-MCAL/06-USART/USART_program.o
                0x0000000008000770                USART1_IRQHandler
 .text.USART2_IRQHandler
                0x000000000800078c       0x1c ./Src/01-MCAL/06-USART/USART_program.o
                0x000000000800078c                USART2_IRQHandler
 .text.USART6_IRQHandler
                0x00000000080007a8       0x1c ./Src/01-MCAL/06-USART/USART_program.o
                0x00000000080007a8                USART6_IRQHandler
 .text.PWM_voidInit
                0x00000000080007c4      0x2fc ./Src/01-MCAL/07-PWM/PWM_program.o
                0x00000000080007c4                PWM_voidInit
 .text.Encoder_init
                0x0000000008000ac0       0xaa ./Src/02-HAL/00-ENCODER/ENCODER_program.o
                0x0000000008000ac0                Encoder_init
 *fill*         0x0000000008000b6a        0x2 
 .text.Encoder_Forward
                0x0000000008000b6c       0x80 ./Src/02-HAL/00-ENCODER/ENCODER_program.o
                0x0000000008000b6c                Encoder_Forward
 .text.Encoder_Backward
                0x0000000008000bec       0x80 ./Src/02-HAL/00-ENCODER/ENCODER_program.o
                0x0000000008000bec                Encoder_Backward
 .text.LED_Status
                0x0000000008000c6c       0x26 ./Src/02-HAL/00-ENCODER/LED_program.o
                0x0000000008000c6c                LED_Status
 *fill*         0x0000000008000c92        0x2 
 .text.forward_1
                0x0000000008000c94       0x14 ./Src/main.o
                0x0000000008000c94                forward_1
 .text.backward_1
                0x0000000008000ca8       0x14 ./Src/main.o
                0x0000000008000ca8                backward_1
 .text.forward_2
                0x0000000008000cbc       0x14 ./Src/main.o
                0x0000000008000cbc                forward_2
 .text.backward_2
                0x0000000008000cd0       0x14 ./Src/main.o
                0x0000000008000cd0                backward_2
 .text.main     0x0000000008000ce4       0x38 ./Src/main.o
                0x0000000008000ce4                main
 .text.RCC_Init
                0x0000000008000d1c       0x44 ./Src/main.o
                0x0000000008000d1c                RCC_Init
 .text.SPEED_1_init
                0x0000000008000d60       0x3a ./Src/main.o
                0x0000000008000d60                SPEED_1_init
 .text.SPEED_2_init
                0x0000000008000d9a       0x3a ./Src/main.o
                0x0000000008000d9a                SPEED_2_init
 .text.Encoder_1_init
                0x0000000008000dd4       0x5c ./Src/main.o
                0x0000000008000dd4                Encoder_1_init
 .text.Encoder_2_init
                0x0000000008000e30       0x5c ./Src/main.o
                0x0000000008000e30                Encoder_2_init
 .text.Reset_Handler
                0x0000000008000e8c       0x50 ./Startup/startup_stm32f401ccux.o
                0x0000000008000e8c                Reset_Handler
 .text.Default_Handler
                0x0000000008000edc        0x2 ./Startup/startup_stm32f401ccux.o
                0x0000000008000edc                DebugMon_Handler
                0x0000000008000edc                SPI4_IRQHandler
                0x0000000008000edc                TIM1_CC_IRQHandler
                0x0000000008000edc                DMA2_Stream5_IRQHandler
                0x0000000008000edc                HardFault_Handler
                0x0000000008000edc                DMA1_Stream5_IRQHandler
                0x0000000008000edc                SDIO_IRQHandler
                0x0000000008000edc                TAMP_STAMP_IRQHandler
                0x0000000008000edc                PendSV_Handler
                0x0000000008000edc                NMI_Handler
                0x0000000008000edc                TIM1_UP_TIM10_IRQHandler
                0x0000000008000edc                I2C3_ER_IRQHandler
                0x0000000008000edc                EXTI18_OTG_FS_WKUP_IRQHandler
                0x0000000008000edc                I2C2_EV_IRQHandler
                0x0000000008000edc                DMA1_Stream2_IRQHandler
                0x0000000008000edc                UsageFault_Handler
                0x0000000008000edc                DMA2_Stream2_IRQHandler
                0x0000000008000edc                SPI1_IRQHandler
                0x0000000008000edc                TIM1_BRK_TIM9_IRQHandler
                0x0000000008000edc                DMA2_Stream3_IRQHandler
                0x0000000008000edc                DMA2_Stream0_IRQHandler
                0x0000000008000edc                TIM4_IRQHandler
                0x0000000008000edc                I2C1_EV_IRQHandler
                0x0000000008000edc                DMA1_Stream6_IRQHandler
                0x0000000008000edc                DMA1_Stream1_IRQHandler
                0x0000000008000edc                TIM3_IRQHandler
                0x0000000008000edc                RCC_IRQHandler
                0x0000000008000edc                Default_Handler
                0x0000000008000edc                EXTI15_10_IRQHandler
                0x0000000008000edc                ADC_IRQHandler
                0x0000000008000edc                DMA1_Stream7_IRQHandler
                0x0000000008000edc                TIM5_IRQHandler
                0x0000000008000edc                DMA2_Stream7_IRQHandler
                0x0000000008000edc                I2C3_EV_IRQHandler
                0x0000000008000edc                EXTI9_5_IRQHandler
                0x0000000008000edc                SPI2_IRQHandler
                0x0000000008000edc                MemManage_Handler
                0x0000000008000edc                DMA1_Stream0_IRQHandler
                0x0000000008000edc                SVC_Handler
                0x0000000008000edc                EXTI22_RTC_WKUP_IRQHandler
                0x0000000008000edc                TIM2_IRQHandler
                0x0000000008000edc                EXTI16_PVD_IRQHandler
                0x0000000008000edc                TIM1_TRG_COM_TIM11_IRQHandler
                0x0000000008000edc                EXTI17_RTC_Alarm_IRQHandler
                0x0000000008000edc                I2C2_ER_IRQHandler
                0x0000000008000edc                DMA2_Stream1_IRQHandler
                0x0000000008000edc                FLASH_IRQHandler
                0x0000000008000edc                DMA2_Stream4_IRQHandler
                0x0000000008000edc                BusFault_Handler
                0x0000000008000edc                OTG_FS_IRQHandler
                0x0000000008000edc                SPI3_IRQHandler
                0x0000000008000edc                DMA1_Stream4_IRQHandler
                0x0000000008000edc                I2C1_ER_IRQHandler
                0x0000000008000edc                DMA2_Stream6_IRQHandler
                0x0000000008000edc                DMA1_Stream3_IRQHandler
 *fill*         0x0000000008000ede        0x2 
 .text.__libc_init_array
                0x0000000008000ee0       0x48 c:/st/stm32cubeide_1.10.1/stm32cubeide/plugins/com.st.stm32cube.ide.mcu.externaltools.gnu-tools-for-stm32.10.3-2021.10.win32_1.0.100.202210260954/tools/bin/../lib/gcc/arm-none-eabi/10.3.1/../../../../arm-none-eabi/lib/thumb/v7e-m+fp/hard\libc_nano.a(lib_a-init.o)
                0x0000000008000ee0                __libc_init_array
 *(.glue_7)
 .glue_7        0x0000000008000f28        0x0 linker stubs
 *(.glue_7t)
 .glue_7t       0x0000000008000f28        0x0 linker stubs
 *(.eh_frame)
 .eh_frame      0x0000000008000f28        0x0 c:/st/stm32cubeide_1.10.1/stm32cubeide/plugins/com.st.stm32cube.ide.mcu.externaltools.gnu-tools-for-stm32.10.3-2021.10.win32_1.0.100.202210260954/tools/bin/../lib/gcc/arm-none-eabi/10.3.1/thumb/v7e-m+fp/hard/crtbegin.o
 *(.init)
 .init          0x0000000008000f28        0x4 c:/st/stm32cubeide_1.10.1/stm32cubeide/plugins/com.st.stm32cube.ide.mcu.externaltools.gnu-tools-for-stm32.10.3-2021.10.win32_1.0.100.202210260954/tools/bin/../lib/gcc/arm-none-eabi/10.3.1/thumb/v7e-m+fp/hard/crti.o
                0x0000000008000f28                _init
 .init          0x0000000008000f2c        0x8 c:/st/stm32cubeide_1.10.1/stm32cubeide/plugins/com.st.stm32cube.ide.mcu.externaltools.gnu-tools-for-stm32.10.3-2021.10.win32_1.0.100.202210260954/tools/bin/../lib/gcc/arm-none-eabi/10.3.1/thumb/v7e-m+fp/hard/crtn.o
 *(.fini)
 .fini          0x0000000008000f34        0x4 c:/st/stm32cubeide_1.10.1/stm32cubeide/plugins/com.st.stm32cube.ide.mcu.externaltools.gnu-tools-for-stm32.10.3-2021.10.win32_1.0.100.202210260954/tools/bin/../lib/gcc/arm-none-eabi/10.3.1/thumb/v7e-m+fp/hard/crti.o
                0x0000000008000f34                _fini
 .fini          0x0000000008000f38        0x8 c:/st/stm32cubeide_1.10.1/stm32cubeide/plugins/com.st.stm32cube.ide.mcu.externaltools.gnu-tools-for-stm32.10.3-2021.10.win32_1.0.100.202210260954/tools/bin/../lib/gcc/arm-none-eabi/10.3.1/thumb/v7e-m+fp/hard/crtn.o
                0x0000000008000f40                . = ALIGN (0x4)
                0x0000000008000f40                _etext = .

.vfp11_veneer   0x0000000008000f40        0x0
 .vfp11_veneer  0x0000000008000f40        0x0 linker stubs

.v4_bx          0x0000000008000f40        0x0
 .v4_bx         0x0000000008000f40        0x0 linker stubs

.iplt           0x0000000008000f40        0x0
 .iplt          0x0000000008000f40        0x0 c:/st/stm32cubeide_1.10.1/stm32cubeide/plugins/com.st.stm32cube.ide.mcu.externaltools.gnu-tools-for-stm32.10.3-2021.10.win32_1.0.100.202210260954/tools/bin/../lib/gcc/arm-none-eabi/10.3.1/thumb/v7e-m+fp/hard/crtbegin.o

.rel.dyn        0x0000000008000f40        0x0
 .rel.iplt      0x0000000008000f40        0x0 c:/st/stm32cubeide_1.10.1/stm32cubeide/plugins/com.st.stm32cube.ide.mcu.externaltools.gnu-tools-for-stm32.10.3-2021.10.win32_1.0.100.202210260954/tools/bin/../lib/gcc/arm-none-eabi/10.3.1/thumb/v7e-m+fp/hard/crtbegin.o

.rodata         0x0000000008000f40        0x0
                0x0000000008000f40                . = ALIGN (0x4)
 *(.rodata)
 *(.rodata*)
                0x0000000008000f40                . = ALIGN (0x4)

.ARM.extab      0x0000000008000f40        0x0
                0x0000000008000f40                . = ALIGN (0x4)
 *(.ARM.extab* .gnu.linkonce.armextab.*)
                0x0000000008000f40                . = ALIGN (0x4)

.ARM            0x0000000008000f40        0x0
                0x0000000008000f40                . = ALIGN (0x4)
                0x0000000008000f40                __exidx_start = .
 *(.ARM.exidx*)
                0x0000000008000f40                __exidx_end = .
                0x0000000008000f40                . = ALIGN (0x4)

.preinit_array  0x0000000008000f40        0x0
                0x0000000008000f40                . = ALIGN (0x4)
                0x0000000008000f40                PROVIDE (__preinit_array_start = .)
 *(.preinit_array*)
                0x0000000008000f40                PROVIDE (__preinit_array_end = .)
                0x0000000008000f40                . = ALIGN (0x4)

.init_array     0x0000000008000f40        0x4
                0x0000000008000f40                . = ALIGN (0x4)
                0x0000000008000f40                PROVIDE (__init_array_start = .)
 *(SORT_BY_NAME(.init_array.*))
 *(.init_array*)
 .init_array    0x0000000008000f40        0x4 c:/st/stm32cubeide_1.10.1/stm32cubeide/plugins/com.st.stm32cube.ide.mcu.externaltools.gnu-tools-for-stm32.10.3-2021.10.win32_1.0.100.202210260954/tools/bin/../lib/gcc/arm-none-eabi/10.3.1/thumb/v7e-m+fp/hard/crtbegin.o
                0x0000000008000f44                PROVIDE (__init_array_end = .)
                0x0000000008000f44                . = ALIGN (0x4)

.fini_array     0x0000000008000f44        0x4
                0x0000000008000f44                . = ALIGN (0x4)
                [!provide]                        PROVIDE (__fini_array_start = .)
 *(SORT_BY_NAME(.fini_array.*))
 *(.fini_array*)
 .fini_array    0x0000000008000f44        0x4 c:/st/stm32cubeide_1.10.1/stm32cubeide/plugins/com.st.stm32cube.ide.mcu.externaltools.gnu-tools-for-stm32.10.3-2021.10.win32_1.0.100.202210260954/tools/bin/../lib/gcc/arm-none-eabi/10.3.1/thumb/v7e-m+fp/hard/crtbegin.o
                [!provide]                        PROVIDE (__fini_array_end = .)
                0x0000000008000f48                . = ALIGN (0x4)
                0x0000000008000f48                _sidata = LOADADDR (.data)

.data           0x0000000020000000        0x8 load address 0x0000000008000f48
                0x0000000020000000                . = ALIGN (0x4)
                0x0000000020000000                _sdata = .
 *(.data)
 *(.data*)
 .data.LED1     0x0000000020000000        0x3 ./Src/02-HAL/00-ENCODER/ENCODER_program.o
                0x0000000020000000                LED1
 *fill*         0x0000000020000003        0x1 
 .data.LED2     0x0000000020000004        0x3 ./Src/02-HAL/00-ENCODER/ENCODER_program.o
                0x0000000020000004                LED2
 *(.RamFunc)
 *(.RamFunc*)
                0x0000000020000008                . = ALIGN (0x4)
 *fill*         0x0000000020000007        0x1 
                0x0000000020000008                _edata = .

.igot.plt       0x0000000020000008        0x0 load address 0x0000000008000f50
 .igot.plt      0x0000000020000008        0x0 c:/st/stm32cubeide_1.10.1/stm32cubeide/plugins/com.st.stm32cube.ide.mcu.externaltools.gnu-tools-for-stm32.10.3-2021.10.win32_1.0.100.202210260954/tools/bin/../lib/gcc/arm-none-eabi/10.3.1/thumb/v7e-m+fp/hard/crtbegin.o
                0x0000000020000008                . = ALIGN (0x4)

.bss            0x0000000020000008       0xf0 load address 0x0000000008000f50
                0x0000000020000008                _sbss = .
                0x0000000020000008                __bss_start__ = _sbss
 *(.bss)
 .bss           0x0000000020000008       0x1c c:/st/stm32cubeide_1.10.1/stm32cubeide/plugins/com.st.stm32cube.ide.mcu.externaltools.gnu-tools-for-stm32.10.3-2021.10.win32_1.0.100.202210260954/tools/bin/../lib/gcc/arm-none-eabi/10.3.1/thumb/v7e-m+fp/hard/crtbegin.o
 *(.bss*)
 .bss.EXTI_CallBack
                0x0000000020000024       0x40 ./Src/01-MCAL/03-EXTI/EXTI_program.o
 .bss.STK_CallBack
                0x0000000020000064        0x4 ./Src/01-MCAL/05-SYSTICK/STK_program.o
 .bss.STK_u8ModeOFInterval
                0x0000000020000068        0x1 ./Src/01-MCAL/05-SYSTICK/STK_program.o
 *fill*         0x0000000020000069        0x3 
 .bss.USART1_CallBack
                0x000000002000006c        0x4 ./Src/01-MCAL/06-USART/USART_program.o
                0x000000002000006c                USART1_CallBack
 .bss.USART2_CallBack
                0x0000000020000070        0x4 ./Src/01-MCAL/06-USART/USART_program.o
                0x0000000020000070                USART2_CallBack
 .bss.USART6_CallBack
                0x0000000020000074        0x4 ./Src/01-MCAL/06-USART/USART_program.o
                0x0000000020000074                USART6_CallBack
 .bss.Timer3CH1
                0x0000000020000078        0x8 ./Src/main.o
                0x0000000020000078                Timer3CH1
 .bss.Timer3CH2
                0x0000000020000080        0x8 ./Src/main.o
                0x0000000020000080                Timer3CH2
 .bss.Encoder_1
                0x0000000020000088       0x38 ./Src/main.o
                0x0000000020000088                Encoder_1
 .bss.Encoder_2
                0x00000000200000c0       0x38 ./Src/main.o
                0x00000000200000c0                Encoder_2
 *(COMMON)
                0x00000000200000f8                . = ALIGN (0x4)
                0x00000000200000f8                _ebss = .
                0x00000000200000f8                __bss_end__ = _ebss

._user_heap_stack
                0x00000000200000f8      0x600 load address 0x0000000008000f50
                0x00000000200000f8                . = ALIGN (0x8)
                [!provide]                        PROVIDE (end = .)
                0x00000000200000f8                PROVIDE (_end = .)
                0x00000000200002f8                . = (. + _Min_Heap_Size)
 *fill*         0x00000000200000f8      0x200 
                0x00000000200006f8                . = (. + _Min_Stack_Size)
 *fill*         0x00000000200002f8      0x400 
                0x00000000200006f8                . = ALIGN (0x8)

/DISCARD/
 libc.a(*)
 libm.a(*)
 libgcc.a(*)

.ARM.attributes
                0x0000000000000000       0x30
 *(.ARM.attributes)
 .ARM.attributes
                0x0000000000000000       0x1e c:/st/stm32cubeide_1.10.1/stm32cubeide/plugins/com.st.stm32cube.ide.mcu.externaltools.gnu-tools-for-stm32.10.3-2021.10.win32_1.0.100.202210260954/tools/bin/../lib/gcc/arm-none-eabi/10.3.1/thumb/v7e-m+fp/hard/crti.o
 .ARM.attributes
                0x000000000000001e       0x34 c:/st/stm32cubeide_1.10.1/stm32cubeide/plugins/com.st.stm32cube.ide.mcu.externaltools.gnu-tools-for-stm32.10.3-2021.10.win32_1.0.100.202210260954/tools/bin/../lib/gcc/arm-none-eabi/10.3.1/thumb/v7e-m+fp/hard/crtbegin.o
 .ARM.attributes
                0x0000000000000052       0x34 ./Src/01-MCAL/00-RCC/RCC_program.o
 .ARM.attributes
                0x0000000000000086       0x34 ./Src/01-MCAL/01-PORT/PORT_program.o
 .ARM.attributes
                0x00000000000000ba       0x34 ./Src/01-MCAL/02-GPIO/GPIO_program.o
 .ARM.attributes
                0x00000000000000ee       0x34 ./Src/01-MCAL/03-EXTI/EXTI_program.o
 .ARM.attributes
                0x0000000000000122       0x34 ./Src/01-MCAL/04-NVIC/NVIC_program.o
 .ARM.attributes
                0x0000000000000156       0x34 ./Src/01-MCAL/05-SYSTICK/STK_program.o
 .ARM.attributes
                0x000000000000018a       0x34 ./Src/01-MCAL/06-USART/USART_program.o
 .ARM.attributes
                0x00000000000001be       0x34 ./Src/01-MCAL/07-PWM/PWM_program.o
 .ARM.attributes
                0x00000000000001f2       0x34 ./Src/02-HAL/00-ENCODER/ENCODER_program.o
 .ARM.attributes
                0x0000000000000226       0x34 ./Src/02-HAL/00-ENCODER/LED_program.o
 .ARM.attributes
                0x000000000000025a       0x34 ./Src/main.o
 .ARM.attributes
                0x000000000000028e       0x21 ./Startup/startup_stm32f401ccux.o
 .ARM.attributes
                0x00000000000002af       0x34 c:/st/stm32cubeide_1.10.1/stm32cubeide/plugins/com.st.stm32cube.ide.mcu.externaltools.gnu-tools-for-stm32.10.3-2021.10.win32_1.0.100.202210260954/tools/bin/../lib/gcc/arm-none-eabi/10.3.1/../../../../arm-none-eabi/lib/thumb/v7e-m+fp/hard\libc_nano.a(lib_a-init.o)
 .ARM.attributes
                0x00000000000002e3       0x1e c:/st/stm32cubeide_1.10.1/stm32cubeide/plugins/com.st.stm32cube.ide.mcu.externaltools.gnu-tools-for-stm32.10.3-2021.10.win32_1.0.100.202210260954/tools/bin/../lib/gcc/arm-none-eabi/10.3.1/thumb/v7e-m+fp/hard/crtn.o
OUTPUT(ENCODER.elf elf32-littlearm)
LOAD linker stubs
LOAD c:/st/stm32cubeide_1.10.1/stm32cubeide/plugins/com.st.stm32cube.ide.mcu.externaltools.gnu-tools-for-stm32.10.3-2021.10.win32_1.0.100.202210260954/tools/bin/../lib/gcc/arm-none-eabi/10.3.1/../../../../arm-none-eabi/lib/thumb/v7e-m+fp/hard\libc.a
LOAD c:/st/stm32cubeide_1.10.1/stm32cubeide/plugins/com.st.stm32cube.ide.mcu.externaltools.gnu-tools-for-stm32.10.3-2021.10.win32_1.0.100.202210260954/tools/bin/../lib/gcc/arm-none-eabi/10.3.1/../../../../arm-none-eabi/lib/thumb/v7e-m+fp/hard\libm.a
LOAD c:/st/stm32cubeide_1.10.1/stm32cubeide/plugins/com.st.stm32cube.ide.mcu.externaltools.gnu-tools-for-stm32.10.3-2021.10.win32_1.0.100.202210260954/tools/bin/../lib/gcc/arm-none-eabi/10.3.1/thumb/v7e-m+fp/hard\libgcc.a

.debug_info     0x0000000000000000     0x2c28
 .debug_info    0x0000000000000000      0x309 ./Src/01-MCAL/00-RCC/RCC_program.o
 .debug_info    0x0000000000000309       0x8e ./Src/01-MCAL/01-PORT/PORT_program.o
 .debug_info    0x0000000000000397      0x388 ./Src/01-MCAL/02-GPIO/GPIO_program.o
 .debug_info    0x000000000000071f      0x361 ./Src/01-MCAL/03-EXTI/EXTI_program.o
 .debug_info    0x0000000000000a80      0x566 ./Src/01-MCAL/04-NVIC/NVIC_program.o
 .debug_info    0x0000000000000fe6      0x28b ./Src/01-MCAL/05-SYSTICK/STK_program.o
 .debug_info    0x0000000000001271      0x541 ./Src/01-MCAL/06-USART/USART_program.o
 .debug_info    0x00000000000017b2      0x48a ./Src/01-MCAL/07-PWM/PWM_program.o
 .debug_info    0x0000000000001c3c      0x666 ./Src/02-HAL/00-ENCODER/ENCODER_program.o
 .debug_info    0x00000000000022a2      0x188 ./Src/02-HAL/00-ENCODER/LED_program.o
 .debug_info    0x000000000000242a      0x7dc ./Src/main.o
 .debug_info    0x0000000000002c06       0x22 ./Startup/startup_stm32f401ccux.o

.debug_abbrev   0x0000000000000000      0xc68
 .debug_abbrev  0x0000000000000000       0xe7 ./Src/01-MCAL/00-RCC/RCC_program.o
 .debug_abbrev  0x00000000000000e7       0x4b ./Src/01-MCAL/01-PORT/PORT_program.o
 .debug_abbrev  0x0000000000000132      0x115 ./Src/01-MCAL/02-GPIO/GPIO_program.o
 .debug_abbrev  0x0000000000000247      0x128 ./Src/01-MCAL/03-EXTI/EXTI_program.o
 .debug_abbrev  0x000000000000036f      0x167 ./Src/01-MCAL/04-NVIC/NVIC_program.o
 .debug_abbrev  0x00000000000004d6      0x152 ./Src/01-MCAL/05-SYSTICK/STK_program.o
 .debug_abbrev  0x0000000000000628      0x15a ./Src/01-MCAL/06-USART/USART_program.o
 .debug_abbrev  0x0000000000000782       0xed ./Src/01-MCAL/07-PWM/PWM_program.o
 .debug_abbrev  0x000000000000086f      0x172 ./Src/02-HAL/00-ENCODER/ENCODER_program.o
 .debug_abbrev  0x00000000000009e1       0xc7 ./Src/02-HAL/00-ENCODER/LED_program.o
 .debug_abbrev  0x0000000000000aa8      0x1ae ./Src/main.o
 .debug_abbrev  0x0000000000000c56       0x12 ./Startup/startup_stm32f401ccux.o

.debug_aranges  0x0000000000000000      0x350
 .debug_aranges
                0x0000000000000000       0x30 ./Src/01-MCAL/00-RCC/RCC_program.o
 .debug_aranges
                0x0000000000000030       0x20 ./Src/01-MCAL/01-PORT/PORT_program.o
 .debug_aranges
                0x0000000000000050       0x48 ./Src/01-MCAL/02-GPIO/GPIO_program.o
 .debug_aranges
                0x0000000000000098       0x78 ./Src/01-MCAL/03-EXTI/EXTI_program.o
 .debug_aranges
                0x0000000000000110       0x50 ./Src/01-MCAL/04-NVIC/NVIC_program.o
 .debug_aranges
                0x0000000000000160       0x60 ./Src/01-MCAL/05-SYSTICK/STK_program.o
 .debug_aranges
                0x00000000000001c0       0x78 ./Src/01-MCAL/06-USART/USART_program.o
 .debug_aranges
                0x0000000000000238       0x28 ./Src/01-MCAL/07-PWM/PWM_program.o
 .debug_aranges
                0x0000000000000260       0x38 ./Src/02-HAL/00-ENCODER/ENCODER_program.o
 .debug_aranges
                0x0000000000000298       0x20 ./Src/02-HAL/00-ENCODER/LED_program.o
 .debug_aranges
                0x00000000000002b8       0x70 ./Src/main.o
 .debug_aranges
                0x0000000000000328       0x28 ./Startup/startup_stm32f401ccux.o

.debug_ranges   0x0000000000000000      0x298
 .debug_ranges  0x0000000000000000       0x20 ./Src/01-MCAL/00-RCC/RCC_program.o
 .debug_ranges  0x0000000000000020       0x10 ./Src/01-MCAL/01-PORT/PORT_program.o
 .debug_ranges  0x0000000000000030       0x38 ./Src/01-MCAL/02-GPIO/GPIO_program.o
 .debug_ranges  0x0000000000000068       0x68 ./Src/01-MCAL/03-EXTI/EXTI_program.o
 .debug_ranges  0x00000000000000d0       0x40 ./Src/01-MCAL/04-NVIC/NVIC_program.o
 .debug_ranges  0x0000000000000110       0x50 ./Src/01-MCAL/05-SYSTICK/STK_program.o
 .debug_ranges  0x0000000000000160       0x68 ./Src/01-MCAL/06-USART/USART_program.o
 .debug_ranges  0x00000000000001c8       0x18 ./Src/01-MCAL/07-PWM/PWM_program.o
 .debug_ranges  0x00000000000001e0       0x28 ./Src/02-HAL/00-ENCODER/ENCODER_program.o
 .debug_ranges  0x0000000000000208       0x10 ./Src/02-HAL/00-ENCODER/LED_program.o
 .debug_ranges  0x0000000000000218       0x60 ./Src/main.o
 .debug_ranges  0x0000000000000278       0x20 ./Startup/startup_stm32f401ccux.o

.debug_macro    0x0000000000000000     0x179e
 .debug_macro   0x0000000000000000       0x3e ./Src/01-MCAL/00-RCC/RCC_program.o
 .debug_macro   0x000000000000003e       0x28 ./Src/01-MCAL/00-RCC/RCC_program.o
 .debug_macro   0x0000000000000066       0x76 ./Src/01-MCAL/00-RCC/RCC_program.o
 .debug_macro   0x00000000000000dc      0x2c2 ./Src/01-MCAL/00-RCC/RCC_program.o
 .debug_macro   0x000000000000039e       0x88 ./Src/01-MCAL/00-RCC/RCC_program.o
 .debug_macro   0x0000000000000426       0x22 ./Src/01-MCAL/00-RCC/RCC_program.o
 .debug_macro   0x0000000000000448       0x48 ./Src/01-MCAL/01-PORT/PORT_program.o
 .debug_macro   0x0000000000000490      0x30a ./Src/01-MCAL/01-PORT/PORT_program.o
 .debug_macro   0x000000000000079a      0x162 ./Src/01-MCAL/01-PORT/PORT_program.o
 .debug_macro   0x00000000000008fc      0x4fa ./Src/01-MCAL/01-PORT/PORT_program.o
 .debug_macro   0x0000000000000df6       0x35 ./Src/01-MCAL/02-GPIO/GPIO_program.o
 .debug_macro   0x0000000000000e2b       0x34 ./Src/01-MCAL/02-GPIO/GPIO_program.o
 .debug_macro   0x0000000000000e5f       0x28 ./Src/01-MCAL/02-GPIO/GPIO_program.o
 .debug_macro   0x0000000000000e87       0x3f ./Src/01-MCAL/03-EXTI/EXTI_program.o
 .debug_macro   0x0000000000000ec6       0x1c ./Src/01-MCAL/03-EXTI/EXTI_program.o
 .debug_macro   0x0000000000000ee2       0x16 ./Src/01-MCAL/03-EXTI/EXTI_program.o
 .debug_macro   0x0000000000000ef8       0x3f ./Src/01-MCAL/04-NVIC/NVIC_program.o
 .debug_macro   0x0000000000000f37       0x40 ./Src/01-MCAL/04-NVIC/NVIC_program.o
 .debug_macro   0x0000000000000f77       0x10 ./Src/01-MCAL/04-NVIC/NVIC_program.o
 .debug_macro   0x0000000000000f87       0x3f ./Src/01-MCAL/05-SYSTICK/STK_program.o
 .debug_macro   0x0000000000000fc6       0x10 ./Src/01-MCAL/05-SYSTICK/STK_program.o
 .debug_macro   0x0000000000000fd6       0x46 ./Src/01-MCAL/05-SYSTICK/STK_program.o
 .debug_macro   0x000000000000101c       0x3f ./Src/01-MCAL/06-USART/USART_program.o
 .debug_macro   0x000000000000105b       0xbe ./Src/01-MCAL/06-USART/USART_program.o
 .debug_macro   0x0000000000001119       0x10 ./Src/01-MCAL/06-USART/USART_program.o
 .debug_macro   0x0000000000001129       0x3f ./Src/01-MCAL/07-PWM/PWM_program.o
 .debug_macro   0x0000000000001168       0x48 ./Src/01-MCAL/07-PWM/PWM_program.o
 .debug_macro   0x00000000000011b0       0x22 ./Src/01-MCAL/07-PWM/PWM_program.o
 .debug_macro   0x00000000000011d2       0x66 ./Src/02-HAL/00-ENCODER/ENCODER_program.o
 .debug_macro   0x0000000000001238       0x22 ./Src/02-HAL/00-ENCODER/ENCODER_program.o
 .debug_macro   0x000000000000125a       0x35 ./Src/02-HAL/00-ENCODER/LED_program.o
 .debug_macro   0x000000000000128f       0xc2 ./Src/main.o
 .debug_macro   0x0000000000001351       0x22 ./Src/main.o
 .debug_macro   0x0000000000001373       0x8e ./Src/main.o
 .debug_macro   0x0000000000001401       0x51 ./Src/main.o
 .debug_macro   0x0000000000001452      0x103 ./Src/main.o
 .debug_macro   0x0000000000001555       0x6a ./Src/main.o
 .debug_macro   0x00000000000015bf      0x1df ./Src/main.o

.debug_line     0x0000000000000000     0x1cd8
 .debug_line    0x0000000000000000      0x17a ./Src/01-MCAL/00-RCC/RCC_program.o
 .debug_line    0x000000000000017a      0x143 ./Src/01-MCAL/01-PORT/PORT_program.o
 .debug_line    0x00000000000002bd      0x234 ./Src/01-MCAL/02-GPIO/GPIO_program.o
 .debug_line    0x00000000000004f1      0x25d ./Src/01-MCAL/03-EXTI/EXTI_program.o
 .debug_line    0x000000000000074e      0x227 ./Src/01-MCAL/04-NVIC/NVIC_program.o
 .debug_line    0x0000000000000975      0x235 ./Src/01-MCAL/05-SYSTICK/STK_program.o
 .debug_line    0x0000000000000baa      0x2ef ./Src/01-MCAL/06-USART/USART_program.o
 .debug_line    0x0000000000000e99      0x328 ./Src/01-MCAL/07-PWM/PWM_program.o
 .debug_line    0x00000000000011c1      0x326 ./Src/02-HAL/00-ENCODER/ENCODER_program.o
 .debug_line    0x00000000000014e7      0x108 ./Src/02-HAL/00-ENCODER/LED_program.o
 .debug_line    0x00000000000015ef      0x665 ./Src/main.o
 .debug_line    0x0000000000001c54       0x84 ./Startup/startup_stm32f401ccux.o

.debug_str      0x0000000000000000     0xa5cf
 .debug_str     0x0000000000000000     0x4056 ./Src/01-MCAL/00-RCC/RCC_program.o
                                       0x40d2 (size before relaxing)
 .debug_str     0x0000000000004056     0x3795 ./Src/01-MCAL/01-PORT/PORT_program.o
                                       0x686e (size before relaxing)
 .debug_str     0x00000000000077eb      0x340 ./Src/01-MCAL/02-GPIO/GPIO_program.o
                                       0x341e (size before relaxing)
 .debug_str     0x0000000000007b2b      0x341 ./Src/01-MCAL/03-EXTI/EXTI_program.o
                                       0x3427 (size before relaxing)
 .debug_str     0x0000000000007e6c      0x705 ./Src/01-MCAL/04-NVIC/NVIC_program.o
                                       0x37eb (size before relaxing)
 .debug_str     0x0000000000008571      0x2d9 ./Src/01-MCAL/05-SYSTICK/STK_program.o
                                       0x33b2 (size before relaxing)
 .debug_str     0x000000000000884a      0x8ca ./Src/01-MCAL/06-USART/USART_program.o
                                       0x39a3 (size before relaxing)
 .debug_str     0x0000000000009114      0x3c1 ./Src/01-MCAL/07-PWM/PWM_program.o
                                       0x34d8 (size before relaxing)
 .debug_str     0x00000000000094d5      0x202 ./Src/02-HAL/00-ENCODER/ENCODER_program.o
                                       0x3be4 (size before relaxing)
 .debug_str     0x00000000000096d7       0x42 ./Src/02-HAL/00-ENCODER/LED_program.o
                                       0x32eb (size before relaxing)
 .debug_str     0x0000000000009719      0xe85 ./Src/main.o
                                       0x49fa (size before relaxing)
 .debug_str     0x000000000000a59e       0x31 ./Startup/startup_stm32f401ccux.o
                                         0x73 (size before relaxing)

.comment        0x0000000000000000       0x50
 .comment       0x0000000000000000       0x50 ./Src/01-MCAL/00-RCC/RCC_program.o
                                         0x51 (size before relaxing)
 .comment       0x0000000000000050       0x51 ./Src/01-MCAL/01-PORT/PORT_program.o
 .comment       0x0000000000000050       0x51 ./Src/01-MCAL/02-GPIO/GPIO_program.o
 .comment       0x0000000000000050       0x51 ./Src/01-MCAL/03-EXTI/EXTI_program.o
 .comment       0x0000000000000050       0x51 ./Src/01-MCAL/04-NVIC/NVIC_program.o
 .comment       0x0000000000000050       0x51 ./Src/01-MCAL/05-SYSTICK/STK_program.o
 .comment       0x0000000000000050       0x51 ./Src/01-MCAL/06-USART/USART_program.o
 .comment       0x0000000000000050       0x51 ./Src/01-MCAL/07-PWM/PWM_program.o
 .comment       0x0000000000000050       0x51 ./Src/02-HAL/00-ENCODER/ENCODER_program.o
 .comment       0x0000000000000050       0x51 ./Src/02-HAL/00-ENCODER/LED_program.o
 .comment       0x0000000000000050       0x51 ./Src/main.o

.debug_frame    0x0000000000000000      0xa80
 .debug_frame   0x0000000000000000       0x80 ./Src/01-MCAL/00-RCC/RCC_program.o
 .debug_frame   0x0000000000000080       0x30 ./Src/01-MCAL/01-PORT/PORT_program.o
 .debug_frame   0x00000000000000b0      0x104 ./Src/01-MCAL/02-GPIO/GPIO_program.o
 .debug_frame   0x00000000000001b4      0x1b4 ./Src/01-MCAL/03-EXTI/EXTI_program.o
 .debug_frame   0x0000000000000368      0x120 ./Src/01-MCAL/04-NVIC/NVIC_program.o
 .debug_frame   0x0000000000000488      0x150 ./Src/01-MCAL/05-SYSTICK/STK_program.o
 .debug_frame   0x00000000000005d8      0x1c8 ./Src/01-MCAL/06-USART/USART_program.o
 .debug_frame   0x00000000000007a0       0x60 ./Src/01-MCAL/07-PWM/PWM_program.o
 .debug_frame   0x0000000000000800       0xb4 ./Src/02-HAL/00-ENCODER/ENCODER_program.o
 .debug_frame   0x00000000000008b4       0x34 ./Src/02-HAL/00-ENCODER/LED_program.o
 .debug_frame   0x00000000000008e8      0x16c ./Src/main.o
 .debug_frame   0x0000000000000a54       0x2c c:/st/stm32cubeide_1.10.1/stm32cubeide/plugins/com.st.stm32cube.ide.mcu.externaltools.gnu-tools-for-stm32.10.3-2021.10.win32_1.0.100.202210260954/tools/bin/../lib/gcc/arm-none-eabi/10.3.1/../../../../arm-none-eabi/lib/thumb/v7e-m+fp/hard\libc_nano.a(lib_a-init.o)
